Component: ARM Compiler 5.06 update 7 (build 960) Tool: armlink [4d3601]

==============================================================================

Section Cross References

    startup_stm32f407xx.o(RESET) refers to startup_stm32f407xx.o(STACK) for __initial_sp
    startup_stm32f407xx.o(RESET) refers to startup_stm32f407xx.o(.text) for Reset_Handler
    startup_stm32f407xx.o(RESET) refers to stm32f4xx_it.o(i.NMI_Handler) for NMI_Handler
    startup_stm32f407xx.o(RESET) refers to stm32f4xx_it.o(i.HardFault_Handler) for HardFault_Handler
    startup_stm32f407xx.o(RESET) refers to stm32f4xx_it.o(i.MemManage_Handler) for MemManage_Handler
    startup_stm32f407xx.o(RESET) refers to stm32f4xx_it.o(i.BusFault_Handler) for BusFault_Handler
    startup_stm32f407xx.o(RESET) refers to stm32f4xx_it.o(i.UsageFault_Handler) for UsageFault_Handler
    startup_stm32f407xx.o(RESET) refers to port.o(.emb_text) for SVC_Handler
    startup_stm32f407xx.o(RESET) refers to stm32f4xx_it.o(i.DebugMon_Handler) for DebugMon_Handler
    startup_stm32f407xx.o(RESET) refers to cmsis_os2.o(i.SysTick_Handler) for SysTick_Handler
    startup_stm32f407xx.o(RESET) refers to stm32f4xx_it.o(i.DMA1_Stream5_IRQHandler) for DMA1_Stream5_IRQHandler
    startup_stm32f407xx.o(RESET) refers to stm32f4xx_it.o(i.DMA1_Stream6_IRQHandler) for DMA1_Stream6_IRQHandler
    startup_stm32f407xx.o(RESET) refers to uart.o(i.USART1_IRQHandler) for USART1_IRQHandler
    startup_stm32f407xx.o(RESET) refers to stm32f4xx_it.o(i.USART2_IRQHandler) for USART2_IRQHandler
    startup_stm32f407xx.o(RESET) refers to stm32f4xx_it.o(i.USART3_IRQHandler) for USART3_IRQHandler
    startup_stm32f407xx.o(RESET) refers to stm32f4xx_it.o(i.TIM6_DAC_IRQHandler) for TIM6_DAC_IRQHandler
    startup_stm32f407xx.o(.text) refers to system_stm32f4xx.o(i.SystemInit) for SystemInit
    startup_stm32f407xx.o(.text) refers to entry.o(.ARM.Collect$$$$00000000) for __main
    uart.o(i.HAL_UART_RxCpltCallback) refers to uart.o(.data) for .data
    uart.o(i.HAL_UART_RxCpltCallback) refers to uart.o(.bss) for .bss
    uart.o(i.USART1_IRQHandler) refers to stm32f4xx_hal_uart.o(i.HAL_UART_IRQHandler) for HAL_UART_IRQHandler
    uart.o(i.USART1_IRQHandler) refers to stm32f4xx_hal_uart.o(i.HAL_UART_GetState) for HAL_UART_GetState
    uart.o(i.USART1_IRQHandler) refers to stm32f4xx_hal_uart.o(i.HAL_UART_Receive_IT) for HAL_UART_Receive_IT
    uart.o(i.USART1_IRQHandler) refers to usart.o(.bss) for huart1
    uart.o(i.USART1_IRQHandler) refers to uart.o(.data) for .data
    uart.o(i.fgetc) refers to stm32f4xx_hal_uart.o(i.HAL_UART_Receive) for HAL_UART_Receive
    uart.o(i.fgetc) refers to usart.o(.bss) for huart1
    uart.o(i.printk) refers to uart.o(i.inHandlerMode) for inHandlerMode
    uart.o(i.printk) refers to cmsis_os2.o(i.osThreadYield) for osThreadYield
    uart.o(i.printk) refers to stm32f4xx_hal_uart.o(i.HAL_UART_GetState) for HAL_UART_GetState
    uart.o(i.printk) refers to printfa.o(i.__0vsprintf) for vsprintf
    uart.o(i.printk) refers to strlen.o(.text) for strlen
    uart.o(i.printk) refers to stm32f4xx_hal_uart.o(i.HAL_UART_Transmit) for HAL_UART_Transmit
    uart.o(i.printk) refers to usart.o(.bss) for huart1
    main.o(i.HAL_TIM_PeriodElapsedCallback) refers to stm32f4xx_hal.o(i.HAL_IncTick) for HAL_IncTick
    main.o(i.SystemClock_Config) refers to memseta.o(.text) for __aeabi_memclr4
    main.o(i.SystemClock_Config) refers to stm32f4xx_hal_rcc.o(i.HAL_RCC_OscConfig) for HAL_RCC_OscConfig
    main.o(i.SystemClock_Config) refers to stm32f4xx_hal_rcc.o(i.HAL_RCC_ClockConfig) for HAL_RCC_ClockConfig
    main.o(i.SystemClock_Config) refers to stm32f4xx_hal_rcc.o(i.HAL_RCC_EnableCSS) for HAL_RCC_EnableCSS
    main.o(i.main) refers to stm32f4xx_hal.o(i.HAL_Init) for HAL_Init
    main.o(i.main) refers to main.o(i.SystemClock_Config) for SystemClock_Config
    main.o(i.main) refers to gpio.o(i.MX_GPIO_Init) for MX_GPIO_Init
    main.o(i.main) refers to dma.o(i.MX_DMA_Init) for MX_DMA_Init
    main.o(i.main) refers to usart.o(i.MX_USART1_UART_Init) for MX_USART1_UART_Init
    main.o(i.main) refers to usart.o(i.MX_USART2_UART_Init) for MX_USART2_UART_Init
    main.o(i.main) refers to usart.o(i.MX_USART3_UART_Init) for MX_USART3_UART_Init
    main.o(i.main) refers to tim.o(i.MX_TIM7_Init) for MX_TIM7_Init
    main.o(i.main) refers to cmsis_os2.o(i.osKernelInitialize) for osKernelInitialize
    main.o(i.main) refers to freertos.o(i.MX_FREERTOS_Init) for MX_FREERTOS_Init
    main.o(i.main) refers to cmsis_os2.o(i.osKernelStart) for osKernelStart
    gpio.o(i.MX_GPIO_Init) refers to memseta.o(.text) for __aeabi_memclr4
    gpio.o(i.MX_GPIO_Init) refers to stm32f4xx_hal_gpio.o(i.HAL_GPIO_WritePin) for HAL_GPIO_WritePin
    gpio.o(i.MX_GPIO_Init) refers to stm32f4xx_hal_gpio.o(i.HAL_GPIO_Init) for HAL_GPIO_Init
    freertos.o(i.MX_FREERTOS_Init) refers to stm32f4xx_hal_tim.o(i.HAL_TIM_Base_Start) for HAL_TIM_Base_Start
[...]
    i.xQueueGenericReset                     0x080054d4   Section        0  queue.o(i.xQueueGenericReset)
    i.xQueueGenericSend                      0x0800555c   Section        0  queue.o(i.xQueueGenericSend)
    i.xQueueGenericSendFromISR               0x080056bc   Section        0  queue.o(i.xQueueGenericSendFromISR)
    i.xQueueReceive                          0x0800577c   Section        0  queue.o(i.xQueueReceive)
    i.xTaskCheckForTimeOut                   0x080058b4   Section        0  tasks.o(i.xTaskCheckForTimeOut)
    i.xTaskCreate                            0x08005928   Section        0  tasks.o(i.xTaskCreate)
    i.xTaskCreateStatic                      0x08005982   Section        0  tasks.o(i.xTaskCreateStatic)
    i.xTaskGetSchedulerState                 0x080059d8   Section        0  tasks.o(i.xTaskGetSchedulerState)
    i.xTaskGetTickCount                      0x080059f4   Section        0  tasks.o(i.xTaskGetTickCount)
    i.xTaskGetTickCountFromISR               0x08005a00   Section        0  tasks.o(i.xTaskGetTickCountFromISR)
    i.xTaskIncrementTick                     0x08005a10   Section        0  tasks.o(i.xTaskIncrementTick)
    i.xTaskPriorityDisinherit                0x08005ad8   Section        0  tasks.o(i.xTaskPriorityDisinherit)
    i.xTaskRemoveFromEventList               0x08005b58   Section        0  tasks.o(i.xTaskRemoveFromEventList)
    i.xTaskResumeAll                         0x08005bc8   Section        0  tasks.o(i.xTaskResumeAll)
    i.xTimerCreate                           0x08005c8c   Section        0  timers.o(i.xTimerCreate)
    i.xTimerCreateTimerTask                  0x08005cc0   Section        0  timers.o(i.xTimerCreateTimerTask)
    i.xTimerGenericCommand                   0x08005d20   Section        0  timers.o(i.xTimerGenericCommand)
    i.xTimerPendFunctionCallFromISR          0x08005d88   Section        0  timers.o(i.xTimerPendFunctionCallFromISR)
    .constdata                               0x08005db0   Section       92  freertos.o(.constdata)
    .constdata                               0x08005e0c   Section        8  stm32f4xx_hal_dma.o(.constdata)
    flagBitshiftOffset                       0x08005e0c   Data           8  stm32f4xx_hal_dma.o(.constdata)
    .constdata                               0x08005e14   Section       16  system_stm32f4xx.o(.constdata)
    .constdata                               0x08005e24   Section        8  system_stm32f4xx.o(.constdata)
    .constdata                               0x08005e2c   Section      512  mbcrc.o(.constdata)
    aucCRCHi                                 0x08005e2c   Data         256  mbcrc.o(.constdata)
    aucCRCLo                                 0x08005f2c   Data         256  mbcrc.o(.constdata)
    .conststring                             0x0800602c   Section       22  freertos.o(.conststring)
    .data                                    0x20000000   Section        4  uart.o(.data)
    .data                                    0x20000004   Section        8  freertos.o(.data)
    .data                                    0x2000000c   Section       12  stm32f4xx_hal.o(.data)
    .data                                    0x20000018   Section        4  system_stm32f4xx.o(.data)
    .data                                    0x2000001c   Section       60  tasks.o(.data)
    uxDeletedTasksWaitingCleanUp             0x20000020   Data           4  tasks.o(.data)
    uxCurrentNumberOfTasks                   0x20000024   Data           4  tasks.o(.data)
    xTickCount                               0x20000028   Data           4  tasks.o(.data)
    uxTopReadyPriority                       0x2000002c   Data           4  tasks.o(.data)
    xSchedulerRunning                        0x20000030   Data           4  tasks.o(.data)
    xPendedTicks                             0x20000034   Data           4  tasks.o(.data)
    xYieldPending                            0x20000038   Data           4  tasks.o(.data)
    xNumOfOverflows                          0x2000003c   Data           4  tasks.o(.data)
    uxTaskNumber                             0x20000040   Data           4  tasks.o(.data)
    xNextTaskUnblockTime                     0x20000044   Data           4  tasks.o(.data)
    xIdleTaskHandle                          0x20000048   Data           4  tasks.o(.data)
    uxSchedulerSuspended                     0x2000004c   Data           4  tasks.o(.data)
    pxDelayedTaskList                        0x20000050   Data           4  tasks.o(.data)
    pxOverflowDelayedTaskList                0x20000054   Data           4  tasks.o(.data)
    .data                                    0x20000058   Section       20  timers.o(.data)
    xTimerQueue                              0x20000058   Data           4  timers.o(.data)
    xTimerTaskHandle                         0x2000005c   Data           4  timers.o(.data)
    xLastTime                                0x20000060   Data           4  timers.o(.data)
    pxCurrentTimerList                       0x20000064   Data           4  timers.o(.data)
    pxOverflowTimerList                      0x20000068   Data           4  timers.o(.data)
    .data                                    0x2000006c   Section        4  cmsis_os2.o(.data)
    KernelState                              0x2000006c   Data           4  cmsis_os2.o(.data)
    .data                                    0x20000070   Section       32  heap_4.o(.data)
    pxEnd                                    0x20000070   Data           4  heap_4.o(.data)
    xFreeBytesRemaining                      0x20000074   Data           4  heap_4.o(.data)
    xMinimumEverFreeBytesRemaining           0x20000078   Data           4  heap_4.o(.data)
    xNumberOfSuccessfulAllocations           0x2000007c   Data           4  heap_4.o(.data)
    xNumberOfSuccessfulFrees                 0x20000080   Data           4  heap_4.o(.data)
    xBlockAllocatedBit                       0x20000084   Data           4  heap_4.o(.data)
    xStart                                   0x20000088   Data           8  heap_4.o(.data)
    .data                                    0x20000090   Section       12  port.o(.data)
    ucMaxSysCallPriority                     0x20000090   Data           1  port.o(.data)
    uxCriticalNesting                        0x20000094   Data           4  port.o(.data)
    ulMaxPRIGROUPValue                       0x20000098   Data           4  port.o(.data)
    .data                                    0x2000009c   Section        2  mbfuncother.o(.data)
    usMBSlaveIDLen                           0x2000009c   Data           2  mbfuncother.o(.data)
    .data                                    0x200000a0   Section       12  mbrtu.o(.data)
    eSndState                                0x200000a0   Data           1  mbrtu.o(.data)
    eRcvState                                0x200000a1   Data           1  mbrtu.o(.data)
    usSndBufferCount                         0x200000a2   Data           2  mbrtu.o(.data)
    usRcvBufferPos                           0x200000a4   Data           2  mbrtu.o(.data)
    pucSndBufferCur                          0x200000a8   Data           4  mbrtu.o(.data)
    .data                                    0x200000ac   Section      172  mb.o(.data)
    eMBState                                 0x200000ac   Data           1  mb.o(.data)
    ucRcvAddress                             0x200000ad   Data           1  mb.o(.data)
    ucFunctionCode                           0x200000ae   Data           1  mb.o(.data)
    eException                               0x200000af   Data           1  mb.o(.data)
    ucMBAddress                              0x200000b0   Data           1  mb.o(.data)
    eMBCurrentMode                           0x200000b1   Data           1  mb.o(.data)
    usLength                                 0x200000b2   Data           2  mb.o(.data)
    ucMBFrame                                0x200000b4   Data           4  mb.o(.data)
    peMBFrameSendCur                         0x200000b8   Data           4  mb.o(.data)
    pvMBFrameStartCur                        0x200000bc   Data           4  mb.o(.data)
    pvMBFrameStopCur                         0x200000c0   Data           4  mb.o(.data)
    peMBFrameReceiveCur                      0x200000c4   Data           4  mb.o(.data)
    pvMBFrameCloseCur                        0x200000c8   Data           4  mb.o(.data)
    xFuncHandlers                            0x200000d8   Data         128  mb.o(.data)
    .data                                    0x20000158   Section       24  user_mb_app.o(.data)
    .data                                    0x20000170   Section        4  portevent.o(.data)
    xSlaveOsEvent                            0x20000170   Data           4  portevent.o(.data)
    .data                                    0x20000174   Section       24  portserial.o(.data)
    thread_serial_soft_trans_irq             0x20000174   Data           4  portserial.o(.data)
    event_serial                             0x2000017c   Data           4  portserial.o(.data)
    Slave_serial_rx_fifo                     0x20000184   Data           8  portserial.o(.data)
    .data                                    0x2000018c   Section        4  portserial.o(.data)
    .data                                    0x20000190   Section        4  porttimer.o(.data)
    timer                                    0x20000190   Data           4  porttimer.o(.data)
    .bss                                     0x20000194   Section      200  uart.o(.bss)
    .bss                                     0x2000025c   Section       72  tim.o(.bss)
    .bss                                     0x200002a4   Section      540  usart.o(.bss)
    .bss                                     0x200004c0   Section       72  stm32f4xx_hal_timebase_tim.o(.bss)
    .bss                                     0x20000508   Section       64  queue.o(.bss)
    .bss                                     0x20000548   Section     1220  tasks.o(.bss)
    pxReadyTasksLists                        0x20000548   Data        1120  tasks.o(.bss)
    xDelayedTaskList1                        0x200009a8   Data          20  tasks.o(.bss)
    xDelayedTaskList2                        0x200009bc   Data          20  tasks.o(.bss)
    xPendingReadyList                        0x200009d0   Data          20  tasks.o(.bss)
    xTasksWaitingTermination                 0x200009e4   Data          20  tasks.o(.bss)
    xSuspendedTaskList                       0x200009f8   Data          20  tasks.o(.bss)
    .bss                                     0x20000a0c   Section      280  timers.o(.bss)
    xStaticTimerQueue                        0x20000a0c   Data          80  timers.o(.bss)
    ucStaticTimerQueueStorage                0x20000a5c   Data         160  timers.o(.bss)
    xActiveTimerList1                        0x20000afc   Data          20  timers.o(.bss)
    xActiveTimerList2                        0x20000b10   Data          20  timers.o(.bss)
    .bss                                     0x20000b24   Section     1720  cmsis_os2.o(.bss)
    Idle_TCB                                 0x20000b24   Data          92  cmsis_os2.o(.bss)
    Idle_Stack                               0x20000b80   Data         512  cmsis_os2.o(.bss)
    Timer_TCB                                0x20000d80   Data          92  cmsis_os2.o(.bss)
    Timer_Stack                              0x20000ddc   Data        1024  cmsis_os2.o(.bss)
    .bss                                     0x200011dc   Section    15360  heap_4.o(.bss)
    ucHeap                                   0x200011dc   Data       15360  heap_4.o(.bss)
    .bss                                     0x20004ddc   Section       32  mbfuncother.o(.bss)
    ucMBSlaveID                              0x20004ddc   Data          32  mbfuncother.o(.bss)
    .bss                                     0x20004dfc   Section      257  mbrtu.o(.bss)
    .bss                                     0x20004efe   Section      400  user_mb_app.o(.bss)
    .bss                                     0x2000508e   Section      265  portserial.o(.bss)
    rx_buff                                  0x2000508e   Data         265  portserial.o(.bss)
    STACK                                    0x20005198   Section     1024  startup_stm32f407xx.o(STACK)

    Global Symbols

    Symbol Name                              Value     Ov Type        Size  Object(Section)

    BuildAttributes$$THM_ISAv4$E$P$D$K$B$S$7EM$VFPi3$EXTD16$VFPS$VFMA$PE$A:L22UL41UL21$X:L11$S22US41US21$IEEE1$IW$USESV6$~STKCKD$USESV7$~SHL$OSPACE$ROPI$EBA8$MICROLIB$REQ8$PRES8$EABIv2 0x00000000   Number         0  anon$$obj.o ABSOLUTE
    __ARM_use_no_argv                        0x00000000   Number         0  main.o ABSOLUTE
    __arm_fini_                               - Undefined Weak Reference
    __cpp_initialize__aeabi_                  - Undefined Weak Reference
    __cxa_finalize                            - Undefined Weak Reference
    _clock_init                               - Undefined Weak Reference
    _microlib_exit                            - Undefined Weak Reference
    __Vectors_Size                           0x00000188   Number         0  startup_stm32f407xx.o ABSOLUTE
    __Vectors                                0x08000000   Data           4  startup_stm32f407xx.o(RESET)
    __Vectors_End                            0x08000188   Data           0  startup_stm32f407xx.o(RESET)
    __main                                   0x08000189   Thumb Code     0  entry.o(.ARM.Collect$$$$00000000)
    _main_stk                                0x08000189   Thumb Code     0  entry2.o(.ARM.Collect$$$$00000001)
    _main_scatterload                        0x0800018d   Thumb Code     0  entry5.o(.ARM.Collect$$$$00000004)
    __main_after_scatterload                 0x08000191   Thumb Code     0  entry5.o(.ARM.Collect$$$$00000004)
    _main_clock                              0x08000191   Thumb Code     0  entry7b.o(.ARM.Collect$$$$00000008)
    _main_cpp_init                           0x08000191   Thumb Code     0  entry8b.o(.ARM.Collect$$$$0000000A)
    _main_init                               0x08000191   Thumb Code     0  entry9a.o(.ARM.Collect$$$$0000000B)
    __rt_lib_shutdown_fini                   0x08000199   Thumb Code     0  entry12b.o(.ARM.Collect$$$$0000000E)
    __rt_final_cpp                           0x0800019d   Thumb Code     0  entry10a.o(.ARM.Collect$$$$0000000F)
    __rt_final_exit                          0x0800019d   Thumb Code     0  entry11a.o(.ARM.Collect$$$$00000011)
    SVC_Handler                              0x080001a1   Thumb Code    28  port.o(.emb_text)
    __asm___6_port_c_39a90d8d__prvStartFirstTask 0x080001c1   Thumb Code    36  port.o(.emb_text)
    __asm___6_port_c_39a90d8d__prvEnableVFP  0x080001e9   Thumb Code    16  port.o(.emb_text)
    PendSV_Handler                           0x080001fd   Thumb Code    88  port.o(.emb_text)
    vPortGetIPSR                             0x08000259   Thumb Code     6  port.o(.emb_text)
    Reset_Handler                            0x08000261   Thumb Code     8  startup_stm32f407xx.o(.text)
    ADC_IRQHandler                           0x0800027b   Thumb Code     0  startup_stm32f407xx.o(.text)
    CAN1_RX0_IRQHandler                      0x0800027b   Thumb Code     0  startup_stm32f407xx.o(.text)
    CAN1_RX1_IRQHandler                      0x0800027b   Thumb Code     0  startup_stm32f407xx.o(.text)
    CAN1_SCE_IRQHandler                      0x0800027b   Thumb Code     0  startup_stm32f407xx.o(.text)
    CAN1_TX_IRQHandler                       0x0800027b   Thumb Code     0  startup_stm32f407xx.o(.text)
    CAN2_RX0_IRQHandler                      0x0800027b   Thumb Code     0  startup_stm32f407xx.o(.text)
    CAN2_RX1_IRQHandler                      0x0800027b   Thumb Code     0  startup_stm32f407xx.o(.text)
    CAN2_SCE_IRQHandler                      0x0800027b   Thumb Code     0  startup_stm32f407xx.o(.text)
    CAN2_TX_IRQHandler                       0x0800027b   Thumb Code     0  startup_stm32f407xx.o(.text)
    DCMI_IRQHandler                          0x0800027b   Thumb Code     0  startup_stm32f407xx.o(.text)
    DMA1_Stream0_IRQHandler                  0x0800027b   Thumb Code     0  startup_stm32f407xx.o(.text)
    DMA1_Stream1_IRQHandler                  0x0800027b   Thumb Code     0  startup_stm32f407xx.o(.text)
    DMA1_Stream2_IRQHandler                  0x0800027b   Thumb Code     0  startup_stm32f407xx.o(.text)
    DMA1_Stream3_IRQHandler                  0x0800027b   Thumb Code     0  startup_stm32f407xx.o(.text)
    DMA1_Stream4_IRQHandler                  0x0800027b   Thumb Code     0  startup_stm32f407xx.o(.text)
    DMA1_Stream7_IRQHandler                  0x0800027b   Thumb Code     0  startup_stm32f407xx.o(.text)
    DMA2_Stream0_IRQHandler                  0x0800027b   Thumb Code     0  startup_stm32f407xx.o(.text)
    DMA2_Stream1_IRQHandler                  0x0800027b   Thumb Code     0  startup_stm32f407xx.o(.text)
    DMA2_Stream2_IRQHandler                  0x0800027b   Thumb Code     0  startup_stm32f407xx.o(.text)
    DMA2_Stream3_IRQHandler                  0x0800027b   Thumb Code     0  startup_stm32f407xx.o(.text)
    DMA2_Stream4_IRQHandler                  0x0800027b   Thumb Code     0  startup_stm32f407xx.o(.text)
    DMA2_Stream5_IRQHandler                  0x0800027b   Thumb Code     0  startup_stm32f407xx.o(.text)
    DMA2_Stream6_IRQHandler                  0x0800027b   Thumb Code     0  startup_stm32f407xx.o(.text)
    DMA2_Stream7_IRQHandler                  0x0800027b   Thumb Code     0  startup_stm32f407xx.o(.text)
    ETH_IRQHandler                           0x0800027b   Thumb Code     0  startup_stm32f407xx.o(.text)
    ETH_WKUP_IRQHandler                      0x0800027b   Thumb Code     0  startup_stm32f407xx.o(.text)
    EXTI0_IRQHandler                         0x0800027b   Thumb Code     0  startup_stm32f407xx.o(.text)
    EXTI15_10_IRQHandler                     0x0800027b   Thumb Code     0  startup_stm32f407xx.o(.text)
    EXTI1_IRQHandler                         0x0800027b   Thumb Code     0  startup_stm32f407xx.o(.text)
    EXTI2_IRQHandler                         0x0800027b   Thumb Code     0  startup_stm32f407xx.o(.text)
    EXTI3_IRQHandler                         0x0800027b   Thumb Code     0  startup_stm32f407xx.o(.text)
    EXTI4_IRQHandler                         0x0800027b   Thumb Code     0  startup_stm32f407xx.o(.text)
    EXTI9_5_IRQHandler                       0x0800027b   Thumb Code     0  startup_stm32f407xx.o(.text)
    FLASH_IRQHandler                         0x0800027b   Thumb Code     0  startup_stm32f407xx.o(.text)
    FMC_IRQHandler                           0x0800027b   Thumb Code     0  startup_stm32f407xx.o(.text)
    FPU_IRQHandler                           0x0800027b   Thumb Code     0  startup_stm32f407xx.o(.text)
    HASH_RNG_IRQHandler                      0x0800027b   Thumb Code     0  startup_stm32f407xx.o(.text)
    I2C1_ER_IRQHandler                       0x0800027b   Thumb Code     0  startup_stm32f407xx.o(.text)
    I2C1_EV_IRQHandler                       0x0800027b   Thumb Code     0  startup_stm32f407xx.o(.text)
    I2C2_ER_IRQHandler                       0x0800027b   Thumb Code     0  startup_stm32f407xx.o(.text)
    I2C2_EV_IRQHandler                       0x0800027b   Thumb Code     0  startup_stm32f407xx.o(.text)
    I2C3_ER_IRQHandler                       0x0800027b   Thumb Code     0  startup_stm32f407xx.o(.text)
    I2C3_EV_IRQHandler                       0x0800027b   Thumb Code     0  startup_stm32f407xx.o(.text)
    OTG_FS_IRQHandler                        0x0800027b   Thumb Code     0  startup_stm32f407xx.o(.text)
    OTG_FS_WKUP_IRQHandler                   0x0800027b   Thumb Code     0  startup_stm32f407xx.o(.text)
    OTG_HS_EP1_IN_IRQHandler                 0x0800027b   Thumb Code     0  startup_stm32f407xx.o(.text)
    OTG_HS_EP1_OUT_IRQHandler                0x0800027b   Thumb Code     0  startup_stm32f407xx.o(.text)
    OTG_HS_IRQHandler                        0x0800027b   Thumb Code     0  startup_stm32f407xx.o(.text)
    OTG_HS_WKUP_IRQHandler                   0x0800027b   Thumb Code     0  startup_stm32f407xx.o(.text)
    PVD_IRQHandler                           0x0800027b   Thumb Code     0  startup_stm32f407xx.o(.text)
    RCC_IRQHandler                           0x0800027b   Thumb Code     0  startup_stm32f407xx.o(.text)
    RTC_Alarm_IRQHandler                     0x0800027b   Thumb Code     0  startup_stm32f407xx.o(.text)
    RTC_WKUP_IRQHandler                      0x0800027b   Thumb Code     0  startup_stm32f407xx.o(.text)
    SDIO_IRQHandler                          0x0800027b   Thumb Code     0  startup_stm32f407xx.o(.text)
    SPI1_IRQHandler                          0x0800027b   Thumb Code     0  startup_stm32f407xx.o(.text)
    SPI2_IRQHandler                          0x0800027b   Thumb Code     0  startup_stm32f407xx.o(.text)
    SPI3_IRQHandler                          0x0800027b   Thumb Code     0  startup_stm32f407xx.o(.text)
    TAMP_STAMP_IRQHandler                    0x0800027b   Thumb Code     0  startup_stm32f407xx.o(.text)
    TIM1_BRK_TIM9_IRQHandler                 0x0800027b   Thumb Code     0  startup_stm32f407xx.o(.text)
    TIM1_CC_IRQHandler                       0x0800027b   Thumb Code     0  startup_stm32f407xx.o(.text)
    TIM1_TRG_COM_TIM11_IRQHandler            0x0800027b   Thumb Code     0  startup_stm32f407xx.o(.text)
    TIM1_UP_TIM10_IRQHandler                 0x0800027b   Thumb Code     0  startup_stm32f407xx.o(.text)
    TIM2_IRQHandler                          0x0800027b   Thumb Code     0  startup_stm32f407xx.o(.text)
    TIM3_IRQHandler                          0x0800027b   Thumb Code     0  startup_stm32f407xx.o(.text)
    TIM4_IRQHandler                          0x0800027b   Thumb Code     0  startup_stm32f407xx.o(.text)
    TIM5_IRQHandler                          0x0800027b   Thumb Code     0  startup_stm32f407xx.o(.text)
    TIM7_IRQHandler                          0x0800027b   Thumb Code     0  startup_stm32f407xx.o(.text)
    TIM8_BRK_TIM12_IRQHandler                0x0800027b   Thumb Code     0  startup_stm32f407xx.o(.text)
    TIM8_CC_IRQHandler                       0x0800027b   Thumb Code     0  startup_stm32f407xx.o(.text)
    TIM8_TRG_COM_TIM14_IRQHandler            0x0800027b   Thumb Code     0  startup_stm32f407xx.o(.text)
    TIM8_UP_TIM13_IRQHandler                 0x0800027b   Thumb Code     0  startup_stm32f407xx.o(.text)
    UART4_IRQHandler                         0x0800027b   Thumb Code     0  startup_stm32f407xx.o(.text)
    UART5_IRQHandler                         0x0800027b   Thumb Code     0  startup_stm32f407xx.o(.text)
    USART6_IRQHandler                        0x0800027b   Thumb Code     0  startup_stm32f407xx.o(.text)
    WWDG_IRQHandler                          0x0800027b   Thumb Code     0  startup_stm32f407xx.o(.text)
    __aeabi_uldivmod                         0x08000285   Thumb Code    98  uldiv.o(.text)
    __aeabi_memcpy                           0x080002e7   Thumb Code    36  memcpya.o(.text)
    __aeabi_memcpy4                          0x080002e7   Thumb Code     0  memcpya.o(.text)
    __aeabi_memcpy8                          0x080002e7   Thumb Code     0  memcpya.o(.text)
    __aeabi_memset                           0x0800030b   Thumb Code    14  memseta.o(.text)
    __aeabi_memset4                          0x0800030b   Thumb Code     0  memseta.o(.text)
    __aeabi_memset8                          0x0800030b   Thumb Code     0  memseta.o(.text)
    __aeabi_memclr                           0x08000319   Thumb Code     4  memseta.o(.text)
    __aeabi_memclr4                          0x08000319   Thumb Code     0  memseta.o(.text)
    __aeabi_memclr8                          0x08000319   Thumb Code     0  memseta.o(.text)
    memset                                   0x0800031d   Thumb Code    18  memseta.o(.text)
    strlen                                   0x0800032f   Thumb Code    14  strlen.o(.text)
    __aeabi_uidiv                            0x0800033d   Thumb Code     0  uidiv.o(.text)
    __aeabi_uidivmod                         0x0800033d   Thumb Code    44  uidiv.o(.text)
    __aeabi_llsl                             0x08000369   Thumb Code    30  llshl.o(.text)
    _ll_shift_l                              0x08000369   Thumb Code     0  llshl.o(.text)
    __aeabi_llsr                             0x08000387   Thumb Code    32  llushr.o(.text)
    _ll_ushift_r                             0x08000387   Thumb Code     0  llushr.o(.text)
    __I$use$fp                               0x080003a7   Thumb Code     0  iusefp.o(.text)
    __aeabi_dadd                             0x080003a7   Thumb Code   322  dadd.o(.text)
    __aeabi_dsub                             0x080004e9   Thumb Code     6  dadd.o(.text)
    __aeabi_drsub                            0x080004ef   Thumb Code     6  dadd.o(.text)
    __aeabi_dmul                             0x080004f5   Thumb Code   228  dmul.o(.text)
    __aeabi_ddiv                             0x080005d9   Thumb Code   222  ddiv.o(.text)
    __aeabi_d2ulz                            0x080006b7   Thumb Code    48  dfixul.o(.text)
    __aeabi_cdrcmple                         0x080006e9   Thumb Code    48  cdrcmple.o(.text)
    __scatterload                            0x08000719   Thumb Code    28  init.o(.text)
    __scatterload_rt2                        0x08000719   Thumb Code     0  init.o(.text)
    __aeabi_lasr                             0x0800073d   Thumb Code    36  llsshr.o(.text)
    _ll_sshift_r                             0x0800073d   Thumb Code     0  llsshr.o(.text)
    _double_round                            0x08000761   Thumb Code    30  depilogue.o(.text)
    _double_epilogue                         0x0800077f   Thumb Code   156  depilogue.o(.text)
    __decompress                             0x0800081b   Thumb Code     0  __dczerorl2.o(.text)
    __decompress1                            0x0800081b   Thumb Code    86  __dczerorl2.o(.text)
    BusFault_Handler                         0x08000871   Thumb Code     2  stm32f4xx_it.o(i.BusFault_Handler)
    DMA1_Stream5_IRQHandler                  0x08000875   Thumb Code     6  stm32f4xx_it.o(i.DMA1_Stream5_IRQHandler)
    DMA1_Stream6_IRQHandler                  0x08000881   Thumb Code   104  stm32f4xx_it.o(i.DMA1_Stream6_IRQHandler)
    DebugMon_Handler                         0x08000999   Thumb Code     2  stm32f4xx_it.o(i.DebugMon_Handler)
    EnterCriticalSection                     0x0800099b   Thumb Code     4  port_1.o(i.EnterCriticalSection)
    Error_Handler                            0x0800099f   Thumb Code     4  main.o(i.Error_Handler)
    ExitCriticalSection                      0x080009a3   Thumb Code     4  port_1.o(i.ExitCriticalSection)
    HAL_DMA_Abort                            0x080009a7   Thumb Code   146  stm32f4xx_hal_dma.o(i.HAL_DMA_Abort)
    HAL_DMA_Abort_IT                         0x08000a39   Thumb Code    36  stm32f4xx_hal_dma.o(i.HAL_DMA_Abort_IT)
    HAL_DMA_IRQHandler                       0x08000a5d   Thumb Code   412  stm32f4xx_hal_dma.o(i.HAL_DMA_IRQHandler)
    HAL_DMA_Init                             0x08000bfd   Thumb Code   206  stm32f4xx_hal_dma.o(i.HAL_DMA_Init)
    HAL_DMA_Start_IT                         0x08000cd1   Thumb Code   110  stm32f4xx_hal_dma.o(i.HAL_DMA_Start_IT)
    HAL_GPIO_Init                            0x08000d41   Thumb Code   450  stm32f4xx_hal_gpio.o(i.HAL_GPIO_Init)
    HAL_GPIO_TogglePin                       0x08000f31   Thumb Code    16  stm32f4xx_hal_gpio.o(i.HAL_GPIO_TogglePin)
    HAL_GPIO_WritePin                        0x08000f41   Thumb Code    10  stm32f4xx_hal_gpio.o(i.HAL_GPIO_WritePin)
    HAL_GetTick                              0x08000f4d   Thumb Code     6  stm32f4xx_hal.o(i.HAL_GetTick)
    HAL_IncTick                              0x08000f59   Thumb Code    12  stm32f4xx_hal.o(i.HAL_IncTick)
    HAL_Init                                 0x08000f69   Thumb Code    48  stm32f4xx_hal.o(i.HAL_Init)
    HAL_InitTick                             0x08000f9d   Thumb Code   132  stm32f4xx_hal_timebase_tim.o(i.HAL_InitTick)
    HAL_MspInit                              0x08001035   Thumb Code    52  stm32f4xx_hal_msp.o(i.HAL_MspInit)
    HAL_NVIC_EnableIRQ                       0x0800106d   Thumb Code    26  stm32f4xx_hal_cortex.o(i.HAL_NVIC_EnableIRQ)
    HAL_NVIC_SetPriority                     0x08001089   Thumb Code    60  stm32f4xx_hal_cortex.o(i.HAL_NVIC_SetPriority)
    HAL_NVIC_SetPriorityGrouping             0x080010c9   Thumb Code    26  stm32f4xx_hal_cortex.o(i.HAL_NVIC_SetPriorityGrouping)
    HAL_RCC_CSSCallback                      0x080010ed   Thumb Code     2  stm32f4xx_hal_rcc.o(i.HAL_RCC_CSSCallback)
    HAL_RCC_ClockConfig                      0x080010f1   Thumb Code   288  stm32f4xx_hal_rcc.o(i.HAL_RCC_ClockConfig)
    HAL_RCC_EnableCSS                        0x08001225   Thumb Code     8  stm32f4xx_hal_rcc.o(i.HAL_RCC_EnableCSS)
    HAL_RCC_GetClockConfig                   0x08001231   Thumb Code    54  stm32f4xx_hal_rcc.o(i.HAL_RCC_GetClockConfig)
    HAL_RCC_GetPCLK1Freq                     0x08001271   Thumb Code    20  stm32f4xx_hal_rcc.o(i.HAL_RCC_GetPCLK1Freq)
    HAL_RCC_GetPCLK2Freq                     0x08001291   Thumb Code    20  stm32f4xx_hal_rcc.o(i.HAL_RCC_GetPCLK2Freq)
    HAL_RCC_GetSysClockFreq                  0x080012b1   Thumb Code    88  stm32f4xx_hal_rcc.o(i.HAL_RCC_GetSysClockFreq)
    HAL_RCC_NMI_IRQHandler                   0x08001311   Thumb Code    24  stm32f4xx_hal_rcc.o(i.HAL_RCC_NMI_IRQHandler)
    HAL_RCC_OscConfig                        0x0800132d   Thumb Code   856  stm32f4xx_hal_rcc.o(i.HAL_RCC_OscConfig)
    HAL_TIMEx_BreakCallback                  0x08001699   Thumb Code     2  stm32f4xx_hal_tim_ex.o(i.HAL_TIMEx_BreakCallback)
    HAL_TIMEx_CommutCallback                 0x0800169b   Thumb Code     2  stm32f4xx_hal_tim_ex.o(i.HAL_TIMEx_CommutCallback)
    HAL_TIMEx_MasterConfigSynchronization    0x0800169d   Thumb Code   116  stm32f4xx_hal_tim_ex.o(i.HAL_TIMEx_MasterConfigSynchronization)
    HAL_TIM_Base_Init                        0x0800172d   Thumb Code    90  stm32f4xx_hal_tim.o(i.HAL_TIM_Base_Init)
    HAL_TIM_Base_MspInit                     0x08001789   Thumb Code    30  tim.o(i.HAL_TIM_Base_MspInit)
    HAL_TIM_Base_Start                       0x080017b1   Thumb Code    90  stm32f4xx_hal_tim.o(i.HAL_TIM_Base_Start)
    HAL_TIM_Base_Start_IT                    0x08001829   Thumb Code   100  stm32f4xx_hal_tim.o(i.HAL_TIM_Base_Start_IT)
    HAL_TIM_IC_CaptureCallback               0x080018a9   Thumb Code     2  stm32f4xx_hal_tim.o(i.HAL_TIM_IC_CaptureCallback)
    HAL_TIM_IRQHandler                       0x080018ab   Thumb Code   358  stm32f4xx_hal_tim.o(i.HAL_TIM_IRQHandler)
    HAL_TIM_OC_DelayElapsedCallback          0x08001a11   Thumb Code     2  stm32f4xx_hal_tim.o(i.HAL_TIM_OC_DelayElapsedCallback)
    HAL_TIM_PWM_PulseFinishedCallback        0x08001a13   Thumb Code     2  stm32f4xx_hal_tim.o(i.HAL_TIM_PWM_PulseFinishedCallback)
    HAL_TIM_PeriodElapsedCallback            0x08001a15   Thumb Code    14  main.o(i.HAL_TIM_PeriodElapsedCallback)
    HAL_TIM_TriggerCallback                  0x08001a29   Thumb Code     2  stm32f4xx_hal_tim.o(i.HAL_TIM_TriggerCallback)
    HAL_UARTEx_RxEventCallback               0x08001a2b   Thumb Code     2  stm32f4xx_hal_uart.o(i.HAL_UARTEx_RxEventCallback)
    HAL_UART_AbortCpltCallback               0x08001a2d   Thumb Code     2  stm32f4xx_hal_uart.o(i.HAL_UART_AbortCpltCallback)
    HAL_UART_AbortReceiveCpltCallback        0x08001a2f   Thumb Code     2  stm32f4xx_hal_uart.o(i.HAL_UART_AbortReceiveCpltCallback)
    HAL_UART_AbortTransmitCpltCallback       0x08001a31   Thumb Code     2  stm32f4xx_hal_uart.o(i.HAL_UART_AbortTransmitCpltCallback)
    HAL_UART_DMAStop                         0x08001a33   Thumb Code   112  stm32f4xx_hal_uart.o(i.HAL_UART_DMAStop)
    HAL_UART_ErrorCallback                   0x08001aa3   Thumb Code     2  stm32f4xx_hal_uart.o(i.HAL_UART_ErrorCallback)
    HAL_UART_GetState                        0x08001aa5   Thumb Code    10  stm32f4xx_hal_uart.o(i.HAL_UART_GetState)
    HAL_UART_IRQHandler                      0x08001ab1   Thumb Code   612  stm32f4xx_hal_uart.o(i.HAL_UART_IRQHandler)
    HAL_UART_Init                            0x08001d19   Thumb Code   112  stm32f4xx_hal_uart.o(i.HAL_UART_Init)
    HAL_UART_MspInit                         0x08001d8d   Thumb Code   384  usart.o(i.HAL_UART_MspInit)
    HAL_UART_Receive_DMA                     0x08001f2d   Thumb Code    42  stm32f4xx_hal_uart.o(i.HAL_UART_Receive_DMA)
    HAL_UART_Receive_IT                      0x08001f57   Thumb Code    42  stm32f4xx_hal_uart.o(i.HAL_UART_Receive_IT)
    HAL_UART_RxCpltCallback                  0x08001f81   Thumb Code    76  uart.o(i.HAL_UART_RxCpltCallback)
    HAL_UART_RxHalfCpltCallback              0x08001fd9   Thumb Code     2  stm32f4xx_hal_uart.o(i.HAL_UART_RxHalfCpltCallback)
    HAL_UART_Transmit                        0x08001fdd   Thumb Code   178  stm32f4xx_hal_uart.o(i.HAL_UART_Transmit)
    HAL_UART_Transmit_DMA                    0x08002091   Thumb Code   126  stm32f4xx_hal_uart.o(i.HAL_UART_Transmit_DMA)
    HAL_UART_TxCpltCallback                  0x0800211d   Thumb Code     2  stm32f4xx_hal_uart.o(i.HAL_UART_TxCpltCallback)
    HAL_UART_TxHalfCpltCallback              0x0800211f   Thumb Code     2  stm32f4xx_hal_uart.o(i.HAL_UART_TxHalfCpltCallback)
    HardFault_Handler                        0x08002121   Thumb Code     2  stm32f4xx_it.o(i.HardFault_Handler)
    IS_IRQ                                   0x08002123   Thumb Code    14  port_1.o(i.IS_IRQ)
    MX_DMA_Init                              0x08002131   Thumb Code    56  dma.o(i.MX_DMA_Init)
    MX_FREERTOS_Init                         0x0800216d   Thumb Code    58  freertos.o(i.MX_FREERTOS_Init)
    MX_GPIO_Init                             0x080021bd   Thumb Code   186  gpio.o(i.MX_GPIO_Init)
    MX_TIM7_Init                             0x08002285   Thumb Code    58  tim.o(i.MX_TIM7_Init)
    MX_USART1_UART_Init                      0x080022c9   Thumb Code    48  usart.o(i.MX_USART1_UART_Init)
    MX_USART2_UART_Init                      0x08002301   Thumb Code    48  usart.o(i.MX_USART2_UART_Init)
    MX_USART3_UART_Init                      0x08002339   Thumb Code    48  usart.o(i.MX_USART3_UART_Init)
    MemManage_Handler                        0x08002371   Thumb Code     2  stm32f4xx_it.o(i.MemManage_Handler)
    NMI_Handler                              0x08002373   Thumb Code     6  stm32f4xx_it.o(i.NMI_Handler)
    Slave_DMATransmitCpltCallback            0x08002379   Thumb Code    24  mbrtu.o(i.Slave_DMATransmitCpltCallback)
    Slave_IDLECallback                       0x08002395   Thumb Code    50  mbrtu.o(i.Slave_IDLECallback)
    Slave_RxCpltCallback                     0x080023d5   Thumb Code     6  portserial.o(i.Slave_RxCpltCallback)
    SysTick_Handler                          0x080023e1   Thumb Code    26  cmsis_os2.o(i.SysTick_Handler)
    SystemClock_Config                       0x080023fd   Thumb Code   140  main.o(i.SystemClock_Config)
    SystemInit                               0x08002491   Thumb Code    12  system_stm32f4xx.o(i.SystemInit)
    TIM6_DAC_IRQHandler                      0x080024a1   Thumb Code     6  stm32f4xx_it.o(i.TIM6_DAC_IRQHandler)
    TIM_Base_SetConfig                       0x080024ad   Thumb Code   156  stm32f4xx_hal_tim.o(i.TIM_Base_SetConfig)
    UART_InitCallbacksToDefault              0x0800270d   Thumb Code    38  stm32f4xx_hal_uart.o(i.UART_InitCallbacksToDefault)
    UART_Start_Receive_DMA                   0x08002925   Thumb Code   134  stm32f4xx_hal_uart.o(i.UART_Start_Receive_DMA)
    UART_Start_Receive_IT                    0x080029b9   Thumb Code    58  stm32f4xx_hal_uart.o(i.UART_Start_Receive_IT)
    USART1_IRQHandler                        0x08002a6d   Thumb Code    34  uart.o(i.USART1_IRQHandler)
    USART2_IRQHandler                        0x08002a99   Thumb Code    64  stm32f4xx_it.o(i.USART2_IRQHandler)
    USART3_IRQHandler                        0x08002ae1   Thumb Code    56  stm32f4xx_it.o(i.USART3_IRQHandler)
    UsageFault_Handler                       0x08002b1d   Thumb Code     2  stm32f4xx_it.o(i.UsageFault_Handler)
    __0vsprintf                              0x08002b21   Thumb Code    30  printfa.o(i.__0vsprintf)
    __1vsprintf                              0x08002b21   Thumb Code     0  printfa.o(i.__0vsprintf)
    __2vsprintf                              0x08002b21   Thumb Code     0  printfa.o(i.__0vsprintf)
    __c89vsprintf                            0x08002b21   Thumb Code     0  printfa.o(i.__0vsprintf)
    vsprintf                                 0x08002b21   Thumb Code     0  printfa.o(i.__0vsprintf)
    __scatterload_copy                       0x08002b65   Thumb Code    14  handlers.o(i.__scatterload_copy)
    __scatterload_null                       0x08002b73   Thumb Code     2  handlers.o(i.__scatterload_null)
    __scatterload_zeroinit                   0x08002b75   Thumb Code    14  handlers.o(i.__scatterload_zeroinit)
    eMBEnable                                0x08003419   Thumb Code    28  mb.o(i.eMBEnable)
    eMBFuncReadCoils                         0x08003439   Thumb Code   114  mbfunccoils.o(i.eMBFuncReadCoils)
    eMBFuncReadDiscreteInputs                0x080034ab   Thumb Code   114  mbfuncdisc.o(i.eMBFuncReadDiscreteInputs)
    eMBFuncReadHoldingRegister               0x0800351d   Thumb Code   100  mbfuncholding.o(i.eMBFuncReadHoldingRegister)
    eMBFuncReadInputRegister                 0x08003581   Thumb Code    98  mbfuncinput.o(i.eMBFuncReadInputRegister)
    eMBFuncReadWriteMultipleHoldingRegister  0x080035e3   Thumb Code   156  mbfuncholding.o(i.eMBFuncReadWriteMultipleHoldingRegister)
    eMBFuncReportSlaveID                     0x08003681   Thumb Code    26  mbfuncother.o(i.eMBFuncReportSlaveID)
    eMBFuncWriteCoil                         0x080036a5   Thumb Code    86  mbfunccoils.o(i.eMBFuncWriteCoil)
    eMBFuncWriteHoldingRegister              0x080036fb   Thumb Code    50  mbfuncholding.o(i.eMBFuncWriteHoldingRegister)
    eMBFuncWriteMultipleCoils                0x0800372d   Thumb Code   100  mbfunccoils.o(i.eMBFuncWriteMultipleCoils)
    eMBFuncWriteMultipleHoldingRegister      0x08003791   Thumb Code    78  mbfuncholding.o(i.eMBFuncWriteMultipleHoldingRegister)
    eMBInit                                  0x080037e1   Thumb Code    96  mb.o(i.eMBInit)
    eMBPoll                                  0x08003861   Thumb Code   174  mb.o(i.eMBPoll)
    eMBRTUInit                               0x08003915   Thumb Code    68  mbrtu.o(i.eMBRTUInit)
    eMBRTUReceive                            0x0800395d   Thumb Code    68  mbrtu.o(i.eMBRTUReceive)
    eMBRTUSend                               0x080039a9   Thumb Code    98  mbrtu.o(i.eMBRTUSend)
    eMBRTUStart                              0x08003a15   Thumb Code    32  mbrtu.o(i.eMBRTUStart)
    eMBRTUStop                               0x08003a39   Thumb Code    26  mbrtu.o(i.eMBRTUStop)
    eMBRegCoilsCB                            0x08003a55   Thumb Code   154  user_mb_app.o(i.eMBRegCoilsCB)
    eMBRegDiscreteCB                         0x08003af5   Thumb Code   112  user_mb_app.o(i.eMBRegDiscreteCB)
    eMBRegHoldingCB                          0x08003b69   Thumb Code   104  user_mb_app.o(i.eMBRegHoldingCB)
    eMBRegInputCB                            0x08003bd9   Thumb Code    66  user_mb_app.o(i.eMBRegInputCB)
    main                                     0x08003c31   Thumb Code    46  main.o(i.main)
    osDelay                                  0x08003c5f   Thumb Code    26  cmsis_os2.o(i.osDelay)
    osKernelInitialize                       0x08003c79   Thumb Code    32  cmsis_os2.o(i.osKernelInitialize)
    osKernelStart                            0x08003c9d   Thumb Code    48  cmsis_os2.o(i.osKernelStart)
    osThreadNew                              0x08003cd5   Thumb Code   138  cmsis_os2.o(i.osThreadNew)
    osThreadYield                            0x08003d61   Thumb Code    32  cmsis_os2.o(i.osThreadYield)
    printk                                   0x08003d85   Thumb Code    94  uart.o(i.printk)
    prveMBError2Exception                    0x080045df   Thumb Code    24  mbutils.o(i.prveMBError2Exception)
    pvPortMalloc                             0x080045f9   Thumb Code   216  heap_4.o(i.pvPortMalloc)
    pxPortInitialiseStack                    0x080046d5   Thumb Code    40  port.o(i.pxPortInitialiseStack)
    start_blink                              0x08004729   Thumb Code    26  freertos.o(i.start_blink)
    start_slave_task                         0x08004749   Thumb Code     6  freertos.o(i.start_slave_task)
    usMBCRC16                                0x0800475d   Thumb Code    40  mbcrc.o(i.usMBCRC16)
    uxListRemove                             0x08004789   Thumb Code    38  list.o(i.uxListRemove)
    uxTaskResetEventItemValue                0x080047b1   Thumb Code    20  tasks.o(i.uxTaskResetEventItemValue)
    vApplicationGetIdleTaskMemory            0x080047c9   Thumb Code    16  cmsis_os2.o(i.vApplicationGetIdleTaskMemory)
    vApplicationGetTimerTaskMemory           0x080047dd   Thumb Code    18  cmsis_os2.o(i.vApplicationGetTimerTaskMemory)
    vEventGroupSetBitsCallback               0x080047f5   Thumb Code     4  event_groups.o(i.vEventGroupSetBitsCallback)
    vListInitialise                          0x080047f9   Thumb Code    22  list.o(i.vListInitialise)
    vListInitialiseItem                      0x0800480f   Thumb Code     6  list.o(i.vListInitialiseItem)
    vListInsert                              0x08004815   Thumb Code    48  list.o(i.vListInsert)
    vListInsertEnd                           0x08004845   Thumb Code    24  list.o(i.vListInsertEnd)
    vMBPortSerialEnable                      0x0800485d   Thumb Code   138  portserial.o(i.vMBPortSerialEnable)
    vMBPortTimersDisable                     0x0800492d   Thumb Code    32  porttimer.o(i.vMBPortTimersDisable)
    vMBPortTimersEnable                      0x08004951   Thumb Code    46  porttimer.o(i.vMBPortTimersEnable)
    vPortEnterCritical                       0x08004985   Thumb Code    54  port.o(i.vPortEnterCritical)
    vPortExitCritical                        0x080049c5   Thumb Code    34  port.o(i.vPortExitCritical)
    vPortFree                                0x080049ed   Thumb Code    94  heap_4.o(i.vPortFree)
    vPortSetupTimerInterrupt                 0x08004a51   Thumb Code    32  port.o(i.vPortSetupTimerInterrupt)
    vPortValidateInterruptPriority           0x08004a75   Thumb Code    74  port.o(i.vPortValidateInterruptPriority)
    vQueueAddToRegistry                      0x08004ac9   Thumb Code    34  queue.o(i.vQueueAddToRegistry)
    vQueueWaitForMessageRestricted           0x08004af1   Thumb Code    68  queue.o(i.vQueueWaitForMessageRestricted)
    vTaskDelay                               0x08004b35   Thumb Code    66  tasks.o(i.vTaskDelay)
    vTaskInternalSetTimeOutState             0x08004b81   Thumb Code    12  tasks.o(i.vTaskInternalSetTimeOutState)
    vTaskMissedYield                         0x08004b91   Thumb Code     8  tasks.o(i.vTaskMissedYield)
    vTaskPlaceOnEventList                    0x08004b9d   Thumb Code    44  tasks.o(i.vTaskPlaceOnEventList)
    vTaskPlaceOnEventListRestricted          0x08004bcd   Thumb Code    52  tasks.o(i.vTaskPlaceOnEventListRestricted)
    vTaskPlaceOnUnorderedEventList           0x08004c05   Thumb Code    76  tasks.o(i.vTaskPlaceOnUnorderedEventList)
    vTaskRemoveFromUnorderedEventList        0x08004c55   Thumb Code   102  tasks.o(i.vTaskRemoveFromUnorderedEventList)
    vTaskStartScheduler                      0x08004cc5   Thumb Code   118  tasks.o(i.vTaskStartScheduler)
    vTaskSuspendAll                          0x08004d4d   Thumb Code    10  tasks.o(i.vTaskSuspendAll)
    vTaskSwitchContext                       0x08004d5d   Thumb Code    90  tasks.o(i.vTaskSwitchContext)
    xEventGroupCreate                        0x08004dc1   Thumb Code    28  event_groups.o(i.xEventGroupCreate)
    xEventGroupSetBits                       0x08004ddd   Thumb Code   140  event_groups.o(i.xEventGroupSetBits)
    xEventGroupSetBitsFromISR                0x08004e69   Thumb Code    12  event_groups.o(i.xEventGroupSetBitsFromISR)
    xEventGroupWaitBits                      0x08004e79   Thumb Code   260  event_groups.o(i.xEventGroupWaitBits)
    xMBPortEventGet                          0x08004f81   Thumb Code    46  portevent.o(i.xMBPortEventGet)
    xMBPortEventInit                         0x08004fb5   Thumb Code    32  portevent.o(i.xMBPortEventInit)
    xMBPortEventPost                         0x08005025   Thumb Code    48  portevent.o(i.xMBPortEventPost)
    xMBPortSerialInit                        0x08005075   Thumb Code   186  portserial.o(i.xMBPortSerialInit)
    xMBPortSerialPutBytes                    0x08005225   Thumb Code    18  portserial.o(i.xMBPortSerialPutBytes)
    xMBPortTimersInit                        0x0800523d   Thumb Code    42  porttimer.o(i.xMBPortTimersInit)
    xMBRTUReceiveFSM                         0x0800527d   Thumb Code    22  mbrtu.o(i.xMBRTUReceiveFSM)
    xMBRTUTimerT35Expired                    0x08005299   Thumb Code    50  mbrtu.o(i.xMBRTUTimerT35Expired)
    xMBRTUTransmitFSM                        0x080052d5   Thumb Code    38  mbrtu.o(i.xMBRTUTransmitFSM)
    xMBUtilGetBits                           0x08005301   Thumb Code    34  mbutils.o(i.xMBUtilGetBits)
    xMBUtilSetBits                           0x08005323   Thumb Code    42  mbutils.o(i.xMBUtilSetBits)
    xPortStartScheduler                      0x0800534d   Thumb Code   222  port.o(i.xPortStartScheduler)
    xPortSysTickHandler                      0x08005441   Thumb Code    38  port.o(i.xPortSysTickHandler)
    xQueueGenericCreateStatic                0x0800546d   Thumb Code   102  queue.o(i.xQueueGenericCreateStatic)
    xQueueGenericReset                       0x080054d5   Thumb Code   132  queue.o(i.xQueueGenericReset)
    xQueueGenericSend                        0x0800555d   Thumb Code   346  queue.o(i.xQueueGenericSend)
    xQueueGenericSendFromISR                 0x080056bd   Thumb Code   190  queue.o(i.xQueueGenericSendFromISR)
    xQueueReceive                            0x0800577d   Thumb Code   308  queue.o(i.xQueueReceive)
    xTaskCheckForTimeOut                     0x080058b5   Thumb Code   112  tasks.o(i.xTaskCheckForTimeOut)
    xTaskCreate                              0x08005929   Thumb Code    90  tasks.o(i.xTaskCreate)
    xTaskCreateStatic                        0x08005983   Thumb Code    86  tasks.o(i.xTaskCreateStatic)
    xTaskGetSchedulerState                   0x080059d9   Thumb Code    22  tasks.o(i.xTaskGetSchedulerState)
    xTaskGetTickCount                        0x080059f5   Thumb Code     6  tasks.o(i.xTaskGetTickCount)
    xTaskGetTickCountFromISR                 0x08005a01   Thumb Code    12  tasks.o(i.xTaskGetTickCountFromISR)
    xTaskIncrementTick                       0x08005a11   Thumb Code   192  tasks.o(i.xTaskIncrementTick)
    xTaskPriorityDisinherit                  0x08005ad9   Thumb Code   118  tasks.o(i.xTaskPriorityDisinherit)
    xTaskRemoveFromEventList                 0x08005b59   Thumb Code    98  tasks.o(i.xTaskRemoveFromEventList)
    xTaskResumeAll                           0x08005bc9   Thumb Code   182  tasks.o(i.xTaskResumeAll)
    xTimerCreate                             0x08005c8d   Thumb Code    52  timers.o(i.xTimerCreate)
    xTimerCreateTimerTask                    0x08005cc1   Thumb Code    78  timers.o(i.xTimerCreateTimerTask)
    xTimerGenericCommand                     0x08005d21   Thumb Code    98  timers.o(i.xTimerGenericCommand)
    xTimerPendFunctionCallFromISR            0x08005d89   Thumb Code    34  timers.o(i.xTimerPendFunctionCallFromISR)
    BlinkLed_attributes                      0x08005db0   Data          36  freertos.o(.constdata)
    SlaveTask_attributes                     0x08005dd4   Data          36  freertos.o(.constdata)
    AHBPrescTable                            0x08005e14   Data          16  system_stm32f4xx.o(.constdata)
    APBPrescTable                            0x08005e24   Data           8  system_stm32f4xx.o(.constdata)
    Region$$Table$$Base                      0x08006044   Number         0  anon$$obj.o(Region$$Table)
    Region$$Table$$Limit                     0x08006064   Number         0  anon$$obj.o(Region$$Table)
    aRxBuffer                                0x20000000   Data           1  uart.o(.data)
    USART_RX_STA                             0x20000002   Data           2  uart.o(.data)
    BlinkLedHandle                           0x20000004   Data           4  freertos.o(.data)
    SlaveTaskHandle                          0x20000008   Data           4  freertos.o(.data)
    uwTickFreq                               0x2000000c   Data           1  stm32f4xx_hal.o(.data)
    uwTickPrio                               0x20000010   Data           4  stm32f4xx_hal.o(.data)
    uwTick                                   0x20000014   Data           4  stm32f4xx_hal.o(.data)
    SystemCoreClock                          0x20000018   Data           4  system_stm32f4xx.o(.data)
    pxCurrentTCB                             0x2000001c   Data           4  tasks.o(.data)
    pxMBFrameCBByteReceived                  0x200000cc   Data           4  mb.o(.data)
    pxMBFrameCBTransmitterEmpty              0x200000d0   Data           4  mb.o(.data)
    pxMBPortCBTimerExpired                   0x200000d4   Data           4  mb.o(.data)
    usSDiscInStart                           0x20000158   Data           2  user_mb_app.o(.data)
    usSCoilStart                             0x2000015a   Data           2  user_mb_app.o(.data)
    usSRegInStart                            0x2000015c   Data           2  user_mb_app.o(.data)
    usSRegHoldStart                          0x2000015e   Data           2  user_mb_app.o(.data)
    ucSDiscInBuf                             0x20000160   Data           8  user_mb_app.o(.data)
    ucSCoilBuf                               0x20000168   Data           8  user_mb_app.o(.data)
    slave_dma_tx                             0x20000178   Data           4  portserial.o(.data)
    serial                                   0x20000180   Data           4  portserial.o(.data)
    slave_dma_rx                             0x2000018c   Data           4  portserial.o(.data)
    USART_RX_BUF                             0x20000194   Data         200  uart.o(.bss)
    htim7                                    0x2000025c   Data          72  tim.o(.bss)
    huart1                                   0x200002a4   Data         116  usart.o(.bss)
    huart2                                   0x20000318   Data         116  usart.o(.bss)
    huart3                                   0x2000038c   Data         116  usart.o(.bss)
    hdma_usart2_rx                           0x20000400   Data          96  usart.o(.bss)
    hdma_usart2_tx                           0x20000460   Data          96  usart.o(.bss)
    htim6                                    0x200004c0   Data          72  stm32f4xx_hal_timebase_tim.o(.bss)
    xQueueRegistry                           0x20000508   Data          64  queue.o(.bss)
    ucRTUBuf                                 0x20004dfc   Data         257  mbrtu.o(.bss)
    usSRegInBuf                              0x20004efe   Data         200  user_mb_app.o(.bss)
    usSRegHoldBuf                            0x20004fc6   Data         200  user_mb_app.o(.bss)
    __initial_sp                             0x20005598   Data           0  startup_stm32f407xx.o(STACK)



==============================================================================

Memory Map of the image

  Image Entry point : 0x08000189

  Load Region LR_IROM1 (Base: 0x08000000, Size: 0x000061f8, Max: 0x00100000, ABSOLUTE, COMPRESSED[0x000060b8])

    Execution Region ER_IROM1 (Exec base: 0x08000000, Load base: 0x08000000, Size: 0x00006064, Max: 0x00100000, ABSOLUTE)

    Exec Addr    Load Addr    Size         Type   Attr      Idx    E Section Name        Object

    0x08000000   0x08000000   0x00000188   Data   RO            3    RESET               startup_stm32f407xx.o
    0x08000188   0x08000188   0x00000000   Code   RO         6331  * .ARM.Collect$$$$00000000  mc_w.l(entry.o)
    0x08000188   0x08000188   0x00000004   Code   RO         6374    .ARM.Collect$$$$00000001  mc_w.l(entry2.o)
    0x0800018c   0x0800018c   0x00000004   Code   RO         6377    .ARM.Collect$$$$00000004  mc_w.l(entry5.o)
    0x08000190   0x08000190   0x00000000   Code   RO         6379    .ARM.Collect$$$$00000008  mc_w.l(entry7b.o)
    0x08000190   0x08000190   0x00000000   Code   RO         6381    .ARM.Collect$$$$0000000A  mc_w.l(entry8b.o)
    0x08000190   0x08000190   0x00000008   Code   RO         6382    .ARM.Collect$$$$0000000B  mc_w.l(entry9a.o)
    0x08000198   0x08000198   0x00000004   Code   RO         6389    .ARM.Collect$$$$0000000E  mc_w.l(entry12b.o)
    0x0800019c   0x0800019c   0x00000000   Code   RO         6384    .ARM.Collect$$$$0000000F  mc_w.l(entry10a.o)
    0x0800019c   0x0800019c   0x00000000   Code   RO         6386    .ARM.Collect$$$$00000011  mc_w.l(entry11a.o)
    0x0800019c   0x0800019c   0x00000004   Code   RO         6375    .ARM.Collect$$$$00002712  mc_w.l(entry2.o)
    0x080001a0   0x080001a0   0x000000be   Code   RO         4913    .emb_text           port.o
    0x0800025e   0x0800025e   0x00000002   PAD
    0x08000260   0x08000260   0x00000024   Code   RO            4    .text               startup_stm32f407xx.o
    0x08000284   0x08000284   0x00000062   Code   RO         6334    .text               mc_w.l(uldiv.o)
    0x080002e6   0x080002e6   0x00000024   Code   RO         6336    .text               mc_w.l(memcpya.o)
    0x0800030a   0x0800030a   0x00000024   Code   RO         6340    .text               mc_w.l(memseta.o)
    0x0800032e   0x0800032e   0x0000000e   Code   RO         6342    .text               mc_w.l(strlen.o)
    0x0800033c   0x0800033c   0x0000002c   Code   RO         6390    .text               mc_w.l(uidiv.o)
    0x08000368   0x08000368   0x0000001e   Code   RO         6392    .text               mc_w.l(llshl.o)
    0x08000386   0x08000386   0x00000020   Code   RO         6394    .text               mc_w.l(llushr.o)
    0x080003a6   0x080003a6   0x00000000   Code   RO         6396    .text               mc_w.l(iusefp.o)
    0x080003a6   0x080003a6   0x0000014e   Code   RO         6397    .text               mf_w.l(dadd.o)
    0x080004f4   0x080004f4   0x000000e4   Code   RO         6399    .text               mf_w.l(dmul.o)
    0x080005d8   0x080005d8   0x000000de   Code   RO         6401    .text               mf_w.l(ddiv.o)
    0x080006b6   0x080006b6   0x00000030   Code   RO         6403    .text               mf_w.l(dfixul.o)
    0x080006e6   0x080006e6   0x00000002   PAD
    0x080006e8   0x080006e8   0x00000030   Code   RO         6405    .text               mf_w.l(cdrcmple.o)
    0x08000718   0x08000718   0x00000024   Code   RO         6407    .text               mc_w.l(init.o)
    0x0800073c   0x0800073c   0x00000024   Code   RO         6409    .text               mc_w.l(llsshr.o)
    0x08000760   0x08000760   0x000000ba   Code   RO         6411    .text               mf_w.l(depilogue.o)
    0x0800081a   0x0800081a   0x00000056   Code   RO         6421    .text               mc_w.l(__dczerorl2.o)
    0x08000870   0x08000870   0x00000002   Code   RO          563    i.BusFault_Handler  stm32f4xx_it.o
    0x08000872   0x08000872   0x00000002   PAD
    0x08000874   0x08000874   0x0000000c   Code   RO          564    i.DMA1_Stream5_IRQHandler  stm32f4xx_it.o
    0x08000880   0x08000880   0x00000074   Code   RO          565    i.DMA1_Stream6_IRQHandler  stm32f4xx_it.o
    0x080008f4   0x080008f4   0x00000028   Code   RO         1176    i.DMA_CalcBaseAndBitshift  stm32f4xx_hal_dma.o
    0x0800091c   0x0800091c   0x00000054   Code   RO         1177    i.DMA_CheckFifoParam  stm32f4xx_hal_dma.o
    0x08000970   0x08000970   0x00000028   Code   RO         1178    i.DMA_SetConfig     stm32f4xx_hal_dma.o
    0x08000998   0x08000998   0x00000002   Code   RO          566    i.DebugMon_Handler  stm32f4xx_it.o
    0x0800099a   0x0800099a   0x00000004   Code   RO         5479    i.EnterCriticalSection  port_1.o
    0x0800099e   0x0800099e   0x00000004   Code   RO          213    i.Error_Handler     main.o
    0x080009a2   0x080009a2   0x00000004   Code   RO         5480    i.ExitCriticalSection  port_1.o
    0x080009a6   0x080009a6   0x00000092   Code   RO         1179    i.HAL_DMA_Abort     stm32f4xx_hal_dma.o
    0x08000a38   0x08000a38   0x00000024   Code   RO         1180    i.HAL_DMA_Abort_IT  stm32f4xx_hal_dma.o
    0x08000a5c   0x08000a5c   0x000001a0   Code   RO         1184    i.HAL_DMA_IRQHandler  stm32f4xx_hal_dma.o
    0x08000bfc   0x08000bfc   0x000000d4   Code   RO         1185    i.HAL_DMA_Init      stm32f4xx_hal_dma.o
    0x08000cd0   0x08000cd0   0x0000006e   Code   RO         1189    i.HAL_DMA_Start_IT  stm32f4xx_hal_dma.o
    0x08000d3e   0x08000d3e   0x00000002   PAD
    0x08000d40   0x08000d40   0x000001f0   Code   RO         1072    i.HAL_GPIO_Init     stm32f4xx_hal_gpio.o
    0x08000f30   0x08000f30   0x00000010   Code   RO         1075    i.HAL_GPIO_TogglePin  stm32f4xx_hal_gpio.o
    0x08000f40   0x08000f40   0x0000000a   Code   RO         1076    i.HAL_GPIO_WritePin  stm32f4xx_hal_gpio.o
    0x08000f4a   0x08000f4a   0x00000002   PAD
    0x08000f4c   0x08000f4c   0x0000000c   Code   RO         1604    i.HAL_GetTick       stm32f4xx_hal.o
    0x08000f58   0x08000f58   0x00000010   Code   RO         1610    i.HAL_IncTick       stm32f4xx_hal.o
    0x08000f68   0x08000f68   0x00000034   Code   RO         1611    i.HAL_Init          stm32f4xx_hal.o
    0x08000f9c   0x08000f9c   0x00000098   Code   RO          678    i.HAL_InitTick      stm32f4xx_hal_timebase_tim.o
    0x08001034   0x08001034   0x00000038   Code   RO          650    i.HAL_MspInit       stm32f4xx_hal_msp.o
    0x0800106c   0x0800106c   0x0000001a   Code   RO         1461    i.HAL_NVIC_EnableIRQ  stm32f4xx_hal_cortex.o
    0x08001086   0x08001086   0x00000002   PAD
    0x08001088   0x08001088   0x00000040   Code   RO         1467    i.HAL_NVIC_SetPriority  stm32f4xx_hal_cortex.o
    0x080010c8   0x080010c8   0x00000024   Code   RO         1468    i.HAL_NVIC_SetPriorityGrouping  stm32f4xx_hal_cortex.o
    0x080010ec   0x080010ec   0x00000002   Code   RO          717    i.HAL_RCC_CSSCallback  stm32f4xx_hal_rcc.o
    0x080010ee   0x080010ee   0x00000002   PAD
    0x080010f0   0x080010f0   0x00000134   Code   RO          718    i.HAL_RCC_ClockConfig  stm32f4xx_hal_rcc.o
    0x08001224   0x08001224   0x0000000c   Code   RO          721    i.HAL_RCC_EnableCSS  stm32f4xx_hal_rcc.o
    0x08001230   0x08001230   0x00000040   Code   RO          722    i.HAL_RCC_GetClockConfig  stm32f4xx_hal_rcc.o
    0x08001270   0x08001270   0x00000020   Code   RO          725    i.HAL_RCC_GetPCLK1Freq  stm32f4xx_hal_rcc.o
    0x08001290   0x08001290   0x00000020   Code   RO          726    i.HAL_RCC_GetPCLK2Freq  stm32f4xx_hal_rcc.o
    0x080012b0   0x080012b0   0x00000060   Code   RO          727    i.HAL_RCC_GetSysClockFreq  stm32f4xx_hal_rcc.o
    0x08001310   0x08001310   0x0000001c   Code   RO          729    i.HAL_RCC_NMI_IRQHandler  stm32f4xx_hal_rcc.o
    0x0800132c   0x0800132c   0x0000036c   Code   RO          730    i.HAL_RCC_OscConfig  stm32f4xx_hal_rcc.o
    0x08001698   0x08001698   0x00000002   Code   RO         2555    i.HAL_TIMEx_BreakCallback  stm32f4xx_hal_tim_ex.o
    0x0800169a   0x0800169a   0x00000002   Code   RO         2556    i.HAL_TIMEx_CommutCallback  stm32f4xx_hal_tim_ex.o
    0x0800169c   0x0800169c   0x00000090   Code   RO         2574    i.HAL_TIMEx_MasterConfigSynchronization  stm32f4xx_hal_tim_ex.o
    0x0800172c   0x0800172c   0x0000005a   Code   RO         1851    i.HAL_TIM_Base_Init  stm32f4xx_hal_tim.o
    0x08001786   0x08001786   0x00000002   PAD
    0x08001788   0x08001788   0x00000028   Code   RO          467    i.HAL_TIM_Base_MspInit  tim.o
    0x080017b0   0x080017b0   0x00000078   Code   RO         1854    i.HAL_TIM_Base_Start  stm32f4xx_hal_tim.o
    0x08001828   0x08001828   0x00000080   Code   RO         1856    i.HAL_TIM_Base_Start_IT  stm32f4xx_hal_tim.o
    0x080018a8   0x080018a8   0x00000002   Code   RO         1885    i.HAL_TIM_IC_CaptureCallback  stm32f4xx_hal_tim.o
    0x080018aa   0x080018aa   0x00000166   Code   RO         1899    i.HAL_TIM_IRQHandler  stm32f4xx_hal_tim.o
    0x08001a10   0x08001a10   0x00000002   Code   RO         1902    i.HAL_TIM_OC_DelayElapsedCallback  stm32f4xx_hal_tim.o
    0x08001a12   0x08001a12   0x00000002   Code   RO         1929    i.HAL_TIM_PWM_PulseFinishedCallback  stm32f4xx_hal_tim.o
    0x08001a14   0x08001a14   0x00000014   Code   RO          214    i.HAL_TIM_PeriodElapsedCallback  main.o
    0x08001a28   0x08001a28   0x00000002   Code   RO         1942    i.HAL_TIM_TriggerCallback  stm32f4xx_hal_tim.o
    0x08001a2a   0x08001a2a   0x00000002   Code   RO         2833    i.HAL_UARTEx_RxEventCallback  stm32f4xx_hal_uart.o
    0x08001a2c   0x08001a2c   0x00000002   Code   RO         2835    i.HAL_UART_AbortCpltCallback  stm32f4xx_hal_uart.o
    0x08001a2e   0x08001a2e   0x00000002   Code   RO         2837    i.HAL_UART_AbortReceiveCpltCallback  stm32f4xx_hal_uart.o
    0x08001a30   0x08001a30   0x00000002   Code   RO         2840    i.HAL_UART_AbortTransmitCpltCallback  stm32f4xx_hal_uart.o
    0x08001a32   0x08001a32   0x00000070   Code   RO         2845    i.HAL_UART_DMAStop  stm32f4xx_hal_uart.o
    0x08001aa2   0x08001aa2   0x00000002   Code   RO         2847    i.HAL_UART_ErrorCallback  stm32f4xx_hal_uart.o
    0x08001aa4   0x08001aa4   0x0000000a   Code   RO         2849    i.HAL_UART_GetState  stm32f4xx_hal_uart.o
    0x08001aae   0x08001aae   0x00000002   PAD
    0x08001ab0   0x08001ab0   0x00000268   Code   RO         2850    i.HAL_UART_IRQHandler  stm32f4xx_hal_uart.o
    0x08001d18   0x08001d18   0x00000074   Code   RO         2851    i.HAL_UART_Init     stm32f4xx_hal_uart.o
    0x08001d8c   0x08001d8c   0x000001a0   Code   RO          509    i.HAL_UART_MspInit  usart.o
    0x08001f2c   0x08001f2c   0x0000002a   Code   RO         2855    i.HAL_UART_Receive_DMA  stm32f4xx_hal_uart.o
    0x08001f56   0x08001f56   0x0000002a   Code   RO         2856    i.HAL_UART_Receive_IT  stm32f4xx_hal_uart.o
    0x08001f80   0x08001f80   0x00000058   Code   RO           13    i.HAL_UART_RxCpltCallback  uart.o
    0x08001fd8   0x08001fd8   0x00000002   Code   RO         2860    i.HAL_UART_RxHalfCpltCallback  stm32f4xx_hal_uart.o
    0x08001fda   0x08001fda   0x00000002   PAD
    0x08001fdc   0x08001fdc   0x000000b2   Code   RO         2861    i.HAL_UART_Transmit  stm32f4xx_hal_uart.o
    0x0800208e   0x0800208e   0x00000002   PAD
    0x08002090   0x08002090   0x0000008c   Code   RO         2862    i.HAL_UART_Transmit_DMA  stm32f4xx_hal_uart.o
    0x0800211c   0x0800211c   0x00000002   Code   RO         2864    i.HAL_UART_TxCpltCallback  stm32f4xx_hal_uart.o
    0x0800211e   0x0800211e   0x00000002   Code   RO         2865    i.HAL_UART_TxHalfCpltCallback  stm32f4xx_hal_uart.o
    0x08002120   0x08002120   0x00000002   Code   RO          567    i.HardFault_Handler  stm32f4xx_it.o
    0x08002122   0x08002122   0x0000000e   Code   RO         5515    i.IS_IRQ            port_1.o
    0x08002130   0x08002130   0x0000003c   Code   RO          442    i.MX_DMA_Init       dma.o
    0x0800216c   0x0800216c   0x00000050   Code   RO          374    i.MX_FREERTOS_Init  freertos.o
    0x080021bc   0x080021bc   0x000000c8   Code   RO          350    i.MX_GPIO_Init      gpio.o
    0x08002284   0x08002284   0x00000044   Code   RO          468    i.MX_TIM7_Init      tim.o
    0x080022c8   0x080022c8   0x00000038   Code   RO          510    i.MX_USART1_UART_Init  usart.o
    0x08002300   0x08002300   0x00000038   Code   RO          511    i.MX_USART2_UART_Init  usart.o
    0x08002338   0x08002338   0x00000038   Code   RO          512    i.MX_USART3_UART_Init  usart.o
    0x08002370   0x08002370   0x00000002   Code   RO          568    i.MemManage_Handler  stm32f4xx_it.o
    0x08002372   0x08002372   0x00000006   Code   RO          569    i.NMI_Handler       stm32f4xx_it.o
    0x08002378   0x08002378   0x0000001c   Code   RO         5251    i.Slave_DMATransmitCpltCallback  mbrtu.o
    0x08002394   0x08002394   0x00000040   Code   RO         5252    i.Slave_IDLECallback  mbrtu.o
    0x080023d4   0x080023d4   0x0000000c   Code   RO         5571    i.Slave_RxCpltCallback  portserial.o
    0x080023e0   0x080023e0   0x0000001a   Code   RO         4351    i.SysTick_Handler   cmsis_os2.o
    0x080023fa   0x080023fa   0x00000002   PAD
    0x080023fc   0x080023fc   0x00000094   Code   RO          215    i.SystemClock_Config  main.o
    0x08002490   0x08002490   0x00000010   Code   RO         3210    i.SystemInit        system_stm32f4xx.o
    0x080024a0   0x080024a0   0x0000000c   Code   RO          570    i.TIM6_DAC_IRQHandler  stm32f4xx_it.o
    0x080024ac   0x080024ac   0x000000c8   Code   RO         1944    i.TIM_Base_SetConfig  stm32f4xx_hal_tim.o
    0x08002574   0x08002574   0x0000000c   Code   RO         2868    i.UART_DMAAbortOnError  stm32f4xx_hal_uart.o
    0x08002580   0x08002580   0x0000004c   Code   RO         2869    i.UART_DMAError     stm32f4xx_hal_uart.o
    0x080025cc   0x080025cc   0x0000007c   Code   RO         2870    i.UART_DMAReceiveCplt  stm32f4xx_hal_uart.o
    0x08002648   0x08002648   0x00000014   Code   RO         2872    i.UART_DMARxHalfCplt  stm32f4xx_hal_uart.o
    0x0800265c   0x0800265c   0x0000003e   Code   RO         2874    i.UART_DMATransmitCplt  stm32f4xx_hal_uart.o
    0x0800269a   0x0800269a   0x00000006   Code   RO         2876    i.UART_DMATxHalfCplt  stm32f4xx_hal_uart.o
    0x080026a0   0x080026a0   0x0000004e   Code   RO         2878    i.UART_EndRxTransfer  stm32f4xx_hal_uart.o
    0x080026ee   0x080026ee   0x0000001c   Code   RO         2879    i.UART_EndTxTransfer  stm32f4xx_hal_uart.o
    0x0800270a   0x0800270a   0x00000002   PAD
    0x0800270c   0x0800270c   0x0000004c   Code   RO         2880    i.UART_InitCallbacksToDefault  stm32f4xx_hal_uart.o
    0x08002758   0x08002758   0x000000c0   Code   RO         2881    i.UART_Receive_IT   stm32f4xx_hal_uart.o
    0x08002818   0x08002818   0x0000010c   Code   RO         2882    i.UART_SetConfig    stm32f4xx_hal_uart.o
    0x08002924   0x08002924   0x00000094   Code   RO         2883    i.UART_Start_Receive_DMA  stm32f4xx_hal_uart.o
    0x080029b8   0x080029b8   0x0000003a   Code   RO         2884    i.UART_Start_Receive_IT  stm32f4xx_hal_uart.o
    0x080029f2   0x080029f2   0x00000078   Code   RO         2885    i.UART_WaitOnFlagUntilTimeout  stm32f4xx_hal_uart.o
    0x08002a6a   0x08002a6a   0x00000002   PAD
    0x08002a6c   0x08002a6c   0x0000002c   Code   RO           14    i.USART1_IRQHandler  uart.o
    0x08002a98   0x08002a98   0x00000048   Code   RO          571    i.USART2_IRQHandler  stm32f4xx_it.o
    0x08002ae0   0x08002ae0   0x0000003c   Code   RO          572    i.USART3_IRQHandler  stm32f4xx_it.o
    0x08002b1c   0x08002b1c   0x00000002   Code   RO          573    i.UsageFault_Handler  stm32f4xx_it.o
    0x08002b1e   0x08002b1e   0x00000002   PAD
    0x08002b20   0x08002b20   0x00000024   Code   RO         6353    i.__0vsprintf       mc_w.l(printfa.o)
    0x08002b44   0x08002b44   0x00000020   Code   RO         1474    i.__NVIC_SetPriority  stm32f4xx_hal_cortex.o
    0x08002b64   0x08002b64   0x0000000e   Code   RO         6415    i.__scatterload_copy  mc_w.l(handlers.o)
    0x08002b72   0x08002b72   0x00000002   Code   RO         6416    i.__scatterload_null  mc_w.l(handlers.o)
    0x08002b74   0x08002b74   0x0000000e   Code   RO         6417    i.__scatterload_zeroinit  mc_w.l(handlers.o)
    0x08002b82   0x08002b82   0x00000002   PAD
    0x08002b84   0x08002b84   0x00000184   Code   RO         6354    i._fp_digits        mc_w.l(printfa.o)
    0x08002d08   0x08002d08   0x000006b4   Code   RO         6355    i._printf_core      mc_w.l(printfa.o)
    0x080033bc   0x080033bc   0x00000024   Code   RO         6356    i._printf_post_padding  mc_w.l(printfa.o)
    0x080033e0   0x080033e0   0x0000002e   Code   RO         6357    i._printf_pre_padding  mc_w.l(printfa.o)
    0x0800340e   0x0800340e   0x0000000a   Code   RO         6359    i._sputc            mc_w.l(printfa.o)
    0x08003418   0x08003418   0x00000020   Code   RO         5355    i.eMBEnable         mb.o
    0x08003438   0x08003438   0x00000072   Code   RO         5027    i.eMBFuncReadCoils  mbfunccoils.o
    0x080034aa   0x080034aa   0x00000072   Code   RO         5066    i.eMBFuncReadDiscreteInputs  mbfuncdisc.o
    0x0800351c   0x0800351c   0x00000064   Code   RO         5090    i.eMBFuncReadHoldingRegister  mbfuncholding.o
    0x08003580   0x08003580   0x00000062   Code   RO         5132    i.eMBFuncReadInputRegister  mbfuncinput.o
    0x080035e2   0x080035e2   0x0000009c   Code   RO         5091    i.eMBFuncReadWriteMultipleHoldingRegister  mbfuncholding.o
    0x0800367e   0x0800367e   0x00000002   PAD
    0x08003680   0x08003680   0x00000024   Code   RO         5156    i.eMBFuncReportSlaveID  mbfuncother.o
    0x080036a4   0x080036a4   0x00000056   Code   RO         5028    i.eMBFuncWriteCoil  mbfunccoils.o
    0x080036fa   0x080036fa   0x00000032   Code   RO         5092    i.eMBFuncWriteHoldingRegister  mbfuncholding.o
    0x0800372c   0x0800372c   0x00000064   Code   RO         5029    i.eMBFuncWriteMultipleCoils  mbfunccoils.o
    0x08003790   0x08003790   0x0000004e   Code   RO         5093    i.eMBFuncWriteMultipleHoldingRegister  mbfuncholding.o
    0x080037de   0x080037de   0x00000002   PAD
    0x080037e0   0x080037e0   0x00000080   Code   RO         5356    i.eMBInit           mb.o
    0x08003860   0x08003860   0x000000b4   Code   RO         5357    i.eMBPoll           mb.o
    0x08003914   0x08003914   0x00000048   Code   RO         5253    i.eMBRTUInit        mbrtu.o
    0x0800395c   0x0800395c   0x0000004c   Code   RO         5254    i.eMBRTUReceive     mbrtu.o
    0x080039a8   0x080039a8   0x0000006c   Code   RO         5255    i.eMBRTUSend        mbrtu.o
    0x08003a14   0x08003a14   0x00000024   Code   RO         5256    i.eMBRTUStart       mbrtu.o
    0x08003a38   0x08003a38   0x0000001a   Code   RO         5257    i.eMBRTUStop        mbrtu.o
    0x08003a52   0x08003a52   0x00000002   PAD
    0x08003a54   0x08003a54   0x000000a0   Code   RO         5422    i.eMBRegCoilsCB     user_mb_app.o
    0x08003af4   0x08003af4   0x00000074   Code   RO         5423    i.eMBRegDiscreteCB  user_mb_app.o
    0x08003b68   0x08003b68   0x00000070   Code   RO         5424    i.eMBRegHoldingCB   user_mb_app.o
    0x08003bd8   0x08003bd8   0x0000004c   Code   RO         5425    i.eMBRegInputCB     user_mb_app.o
    0x08003c24   0x08003c24   0x0000000c   Code   RO           17    i.inHandlerMode     uart.o
    0x08003c30   0x08003c30   0x0000002e   Code   RO          216    i.main              main.o
    0x08003c5e   0x08003c5e   0x0000001a   Code   RO         4353    i.osDelay           cmsis_os2.o
    0x08003c78   0x08003c78   0x00000024   Code   RO         4367    i.osKernelInitialize  cmsis_os2.o
    0x08003c9c   0x08003c9c   0x00000038   Code   RO         4370    i.osKernelStart     cmsis_os2.o
    0x08003cd4   0x08003cd4   0x0000008a   Code   RO         4412    i.osThreadNew       cmsis_os2.o
    0x08003d5e   0x08003d5e   0x00000002   PAD
    0x08003d60   0x08003d60   0x00000024   Code   RO         4417    i.osThreadYield     cmsis_os2.o
    0x08003d84   0x08003d84   0x00000064   Code   RO           18    i.printk            uart.o
    0x08003de8   0x08003de8   0x0000005c   Code   RO         3815    i.prvAddCurrentTaskToDelayedList  tasks.o
    0x08003e44   0x08003e44   0x000000d0   Code   RO         3816    i.prvAddNewTaskToReadyList  tasks.o
    0x08003f14   0x08003f14   0x00000058   Code   RO         4180    i.prvCheckForValidListAndQueue  timers.o
    0x08003f6c   0x08003f6c   0x00000026   Code   RO         3412    i.prvCopyDataFromQueue  queue.o
    0x08003f92   0x08003f92   0x0000006c   Code   RO         3413    i.prvCopyDataToQueue  queue.o
    0x08003ffe   0x08003ffe   0x00000034   Code   RO         3817    i.prvDeleteTCB      tasks.o
    0x08004032   0x08004032   0x00000002   PAD
    0x08004034   0x08004034   0x0000004c   Code   RO         4858    i.prvHeapInit       heap_4.o
    0x08004080   0x08004080   0x00000060   Code   RO         3818    i.prvIdleTask       tasks.o
    0x080040e0   0x080040e0   0x00000022   Code   RO         3415    i.prvInitialiseNewQueue  queue.o
    0x08004102   0x08004102   0x00000002   PAD
    0x08004104   0x08004104   0x000000b0   Code   RO         3819    i.prvInitialiseNewTask  tasks.o
    0x080041b4   0x080041b4   0x0000004e   Code   RO         4181    i.prvInitialiseNewTimer  timers.o
    0x08004202   0x08004202   0x00000002   PAD
    0x08004204   0x08004204   0x0000004c   Code   RO         4859    i.prvInsertBlockIntoFreeList  heap_4.o
    0x08004250   0x08004250   0x00000038   Code   RO         4182    i.prvInsertTimerInActiveList  timers.o
    0x08004288   0x08004288   0x0000001c   Code   RO         3416    i.prvIsQueueEmpty   queue.o
    0x080042a4   0x080042a4   0x000000fc   Code   RO         4183    i.prvProcessReceivedCommands  timers.o
    0x080043a0   0x080043a0   0x000000c0   Code   RO         4184    i.prvProcessTimerOrBlockTask  timers.o
    0x08004460   0x08004460   0x00000020   Code   RO         3821    i.prvResetNextTaskUnblockTime  tasks.o
    0x08004480   0x08004480   0x00000028   Code   RO         4185    i.prvSampleTimeNow  timers.o
    0x080044a8   0x080044a8   0x0000006c   Code   RO         4186    i.prvSwitchTimerLists  timers.o
    0x08004514   0x08004514   0x00000028   Code   RO         4914    i.prvTaskExitError  port.o
    0x0800453c   0x0800453c   0x00000014   Code   RO         3253    i.prvTestWaitCondition  event_groups.o
    0x08004550   0x08004550   0x00000024   Code   RO         4187    i.prvTimerTask      timers.o
    0x08004574   0x08004574   0x0000006a   Code   RO         3417    i.prvUnlockQueue    queue.o
    0x080045de   0x080045de   0x00000018   Code   RO         5189    i.prveMBError2Exception  mbutils.o
    0x080045f6   0x080045f6   0x00000002   PAD
    0x080045f8   0x080045f8   0x000000dc   Code   RO         4860    i.pvPortMalloc      heap_4.o
    0x080046d4   0x080046d4   0x0000002c   Code   RO         4915    i.pxPortInitialiseStack  port.o
    0x08004700   0x08004700   0x00000028   Code   RO         5572    i.serial_soft_trans_irq  portserial.o
    0x08004728   0x08004728   0x00000020   Code   RO          375    i.start_blink       freertos.o
    0x08004748   0x08004748   0x00000006   Code   RO          378    i.start_slave_task  freertos.o
    0x0800474e   0x0800474e   0x00000002   PAD
    0x08004750   0x08004750   0x0000000c   Code   RO         5646    i.timer_timeout_ind  porttimer.o
    0x0800475c   0x0800475c   0x0000002c   Code   RO         5225    i.usMBCRC16         mbcrc.o
    0x08004788   0x08004788   0x00000026   Code   RO         3372    i.uxListRemove      list.o
    0x080047ae   0x080047ae   0x00000002   PAD
    0x080047b0   0x080047b0   0x00000018   Code   RO         3833    i.uxTaskResetEventItemValue  tasks.o
    0x080047c8   0x080047c8   0x00000014   Code   RO         4424    i.vApplicationGetIdleTaskMemory  cmsis_os2.o
    0x080047dc   0x080047dc   0x00000018   Code   RO         4425    i.vApplicationGetTimerTaskMemory  cmsis_os2.o
    0x080047f4   0x080047f4   0x00000004   Code   RO         3257    i.vEventGroupSetBitsCallback  event_groups.o
    0x080047f8   0x080047f8   0x00000016   Code   RO         3373    i.vListInitialise   list.o
    0x0800480e   0x0800480e   0x00000006   Code   RO         3374    i.vListInitialiseItem  list.o
    0x08004814   0x08004814   0x00000030   Code   RO         3375    i.vListInsert       list.o
    0x08004844   0x08004844   0x00000018   Code   RO         3376    i.vListInsertEnd    list.o
    0x0800485c   0x0800485c   0x000000d0   Code   RO         5574    i.vMBPortSerialEnable  portserial.o
    0x0800492c   0x0800492c   0x00000024   Code   RO         5647    i.vMBPortTimersDisable  porttimer.o
    0x08004950   0x08004950   0x00000034   Code   RO         5648    i.vMBPortTimersEnable  porttimer.o
    0x08004984   0x08004984   0x00000040   Code   RO         4917    i.vPortEnterCritical  port.o
    0x080049c4   0x080049c4   0x00000028   Code   RO         4918    i.vPortExitCritical  port.o
    0x080049ec   0x080049ec   0x00000064   Code   RO         4861    i.vPortFree         heap_4.o
    0x08004a50   0x08004a50   0x00000024   Code   RO         4919    i.vPortSetupTimerInterrupt  port.o
    0x08004a74   0x08004a74   0x00000054   Code   RO         4920    i.vPortValidateInterruptPriority  port.o
    0x08004ac8   0x08004ac8   0x00000028   Code   RO         3423    i.vQueueAddToRegistry  queue.o
    0x08004af0   0x08004af0   0x00000044   Code   RO         3427    i.vQueueWaitForMessageRestricted  queue.o
    0x08004b34   0x08004b34   0x0000004c   Code   RO         3834    i.vTaskDelay        tasks.o
    0x08004b80   0x08004b80   0x00000010   Code   RO         3839    i.vTaskInternalSetTimeOutState  tasks.o
    0x08004b90   0x08004b90   0x0000000c   Code   RO         3840    i.vTaskMissedYield  tasks.o
    0x08004b9c   0x08004b9c   0x00000030   Code   RO         3842    i.vTaskPlaceOnEventList  tasks.o
    0x08004bcc   0x08004bcc   0x00000038   Code   RO         3843    i.vTaskPlaceOnEventListRestricted  tasks.o
    0x08004c04   0x08004c04   0x00000050   Code   RO         3844    i.vTaskPlaceOnUnorderedEventList  tasks.o
    0x08004c54   0x08004c54   0x00000070   Code   RO         3847    i.vTaskRemoveFromUnorderedEventList  tasks.o
    0x08004cc4   0x08004cc4   0x00000088   Code   RO         3851    i.vTaskStartScheduler  tasks.o
    0x08004d4c   0x08004d4c   0x00000010   Code   RO         3853    i.vTaskSuspendAll   tasks.o
    0x08004d5c   0x08004d5c   0x00000064   Code   RO         3854    i.vTaskSwitchContext  tasks.o
    0x08004dc0   0x08004dc0   0x0000001c   Code   RO         3261    i.xEventGroupCreate  event_groups.o
    0x08004ddc   0x08004ddc   0x0000008c   Code   RO         3264    i.xEventGroupSetBits  event_groups.o
    0x08004e68   0x08004e68   0x00000010   Code   RO         3265    i.xEventGroupSetBitsFromISR  event_groups.o
    0x08004e78   0x08004e78   0x00000108   Code   RO         3267    i.xEventGroupWaitBits  event_groups.o
    0x08004f80   0x08004f80   0x00000034   Code   RO         5533    i.xMBPortEventGet   portevent.o
    0x08004fb4   0x08004fb4   0x00000070   Code   RO         5534    i.xMBPortEventInit  portevent.o
    0x08005024   0x08005024   0x00000050   Code   RO         5535    i.xMBPortEventPost  portevent.o
    0x08005074   0x08005074   0x000001b0   Code   RO         5576    i.xMBPortSerialInit  portserial.o
    0x08005224   0x08005224   0x00000018   Code   RO         5577    i.xMBPortSerialPutBytes  portserial.o
    0x0800523c   0x0800523c   0x00000040   Code   RO         5649    i.xMBPortTimersInit  porttimer.o
    0x0800527c   0x0800527c   0x0000001c   Code   RO         5258    i.xMBRTUReceiveFSM  mbrtu.o
    0x08005298   0x08005298   0x0000003c   Code   RO         5259    i.xMBRTUTimerT35Expired  mbrtu.o
    0x080052d4   0x080052d4   0x0000002c   Code   RO         5260    i.xMBRTUTransmitFSM  mbrtu.o
    0x08005300   0x08005300   0x00000022   Code   RO         5190    i.xMBUtilGetBits    mbutils.o
    0x08005322   0x08005322   0x0000002a   Code   RO         5191    i.xMBUtilSetBits    mbutils.o
    0x0800534c   0x0800534c   0x000000f4   Code   RO         4921    i.xPortStartScheduler  port.o
    0x08005440   0x08005440   0x0000002c   Code   RO         4922    i.xPortSysTickHandler  port.o
    0x0800546c   0x0800546c   0x00000066   Code   RO         3433    i.xQueueGenericCreateStatic  queue.o
    0x080054d2   0x080054d2   0x00000002   PAD
    0x080054d4   0x080054d4   0x00000088   Code   RO         3434    i.xQueueGenericReset  queue.o
    0x0800555c   0x0800555c   0x00000160   Code   RO         3435    i.xQueueGenericSend  queue.o
    0x080056bc   0x080056bc   0x000000be   Code   RO         3436    i.xQueueGenericSendFromISR  queue.o
    0x0800577a   0x0800577a   0x00000002   PAD
    0x0800577c   0x0800577c   0x00000138   Code   RO         3445    i.xQueueReceive     queue.o
    0x080058b4   0x080058b4   0x00000074   Code   RO         3856    i.xTaskCheckForTimeOut  tasks.o
    0x08005928   0x08005928   0x0000005a   Code   RO         3857    i.xTaskCreate       tasks.o
    0x08005982   0x08005982   0x00000056   Code   RO         3858    i.xTaskCreateStatic  tasks.o
    0x080059d8   0x080059d8   0x0000001c   Code   RO         3862    i.xTaskGetSchedulerState  tasks.o
    0x080059f4   0x080059f4   0x0000000c   Code   RO         3863    i.xTaskGetTickCount  tasks.o
    0x08005a00   0x08005a00   0x00000010   Code   RO         3864    i.xTaskGetTickCountFromISR  tasks.o
    0x08005a10   0x08005a10   0x000000c8   Code   RO         3865    i.xTaskIncrementTick  tasks.o
    0x08005ad8   0x08005ad8   0x00000080   Code   RO         3868    i.xTaskPriorityDisinherit  tasks.o
    0x08005b58   0x08005b58   0x00000070   Code   RO         3870    i.xTaskRemoveFromEventList  tasks.o
    0x08005bc8   0x08005bc8   0x000000c4   Code   RO         3871    i.xTaskResumeAll    tasks.o
    0x08005c8c   0x08005c8c   0x00000034   Code   RO         4194    i.xTimerCreate      timers.o
    0x08005cc0   0x08005cc0   0x00000060   Code   RO         4196    i.xTimerCreateTimerTask  timers.o
    0x08005d20   0x08005d20   0x00000068   Code   RO         4197    i.xTimerGenericCommand  timers.o
    0x08005d88   0x08005d88   0x00000028   Code   RO         4203    i.xTimerPendFunctionCallFromISR  timers.o
    0x08005db0   0x08005db0   0x0000005c   Data   RO          381    .constdata          freertos.o
    0x08005e0c   0x08005e0c   0x00000008   Data   RO         1191    .constdata          stm32f4xx_hal_dma.o
    0x08005e14   0x08005e14   0x00000010   Data   RO         3211    .constdata          system_stm32f4xx.o
    0x08005e24   0x08005e24   0x00000008   Data   RO         3212    .constdata          system_stm32f4xx.o
    0x08005e2c   0x08005e2c   0x00000200   Data   RO         5226    .constdata          mbcrc.o
    0x0800602c   0x0800602c   0x00000016   Data   RO          385    .conststring        freertos.o
    0x08006042   0x08006042   0x00000002   PAD
    0x08006044   0x08006044   0x00000020   Data   RO         6413    Region$$Table       anon$$obj.o


    Execution Region RW_IRAM1 (Exec base: 0x20000000, Load base: 0x08006064, Size: 0x00005598, Max: 0x0001c000, ABSOLUTE, COMPRESSED[0x00000054])

    Exec Addr    Load Addr    Size         Type   Attr      Idx    E Section Name        Object

    0x20000000   COMPRESSED   0x00000004   Data   RW           20    .data               uart.o
    0x20000004   COMPRESSED   0x00000008   Data   RW          389    .data               freertos.o
    0x2000000c   COMPRESSED   0x0000000c   Data   RW         1618    .data               stm32f4xx_hal.o
    0x20000018   COMPRESSED   0x00000004   Data   RW         3213    .data               system_stm32f4xx.o
    0x2000001c   COMPRESSED   0x0000003c   Data   RW         3874    .data               tasks.o
    0x20000058   COMPRESSED   0x00000014   Data   RW         4205    .data               timers.o
    0x2000006c   COMPRESSED   0x00000004   Data   RW         4427    .data               cmsis_os2.o
    0x20000070   COMPRESSED   0x00000020   Data   RW         4867    .data               heap_4.o
    0x20000090   COMPRESSED   0x0000000c   Data   RW         4923    .data               port.o
    0x2000009c   COMPRESSED   0x00000002   Data   RW         5159    .data               mbfuncother.o
    0x2000009e   COMPRESSED   0x00000002   PAD
    0x200000a0   COMPRESSED   0x0000000c   Data   RW         5262    .data               mbrtu.o
    0x200000ac   COMPRESSED   0x000000ac   Data   RW         5359    .data               mb.o
    0x20000158   COMPRESSED   0x00000018   Data   RW         5427    .data               user_mb_app.o
    0x20000170   COMPRESSED   0x00000004   Data   RW         5536    .data               portevent.o
    0x20000174   COMPRESSED   0x00000018   Data   RW         5579    .data               portserial.o
    0x2000018c   COMPRESSED   0x00000004   Data   RW         5580    .data               portserial.o
    0x20000190   COMPRESSED   0x00000004   Data   RW         5650    .data               porttimer.o
    0x20000194        -       0x000000c8   Zero   RW           19    .bss                uart.o
    0x2000025c        -       0x00000048   Zero   RW          469    .bss                tim.o
    0x200002a4        -       0x0000021c   Zero   RW          513    .bss                usart.o
    0x200004c0        -       0x00000048   Zero   RW          681    .bss                stm32f4xx_hal_timebase_tim.o
    0x20000508        -       0x00000040   Zero   RW         3449    .bss                queue.o
    0x20000548        -       0x000004c4   Zero   RW         3873    .bss                tasks.o
    0x20000a0c        -       0x00000118   Zero   RW         4204    .bss                timers.o
    0x20000b24        -       0x000006b8   Zero   RW         4426    .bss                cmsis_os2.o
    0x200011dc        -       0x00003c00   Zero   RW         4866    .bss                heap_4.o
    0x20004ddc        -       0x00000020   Zero   RW         5158    .bss                mbfuncother.o
    0x20004dfc        -       0x00000101   Zero   RW         5261    .bss                mbrtu.o
    0x20004efd   COMPRESSED   0x00000001   PAD
    0x20004efe        -       0x00000190   Zero   RW         5426    .bss                user_mb_app.o
    0x2000508e        -       0x00000109   Zero   RW         5578    .bss                portserial.o
    0x20005197   COMPRESSED   0x00000001   PAD
    0x20005198        -       0x00000400   Zero   RW            1    STACK               startup_stm32f407xx.o


    Execution Region RW_IRAM2 (Exec base: 0x2001c000, Load base: 0x080060b8, Size: 0x00000000, Max: 0x00004000, ABSOLUTE)

    **** No section assigned to this execution region ****


==============================================================================

Image component sizes


      Code (inc. data)   RO Data    RW Data    ZI Data      Debug   Object Name

       362         26          0          4       1720      59023   cmsis_os2.o
        60          4          0          0          0        754   dma.o
       472          8          0          0          0      26492   event_groups.o
       118         28        114          8          0       2611   freertos.o
       200         14          0          0          0       1015   gpio.o
       472         24          0         32      15360       4779   heap_4.o
       138          0          0          0          0       3462   list.o
       218         14          0          0          0      27470   main.o
       340         42          0        172          0       4803   mb.o
         0          0          0          0          0        560   mbascii.o
        44          4        512          0          0       1208   mbcrc.o
       300          0          0          0          0       3762   mbfunccoils.o
       114          0          0          0          0       1564   mbfuncdisc.o
       384          0          0          0          0       5179   mbfuncholding.o
        98          0          0          0          0       1559   mbfuncinput.o
        36         10          0          2         32       1363   mbfuncother.o
       542         66          0         12        257      10305   mbrtu.o
       100          0          0          0          0       2614   mbutils.o
       786         82          0         12          0      11337   port.o
        22          0          0          0          0       1458   port_1.o
       244        118          0          4          0       2352   portevent.o
       716        338          0         28        265       7277   portserial.o
       164         38          0          4          0       2689   porttimer.o
      1514         20          0          0         64      17204   queue.o
        36          8        392          0       1024        820   startup_stm32f407xx.o
        80         14          0         12          0       7994   stm32f4xx_hal.o
       158         14          0          0          0      33086   stm32f4xx_hal_cortex.o
      1084         16          8          0          0       7222   stm32f4xx_hal_dma.o
       522         46          0          0          0       2781   stm32f4xx_hal_gpio.o
        56          4          0          0          0        890   stm32f4xx_hal_msp.o
      1450         90          0          0          0       7404   stm32f4xx_hal_rcc.o
       904        102          0          0          0       7370   stm32f4xx_hal_tim.o
       148         28          0          0          0       2401   stm32f4xx_hal_tim_ex.o
       152         20          0          0         72       1439   stm32f4xx_hal_timebase_tim.o
      2540         84          0          0          0      21903   stm32f4xx_hal_uart.o
       288         36          0          0          0       5779   stm32f4xx_it.o
         0          0          0          0          0        392   stream_buffer.o
        16          4         24          4          0       1087   system_stm32f4xx.o
      2316        190          0         60       1220      29664   tasks.o
       108         20          0          0         72       1506   tim.o
      1142         86          0         20        280      32110   timers.o
       244         28          0          4        200     709149   uart.o
       584         56          0          0        540       3298   usart.o
       464         28          0         24        400       6010   user_mb_app.o

    ----------------------------------------------------------------------
     19788       1710       1084        404      21508    1083145   Object Totals
         0          0         32          0          0          0   (incl. Generated)
        52          0          2          2          2          0   (incl. Padding)

    ----------------------------------------------------------------------

      Code (inc. data)   RO Data    RW Data    ZI Data      Debug   Library Member Name

        86          0          0          0          0          0   __dczerorl2.o
         0          0          0          0          0          0   entry.o
         0          0          0          0          0          0   entry10a.o
         0          0          0          0          0          0   entry11a.o
         4          0          0          0          0          0   entry12b.o
         8          4          0          0          0          0   entry2.o
         4          0          0          0          0          0   entry5.o
         0          0          0          0          0          0   entry7b.o
         0          0          0          0          0          0   entry8b.o
         8          4          0          0          0          0   entry9a.o
        30          0          0          0          0          0   handlers.o
        36          8          0          0          0         68   init.o
         0          0          0          0          0          0   iusefp.o
        30          0          0          0          0         68   llshl.o
        36          0          0          0          0         68   llsshr.o
        32          0          0          0          0         68   llushr.o
        36          0          0          0          0         68   memcpya.o
        36          0          0          0          0        108   memseta.o
      2232         86          0          0          0        528   printfa.o
        14          0          0          0          0         68   strlen.o
        44          0          0          0          0         80   uidiv.o
        98          0          0          0          0         92   uldiv.o
        48          0          0          0          0         68   cdrcmple.o
       334          0          0          0          0        148   dadd.o
       222          0          0          0          0        100   ddiv.o
       186          0          0          0          0        176   depilogue.o
        48          0          0          0          0         68   dfixul.o
       228          0          0          0          0         96   dmul.o

    ----------------------------------------------------------------------
      3804        102          0          0          0       1872   Library Totals
         4          0          0          0          0          0   (incl. Padding)

    ----------------------------------------------------------------------

      Code (inc. data)   RO Data    RW Data    ZI Data      Debug   Library Name

      2734        102          0          0          0       1216   mc_w.l
      1066          0          0          0          0        656   mf_w.l

    ----------------------------------------------------------------------
      3804        102          0          0          0       1872   Library Totals

    ----------------------------------------------------------------------

==============================================================================


      Code (inc. data)   RO Data    RW Data    ZI Data      Debug   

     23592       1812       1084        404      21508    1062065   Grand Totals
     23592       1812       1084         84      21508    1062065   ELF Image Totals (compressed)
     23592       1812       1084         84          0          0   ROM Totals

==============================================================================

    Total RO  Size (Code + RO Data)                24676 (  24.10kB)
    Total RW  Size (RW Data + ZI Data)             21912 (  21.40kB)
    Total ROM Size (Code + RO Data + RW Data)      24760 (  24.18kB)

==============================================================================

