<html>
<body>
<pre>
<h1>�Vision Build Log</h1>
<h2>Tool Versions:</h2>
IDE-Version: ��Vision V5.38.0.0
Copyright (C) 2022 ARM Ltd and ARM Germany GmbH. All rights reserved.
License Information: Huang Ting, Souch, LIC=76F5U-S008M-WFSI7-EFAC7-8RH7L-J5XC7
 
Tool Versions:
Toolchain:       MDK-ARM Plus  Version: 5.38.0.0
Toolchain Path:  F:\Keil_v5\ARM\ARMCC\Bin
C Compiler:      Armcc.exe V5.06 update 7 (build 960)
Assembler:       Armasm.exe V5.06 update 7 (build 960)
Linker/Locator:  ArmLink.exe V5.06 update 7 (build 960)
Library Manager: ArmAr.exe V5.06 update 7 (build 960)
Hex Converter:   FromElf.exe V5.06 update 7 (build 960)
CPU DLL:         SARMCM3.DLL V5.38.0.0
Dialog DLL:      DCM.DLL V1.17.5.0
Target DLL:      CMSIS_AGDI.dll V1.33.15.0
Dialog DLL:      TCM.DLL V1.56.4.0
 
<h2>Project:</h2>
D:\Final Design\Modbus\MDK-ARM\Modbus.uvprojx
Project File Date:  03/07/2023

<h2>Output:</h2>
*** Using Compiler 'V5.06 update 7 (build 960)', folder: 'F:\Keil_v5\ARM\ARMCC\Bin'
Build target 'Modbus'
Note: source file '..\FreeModbus\port\FreeRTOS\port.c' - object file renamed from 'Modbus\port.o' to 'Modbus\port_1.o'.
compiling tim.c...
compiling stm32f4xx_it.c...
compiling dma.c...
compiling stm32f4xx_hal_rcc_ex.c...
compiling freertos.c...
../Core/Src/freertos.c(198): warning:  #223-D: function "eMBMasterPoll" declared implicitly
      eMBMasterPoll();
../Core/Src/freertos.c(236): warning:  #223-D: function "eMBMasterReqWriteMultipleHoldingRegister" declared implicitly
      eMBMasterReqWriteMultipleHoldingRegister(1, 0, 10, data, 100);
../Core/Src/freertos.c: 2 warnings, 0 errors
compiling main.c...
compiling stm32f4xx_hal_timebase_tim.c...
compiling stm32f4xx_hal_msp.c...
compiling usart.c...
compiling stm32f4xx_hal_rcc.c...
compiling gpio.c...
compiling uart.c...
compiling stm32f4xx_hal_flash_ramfunc.c...
compiling stm32f4xx_hal_pwr_ex.c...
compiling stm32f4xx_hal_exti.c...
compiling stm32f4xx_hal_gpio.c...
compiling stm32f4xx_hal_flash.c...
compiling stm32f4xx_hal_flash_ex.c...
compiling stm32f4xx_hal_cortex.c...
compiling stm32f4xx_hal_pwr.c...
compiling croutine.c...
compiling list.c...
compiling stm32f4xx_hal_dma.c...
compiling event_groups.c...
compiling stm32f4xx_hal_dma_ex.c...
compiling queue.c...
compiling stream_buffer.c...
compiling stm32f4xx_hal.c...
compiling timers.c...
compiling heap_4.c...
compiling tasks.c...
compiling port.c...
compiling stm32f4xx_hal_tim.c...
compiling stm32f4xx_hal_tim_ex.c...
compiling system_stm32f4xx.c...
compiling stm32f4xx_hal_uart.c...
compiling mbutils.c...
compiling mbfuncother.c...
compiling mbfuncholding.c...
compiling mbfunccoils.c...
compiling mbcrc.c...
compiling mbascii.c...
compiling mbfuncdisc.c...
compiling mbfuncinput.c...
compiling cmsis_os2.c...
compiling mbrtu.c...
compiling portevent.c...
..\FreeModbus\port\FreeRTOS\portevent.c(33): warning:  #223-D: function "printk" declared implicitly
      MODBUS_DEBUG("xMBPortEventInit Success!\r\n");
..\FreeModbus\port\FreeRTOS\portevent.c(35): warning:  #223-D: function "printk" declared implicitly
      MODBUS_DEBUG("xMBPortEventInit Faild !\r\n");
..\FreeModbus\port\FreeRTOS\portevent.c(43): warning:  #223-D: function "printk" declared implicitly
    MODBUS_DEBUG("Post eEvent=%d!\r\n", eEvent);
..\FreeModbus\port\FreeRTOS\portevent.c: 3 warnings, 0 errors
compiling portserial.c...
..\FreeModbus\port\FreeRTOS\portserial.c(72): warning:  #223-D: function "printk" declared implicitly
      MODBUS_DEBUG("Slave using uart2!\r\n");
..\FreeModbus\port\FreeRTOS\portserial.c(79): warning:  #223-D: function "printk" declared implicitly
      MODBUS_DEBUG("Slave using uart3!\r\n");
..\FreeModbus\port\FreeRTOS\portserial.c(119): warning:  #223-D: function "printk" declared implicitly
      MODBUS_DEBUG("Create Slave event_serial Event success!\r\n");
..\FreeModbus\port\FreeRTOS\portserial.c(121): warning:  #223-D: function "printk" declared implicitly
      MODBUS_DEBUG("Create Slave event_serial Event  Faild!\r\n");
..\FreeModbus\port\FreeRTOS\portserial.c(132): warning:  #223-D: function "printk" declared implicitly
      MODBUS_DEBUG("xTaskCreate slave trans success\r\n");
..\FreeModbus\port\FreeRTOS\portserial.c(144): warning:  #223-D: function "printk" declared implicitly
      MODBUS_DEBUG("RS485_RX_MODE\r\n");
..\FreeModbus\port\FreeRTOS\portserial.c(148): warning:  #223-D: function "printk" declared implicitly
      MODBUS_DEBUG("RS485_TX_MODE\r\n");
..\FreeModbus\port\FreeRTOS\portserial.c(200): warning:  #177-D: variable "recved_event"  was declared but never referenced
    uint32_t recved_event;
..\FreeModbus\port\FreeRTOS\portserial.c(47): warning:  #177-D: function "Slave_TxCpltCallback"  was declared but never referenced
  static void Slave_TxCpltCallback(struct __UART_HandleTypeDef *huart);
..\FreeModbus\port\FreeRTOS\portserial.c: 9 warnings, 0 errors
compiling porttimer.c...
..\FreeModbus\port\FreeRTOS\porttimer.c(42): warning:  #167-D: argument of type "void (*)(TIM_HandleTypeDef *)" is incompatible with parameter of type "TimerCallbackFunction_t"
        pdFALSE, (void *)2, timer_timeout_ind);
..\FreeModbus\port\FreeRTOS\porttimer.c(45): warning:  #940-D: missing return statement at end of non-void function "xMBPortTimersInit" 
  }
..\FreeModbus\port\FreeRTOS\porttimer.c: 2 warnings, 0 errors
compiling port.c...
..\FreeModbus\port\FreeRTOS\port.c(77): warning:  #14-D: extra text after expected end of preprocessing directive
  #ifndef IS_IRQ()
..\FreeModbus\port\FreeRTOS\port.c: 1 warning, 0 errors
compiling user_mb_app.c...
compiling mb.c...
..\FreeModbus\modbus\mb.c(64): warning:  #550-D: variable "eMBCurrentMode"  was set but never used
  static eMBMode  eMBCurrentMode;
..\FreeModbus\modbus\mb.c: 1 warning, 0 errors
compiling mbfuncholding_m.c...
compiling mbfuncdisc_m.c...
compiling mbfunccoils_m.c...
compiling mbrtu_m.c...
compiling mbfuncinput_m.c...
compiling mb_m.c...
compiling user_mb_app_m.c...
compiling portevent_m.c...
..\FreeModbus\port\FreeRTOS\portevent_m.c(37): warning:  #223-D: function "printk" declared implicitly
      MODBUS_DEBUG("xMBMasterPortEventInit Success!\r\n");
..\FreeModbus\port\FreeRTOS\portevent_m.c(40): warning:  #223-D: function "printk" declared implicitly
      MODBUS_DEBUG("xMBMasterPortEventInit Faild\r\n");
..\FreeModbus\port\FreeRTOS\portevent_m.c(48): warning:  #223-D: function "printk" declared implicitly
    MODBUS_DEBUG("postEvent=%d\r\n", eEvent);
..\FreeModbus\port\FreeRTOS\portevent_m.c: 3 warnings, 0 errors
compiling portserial_m.c...
..\FreeModbus\port\FreeRTOS\portserial_m.c(72): warning:  #223-D: function "printk" declared implicitly
      MODBUS_DEBUG("Master using uart2!\r\n");
..\FreeModbus\port\FreeRTOS\portserial_m.c(79): warning:  #223-D: function "printk" declared implicitly
      MODBUS_DEBUG("Master using uart3!\r\n");
..\FreeModbus\port\FreeRTOS\portserial_m.c(120): warning:  #223-D: function "printk" declared implicitly
      MODBUS_DEBUG("Master create event_serial success! event_serial=%d\r\n",
..\FreeModbus\port\FreeRTOS\portserial_m.c(123): warning:  #223-D: function "printk" declared implicitly
      MODBUS_DEBUG("Master create event_serial Failed!\r\n");
..\FreeModbus\port\FreeRTOS\portserial_m.c(134): warning:  #223-D: function "printk" declared implicitly
      MODBUS_DEBUG("xTaskCreate Master trans success\r\n");
..\FreeModbus\port\FreeRTOS\portserial_m.c(136): warning:  #223-D: function "printk" declared implicitly
      MODBUS_DEBUG("xTaskCreate Master trans faild!\r\n");
..\FreeModbus\port\FreeRTOS\portserial_m.c(148): warning:  #223-D: function "printk" declared implicitly
      MODBUS_DEBUG("RS485_RX_MODE\r\n");
..\FreeModbus\port\FreeRTOS\portserial_m.c(155): warning:  #223-D: function "printk" declared implicitly
      MODBUS_DEBUG("RS485_TX_MODE\r\n");
..\FreeModbus\port\FreeRTOS\portserial_m.c(35): warning:  #177-D: variable "thread_serial_soft_trans_irq"  was declared but never referenced
  static TaskHandle_t thread_serial_soft_trans_irq = NULL; /* 创建任务句柄 */
..\FreeModbus\port\FreeRTOS\portserial_m.c(49): warning:  #177-D: function "Master_TxCpltCallback"  was declared but never referenced
  static void Master_TxCpltCallback(struct __UART_HandleTypeDef *huart);
..\FreeModbus\port\FreeRTOS\portserial_m.c: 10 warnings, 0 errors
compiling porttimer_m.c...
..\FreeModbus\port\FreeRTOS\porttimer_m.c(48): warning:  #223-D: function "printk" declared implicitly
      MODBUS_DEBUG(" Create Master Timer Success!\r\n");
..\FreeModbus\port\FreeRTOS\porttimer_m.c(51): warning:  #223-D: function "printk" declared implicitly
      MODBUS_DEBUG(" Create Master Timer Faild!\r\n");
..\FreeModbus\port\FreeRTOS\porttimer_m.c: 2 warnings, 0 errors
linking...
Program Size: Code=22972 RO-data=1084 RW-data=396 ZI-data=21508  
FromELF: creating hex file...
"Modbus\Modbus.axf" - 0 Error(s), 33 Warning(s).

<h2>Software Packages used:</h2>

Package Vendor: ARM
                http://www.keil.com/pack/ARM.CMSIS.5.9.0.pack
                ARM.CMSIS.5.9.0
                CMSIS (Common Microcontroller Software Interface Standard)
   * Component: CORE Version: 5.6.0

Package Vendor: Keil
                https://www.keil.com/pack/Keil.STM32F4xx_DFP.2.17.0.pack
                Keil.STM32F4xx_DFP.2.17.0
                STMicroelectronics STM32F4 Series Device Support, Drivers and Examples

<h2>Collection of Component include folders:</h2>
  ./RTE/_Modbus
  F:/Keil_v5/ARM/Packs/ARM/CMSIS/5.9.0/CMSIS/Core/Include
  F:/Keil_v5/ARM/Packs/Keil/STM32F4xx_DFP/2.17.0/Drivers/CMSIS/Device/ST/STM32F4xx/Include

<h2>Collection of Component Files used:</h2>

   * Component: ARM::CMSIS:CORE:5.6.0
      Include file:  CMSIS/Core/Include/tz_context.h
Build Time Elapsed:  00:00:22
</pre>
</body>
</html>
