Component: ARM Compiler 5.06 update 7 (build 960) Tool: armlink [4d3601]

==============================================================================

Section Cross References

    startup_stm32f407xx.o(RESET) refers to startup_stm32f407xx.o(STACK) for __initial_sp
    startup_stm32f407xx.o(RESET) refers to startup_stm32f407xx.o(.text) for Reset_Handler
    startup_stm32f407xx.o(RESET) refers to stm32f4xx_it.o(i.NMI_Handler) for NMI_Handler
    startup_stm32f407xx.o(RESET) refers to stm32f4xx_it.o(i.HardFault_Handler) for HardFault_Handler
    startup_stm32f407xx.o(RESET) refers to stm32f4xx_it.o(i.MemManage_Handler) for MemManage_Handler
    startup_stm32f407xx.o(RESET) refers to stm32f4xx_it.o(i.BusFault_Handler) for BusFault_Handler
    startup_stm32f407xx.o(RESET) refers to stm32f4xx_it.o(i.UsageFault_Handler) for UsageFault_Handler
    startup_stm32f407xx.o(RESET) refers to port.o(.emb_text) for SVC_Handler
    startup_stm32f407xx.o(RESET) refers to stm32f4xx_it.o(i.DebugMon_Handler) for DebugMon_Handler
    startup_stm32f407xx.o(RESET) refers to cmsis_os2.o(i.SysTick_Handler) for SysTick_Handler
    startup_stm32f407xx.o(RESET) refers to stm32f4xx_it.o(i.DMA1_Stream5_IRQHandler) for DMA1_Stream5_IRQHandler
    startup_stm32f407xx.o(RESET) refers to stm32f4xx_it.o(i.DMA1_Stream6_IRQHandler) for DMA1_Stream6_IRQHandler
    startup_stm32f407xx.o(RESET) refers to uart.o(i.USART1_IRQHandler) for USART1_IRQHandler
    startup_stm32f407xx.o(RESET) refers to stm32f4xx_it.o(i.USART2_IRQHandler) for USART2_IRQHandler
    startup_stm32f407xx.o(RESET) refers to stm32f4xx_it.o(i.USART3_IRQHandler) for USART3_IRQHandler
    startup_stm32f407xx.o(RESET) refers to stm32f4xx_it.o(i.TIM6_DAC_IRQHandler) for TIM6_DAC_IRQHandler
    startup_stm32f407xx.o(.text) refers to system_stm32f4xx.o(i.SystemInit) for SystemInit
    startup_stm32f407xx.o(.text) refers to entry.o(.ARM.Collect$$$$00000000) for __main
    uart.o(i.HAL_UART_RxCpltCallback) refers to uart.o(.data) for .data
    uart.o(i.HAL_UART_RxCpltCallback) refers to uart.o(.bss) for .bss
    uart.o(i.USART1_IRQHandler) refers to stm32f4xx_hal_uart.o(i.HAL_UART_IRQHandler) for HAL_UART_IRQHandler
    uart.o(i.USART1_IRQHandler) refers to stm32f4xx_hal_uart.o(i.HAL_UART_GetState) for HAL_UART_GetState
    uart.o(i.USART1_IRQHandler) refers to stm32f4xx_hal_uart.o(i.HAL_UART_Receive_IT) for HAL_UART_Receive_IT
    uart.o(i.USART1_IRQHandler) refers to usart.o(.bss) for huart1
    uart.o(i.USART1_IRQHandler) refers to uart.o(.data) for .data
    uart.o(i.fgetc) refers to stm32f4xx_hal_uart.o(i.HAL_UART_Receive) for HAL_UART_Receive
    uart.o(i.fgetc) refers to usart.o(.bss) for huart1
    uart.o(i.printk) refers to uart.o(i.inHandlerMode) for inHandlerMode
    uart.o(i.printk) refers to cmsis_os2.o(i.osThreadYield) for osThreadYield
    uart.o(i.printk) refers to stm32f4xx_hal_uart.o(i.HAL_UART_GetState) for HAL_UART_GetState
    uart.o(i.printk) refers to printfa.o(i.__0vsprintf) for vsprintf
    uart.o(i.printk) refers to strlen.o(.text) for strlen
    uart.o(i.printk) refers to stm32f4xx_hal_uart.o(i.HAL_UART_Transmit) for HAL_UART_Transmit
    uart.o(i.printk) refers to usart.o(.bss) for huart1
    main.o(i.HAL_TIM_PeriodElapsedCallback) refers to stm32f4xx_hal.o(i.HAL_IncTick) for HAL_IncTick
    main.o(i.SystemClock_Config) refers to memseta.o(.text) for __aeabi_memclr4
    main.o(i.SystemClock_Config) refers to stm32f4xx_hal_rcc.o(i.HAL_RCC_OscConfig) for HAL_RCC_OscConfig
    main.o(i.SystemClock_Config) refers to stm32f4xx_hal_rcc.o(i.HAL_RCC_ClockConfig) for HAL_RCC_ClockConfig
    main.o(i.SystemClock_Config) refers to stm32f4xx_hal_rcc.o(i.HAL_RCC_EnableCSS) for HAL_RCC_EnableCSS
    main.o(i.main) refers to stm32f4xx_hal.o(i.HAL_Init) for HAL_Init
    main.o(i.main) refers to main.o(i.SystemClock_Config) for SystemClock_Config
    main.o(i.main) refers to gpio.o(i.MX_GPIO_Init) for MX_GPIO_Init
    main.o(i.main) refers to dma.o(i.MX_DMA_Init) for MX_DMA_Init
    main.o(i.main) refers to usart.o(i.MX_USART1_UART_Init) for MX_USART1_UART_Init
    main.o(i.main) refers to usart.o(i.MX_USART2_UART_Init) for MX_USART2_UART_Init
    main.o(i.main) refers to usart.o(i.MX_USART3_UART_Init) for MX_USART3_UART_Init
    main.o(i.main) refers to tim.o(i.MX_TIM7_Init) for MX_TIM7_Init
    main.o(i.main) refers to cmsis_os2.o(i.osKernelInitialize) for osKernelInitialize
    main.o(i.main) refers to freertos.o(i.MX_FREERTOS_Init) for MX_FREERTOS_Init
    main.o(i.main) refers to cmsis_os2.o(i.osKernelStart) for osKernelStart
    gpio.o(i.MX_GPIO_Init) refers to memseta.o(.text) for __aeabi_memclr4
    gpio.o(i.MX_GPIO_Init) refers to stm32f4xx_hal_gpio.o(i.HAL_GPIO_WritePin) for HAL_GPIO_WritePin
    gpio.o(i.MX_GPIO_Init) refers to stm32f4xx_hal_gpio.o(i.HAL_GPIO_Init) for HAL_GPIO_Init
    freertos.o(i.MX_FREERTOS_Init) refers to stm32f4xx_hal_tim.o(i.HAL_TIM_Base_Start) for HAL_TIM_Base_Start
[...]
    i.xEventGroupSetBits                     0x08004afc   Section        0  event_groups.o(i.xEventGroupSetBits)
    i.xEventGroupSetBitsFromISR              0x08004b88   Section        0  event_groups.o(i.xEventGroupSetBitsFromISR)
    i.xEventGroupWaitBits                    0x08004b98   Section        0  event_groups.o(i.xEventGroupWaitBits)
    i.xMBPortEventGet                        0x08004ca0   Section        0  portevent.o(i.xMBPortEventGet)
    i.xMBPortEventInit                       0x08004cd4   Section        0  portevent.o(i.xMBPortEventInit)
    i.xMBPortEventPost                       0x08004d44   Section        0  portevent.o(i.xMBPortEventPost)
    i.xMBPortSerialGetByte                   0x08004d94   Section        0  portserial.o(i.xMBPortSerialGetByte)
    i.xMBPortSerialInit                      0x08004da8   Section        0  portserial.o(i.xMBPortSerialInit)
    i.xMBPortSerialPutByte                   0x08004f64   Section        0  portserial.o(i.xMBPortSerialPutByte)
    i.xMBPortTimersInit                      0x08004f7c   Section        0  porttimer.o(i.xMBPortTimersInit)
    i.xMBRTUReceiveFSM                       0x08004fbc   Section        0  mbrtu.o(i.xMBRTUReceiveFSM)
    i.xMBRTUTimerT35Expired                  0x0800501c   Section        0  mbrtu.o(i.xMBRTUTimerT35Expired)
    i.xMBRTUTransmitFSM                      0x08005044   Section        0  mbrtu.o(i.xMBRTUTransmitFSM)
    i.xMBUtilGetBits                         0x08005094   Section        0  mbutils.o(i.xMBUtilGetBits)
    i.xMBUtilSetBits                         0x080050b6   Section        0  mbutils.o(i.xMBUtilSetBits)
    i.xPortStartScheduler                    0x080050e0   Section        0  port.o(i.xPortStartScheduler)
    i.xPortSysTickHandler                    0x080051d4   Section        0  port.o(i.xPortSysTickHandler)
    i.xQueueGenericCreateStatic              0x08005200   Section        0  queue.o(i.xQueueGenericCreateStatic)
    i.xQueueGenericReset                     0x08005268   Section        0  queue.o(i.xQueueGenericReset)
    i.xQueueGenericSend                      0x080052f0   Section        0  queue.o(i.xQueueGenericSend)
    i.xQueueGenericSendFromISR               0x08005450   Section        0  queue.o(i.xQueueGenericSendFromISR)
    i.xQueueReceive                          0x08005510   Section        0  queue.o(i.xQueueReceive)
    i.xTaskCheckForTimeOut                   0x08005648   Section        0  tasks.o(i.xTaskCheckForTimeOut)
    i.xTaskCreate                            0x080056bc   Section        0  tasks.o(i.xTaskCreate)
    i.xTaskCreateStatic                      0x08005716   Section        0  tasks.o(i.xTaskCreateStatic)
    i.xTaskGetSchedulerState                 0x0800576c   Section        0  tasks.o(i.xTaskGetSchedulerState)
    i.xTaskGetTickCount                      0x08005788   Section        0  tasks.o(i.xTaskGetTickCount)
    i.xTaskGetTickCountFromISR               0x08005794   Section        0  tasks.o(i.xTaskGetTickCountFromISR)
    i.xTaskIncrementTick                     0x080057a4   Section        0  tasks.o(i.xTaskIncrementTick)
    i.xTaskPriorityDisinherit                0x0800586c   Section        0  tasks.o(i.xTaskPriorityDisinherit)
    i.xTaskRemoveFromEventList               0x080058ec   Section        0  tasks.o(i.xTaskRemoveFromEventList)
    i.xTaskResumeAll                         0x0800595c   Section        0  tasks.o(i.xTaskResumeAll)
    i.xTimerCreate                           0x08005a20   Section        0  timers.o(i.xTimerCreate)
    i.xTimerCreateTimerTask                  0x08005a54   Section        0  timers.o(i.xTimerCreateTimerTask)
    i.xTimerGenericCommand                   0x08005ab4   Section        0  timers.o(i.xTimerGenericCommand)
    i.xTimerPendFunctionCallFromISR          0x08005b1c   Section        0  timers.o(i.xTimerPendFunctionCallFromISR)
    .constdata                               0x08005b44   Section       92  freertos.o(.constdata)
    .constdata                               0x08005ba0   Section        8  stm32f4xx_hal_dma.o(.constdata)
    flagBitshiftOffset                       0x08005ba0   Data           8  stm32f4xx_hal_dma.o(.constdata)
    .constdata                               0x08005ba8   Section       16  system_stm32f4xx.o(.constdata)
    .constdata                               0x08005bb8   Section        8  system_stm32f4xx.o(.constdata)
    .constdata                               0x08005bc0   Section      512  mbcrc.o(.constdata)
    aucCRCHi                                 0x08005bc0   Data         256  mbcrc.o(.constdata)
    aucCRCLo                                 0x08005cc0   Data         256  mbcrc.o(.constdata)
    .conststring                             0x08005dc0   Section       22  freertos.o(.conststring)
    .data                                    0x20000000   Section        4  uart.o(.data)
    .data                                    0x20000004   Section        8  freertos.o(.data)
    .data                                    0x2000000c   Section       12  stm32f4xx_hal.o(.data)
    .data                                    0x20000018   Section        4  system_stm32f4xx.o(.data)
    .data                                    0x2000001c   Section       60  tasks.o(.data)
    uxDeletedTasksWaitingCleanUp             0x20000020   Data           4  tasks.o(.data)
    uxCurrentNumberOfTasks                   0x20000024   Data           4  tasks.o(.data)
    xTickCount                               0x20000028   Data           4  tasks.o(.data)
    uxTopReadyPriority                       0x2000002c   Data           4  tasks.o(.data)
    xSchedulerRunning                        0x20000030   Data           4  tasks.o(.data)
    xPendedTicks                             0x20000034   Data           4  tasks.o(.data)
    xYieldPending                            0x20000038   Data           4  tasks.o(.data)
    xNumOfOverflows                          0x2000003c   Data           4  tasks.o(.data)
    uxTaskNumber                             0x20000040   Data           4  tasks.o(.data)
    xNextTaskUnblockTime                     0x20000044   Data           4  tasks.o(.data)
    xIdleTaskHandle                          0x20000048   Data           4  tasks.o(.data)
    uxSchedulerSuspended                     0x2000004c   Data           4  tasks.o(.data)
    pxDelayedTaskList                        0x20000050   Data           4  tasks.o(.data)
    pxOverflowDelayedTaskList                0x20000054   Data           4  tasks.o(.data)
    .data                                    0x20000058   Section       20  timers.o(.data)
    xTimerQueue                              0x20000058   Data           4  timers.o(.data)
    xTimerTaskHandle                         0x2000005c   Data           4  timers.o(.data)
    xLastTime                                0x20000060   Data           4  timers.o(.data)
    pxCurrentTimerList                       0x20000064   Data           4  timers.o(.data)
    pxOverflowTimerList                      0x20000068   Data           4  timers.o(.data)
    .data                                    0x2000006c   Section        4  cmsis_os2.o(.data)
    KernelState                              0x2000006c   Data           4  cmsis_os2.o(.data)
    .data                                    0x20000070   Section       32  heap_4.o(.data)
    pxEnd                                    0x20000070   Data           4  heap_4.o(.data)
    xFreeBytesRemaining                      0x20000074   Data           4  heap_4.o(.data)
    xMinimumEverFreeBytesRemaining           0x20000078   Data           4  heap_4.o(.data)
    xNumberOfSuccessfulAllocations           0x2000007c   Data           4  heap_4.o(.data)
    xNumberOfSuccessfulFrees                 0x20000080   Data           4  heap_4.o(.data)
    xBlockAllocatedBit                       0x20000084   Data           4  heap_4.o(.data)
    xStart                                   0x20000088   Data           8  heap_4.o(.data)
    .data                                    0x20000090   Section       12  port.o(.data)
    ucMaxSysCallPriority                     0x20000090   Data           1  port.o(.data)
    uxCriticalNesting                        0x20000094   Data           4  port.o(.data)
    ulMaxPRIGROUPValue                       0x20000098   Data           4  port.o(.data)
    .data                                    0x2000009c   Section        2  mbfuncother.o(.data)
    usMBSlaveIDLen                           0x2000009c   Data           2  mbfuncother.o(.data)
    .data                                    0x200000a0   Section       12  mbrtu.o(.data)
    eSndState                                0x200000a0   Data           1  mbrtu.o(.data)
    eRcvState                                0x200000a1   Data           1  mbrtu.o(.data)
    usSndBufferCount                         0x200000a2   Data           2  mbrtu.o(.data)
    usRcvBufferPos                           0x200000a4   Data           2  mbrtu.o(.data)
    pucSndBufferCur                          0x200000a8   Data           4  mbrtu.o(.data)
    .data                                    0x200000ac   Section      172  mb.o(.data)
    eMBState                                 0x200000ac   Data           1  mb.o(.data)
    ucRcvAddress                             0x200000ad   Data           1  mb.o(.data)
    ucFunctionCode                           0x200000ae   Data           1  mb.o(.data)
    eException                               0x200000af   Data           1  mb.o(.data)
    ucMBAddress                              0x200000b0   Data           1  mb.o(.data)
    eMBCurrentMode                           0x200000b1   Data           1  mb.o(.data)
    usLength                                 0x200000b2   Data           2  mb.o(.data)
    ucMBFrame                                0x200000b4   Data           4  mb.o(.data)
    peMBFrameSendCur                         0x200000b8   Data           4  mb.o(.data)
    pvMBFrameStartCur                        0x200000bc   Data           4  mb.o(.data)
    pvMBFrameStopCur                         0x200000c0   Data           4  mb.o(.data)
    peMBFrameReceiveCur                      0x200000c4   Data           4  mb.o(.data)
    pvMBFrameCloseCur                        0x200000c8   Data           4  mb.o(.data)
    xFuncHandlers                            0x200000d8   Data         128  mb.o(.data)
    .data                                    0x20000158   Section       24  user_mb_app.o(.data)
    .data                                    0x20000170   Section        4  portevent.o(.data)
    xSlaveOsEvent                            0x20000170   Data           4  portevent.o(.data)
    .data                                    0x20000174   Section       20  portserial.o(.data)
    thread_serial_soft_trans_irq             0x20000174   Data           4  portserial.o(.data)
    event_serial                             0x20000178   Data           4  portserial.o(.data)
    serial                                   0x2000017c   Data           4  portserial.o(.data)
    Slave_serial_rx_fifo                     0x20000180   Data           8  portserial.o(.data)
    .data                                    0x20000188   Section        4  porttimer.o(.data)
    timer                                    0x20000188   Data           4  porttimer.o(.data)
    .bss                                     0x2000018c   Section      200  uart.o(.bss)
    .bss                                     0x20000254   Section       72  tim.o(.bss)
    .bss                                     0x2000029c   Section      540  usart.o(.bss)
    .bss                                     0x200004b8   Section       72  stm32f4xx_hal_timebase_tim.o(.bss)
    .bss                                     0x20000500   Section       64  queue.o(.bss)
    .bss                                     0x20000540   Section     1220  tasks.o(.bss)
    pxReadyTasksLists                        0x20000540   Data        1120  tasks.o(.bss)
    xDelayedTaskList1                        0x200009a0   Data          20  tasks.o(.bss)
    xDelayedTaskList2                        0x200009b4   Data          20  tasks.o(.bss)
    xPendingReadyList                        0x200009c8   Data          20  tasks.o(.bss)
    xTasksWaitingTermination                 0x200009dc   Data          20  tasks.o(.bss)
    xSuspendedTaskList                       0x200009f0   Data          20  tasks.o(.bss)
    .bss                                     0x20000a04   Section      280  timers.o(.bss)
    xStaticTimerQueue                        0x20000a04   Data          80  timers.o(.bss)
    ucStaticTimerQueueStorage                0x20000a54   Data         160  timers.o(.bss)
    xActiveTimerList1                        0x20000af4   Data          20  timers.o(.bss)
    xActiveTimerList2                        0x20000b08   Data          20  timers.o(.bss)
    .bss                                     0x20000b1c   Section     1720  cmsis_os2.o(.bss)
    Idle_TCB                                 0x20000b1c   Data          92  cmsis_os2.o(.bss)
    Idle_Stack                               0x20000b78   Data         512  cmsis_os2.o(.bss)
    Timer_TCB                                0x20000d78   Data          92  cmsis_os2.o(.bss)
    Timer_Stack                              0x20000dd4   Data        1024  cmsis_os2.o(.bss)
    .bss                                     0x200011d4   Section    15360  heap_4.o(.bss)
    ucHeap                                   0x200011d4   Data       15360  heap_4.o(.bss)
    .bss                                     0x20004dd4   Section       32  mbfuncother.o(.bss)
    ucMBSlaveID                              0x20004dd4   Data          32  mbfuncother.o(.bss)
    .bss                                     0x20004df4   Section      256  mbrtu.o(.bss)
    .bss                                     0x20004ef4   Section      400  user_mb_app.o(.bss)
    .bss                                     0x20005084   Section      265  portserial.o(.bss)
    rx_buff                                  0x20005084   Data         265  portserial.o(.bss)
    STACK                                    0x20005190   Section     1024  startup_stm32f407xx.o(STACK)

    Global Symbols

    Symbol Name                              Value     Ov Type        Size  Object(Section)

    BuildAttributes$$THM_ISAv4$E$P$D$K$B$S$7EM$VFPi3$EXTD16$VFPS$VFMA$PE$A:L22UL41UL21$X:L11$S22US41US21$IEEE1$IW$USESV6$~STKCKD$USESV7$~SHL$OSPACE$ROPI$EBA8$MICROLIB$REQ8$PRES8$EABIv2 0x00000000   Number         0  anon$$obj.o ABSOLUTE
    __ARM_use_no_argv                        0x00000000   Number         0  main.o ABSOLUTE
    __arm_fini_                               - Undefined Weak Reference
    __cpp_initialize__aeabi_                  - Undefined Weak Reference
    __cxa_finalize                            - Undefined Weak Reference
    _clock_init                               - Undefined Weak Reference
    _microlib_exit                            - Undefined Weak Reference
    __Vectors_Size                           0x00000188   Number         0  startup_stm32f407xx.o ABSOLUTE
    __Vectors                                0x08000000   Data           4  startup_stm32f407xx.o(RESET)
    __Vectors_End                            0x08000188   Data           0  startup_stm32f407xx.o(RESET)
    __main                                   0x08000189   Thumb Code     0  entry.o(.ARM.Collect$$$$00000000)
    _main_stk                                0x08000189   Thumb Code     0  entry2.o(.ARM.Collect$$$$00000001)
    _main_scatterload                        0x0800018d   Thumb Code     0  entry5.o(.ARM.Collect$$$$00000004)
    __main_after_scatterload                 0x08000191   Thumb Code     0  entry5.o(.ARM.Collect$$$$00000004)
    _main_clock                              0x08000191   Thumb Code     0  entry7b.o(.ARM.Collect$$$$00000008)
    _main_cpp_init                           0x08000191   Thumb Code     0  entry8b.o(.ARM.Collect$$$$0000000A)
    _main_init                               0x08000191   Thumb Code     0  entry9a.o(.ARM.Collect$$$$0000000B)
    __rt_lib_shutdown_fini                   0x08000199   Thumb Code     0  entry12b.o(.ARM.Collect$$$$0000000E)
    __rt_final_cpp                           0x0800019d   Thumb Code     0  entry10a.o(.ARM.Collect$$$$0000000F)
    __rt_final_exit                          0x0800019d   Thumb Code     0  entry11a.o(.ARM.Collect$$$$00000011)
    SVC_Handler                              0x080001a1   Thumb Code    28  port.o(.emb_text)
    __asm___6_port_c_39a90d8d__prvStartFirstTask 0x080001c1   Thumb Code    36  port.o(.emb_text)
    __asm___6_port_c_39a90d8d__prvEnableVFP  0x080001e9   Thumb Code    16  port.o(.emb_text)
    PendSV_Handler                           0x080001fd   Thumb Code    88  port.o(.emb_text)
    vPortGetIPSR                             0x08000259   Thumb Code     6  port.o(.emb_text)
    Reset_Handler                            0x08000261   Thumb Code     8  startup_stm32f407xx.o(.text)
    ADC_IRQHandler                           0x0800027b   Thumb Code     0  startup_stm32f407xx.o(.text)
    CAN1_RX0_IRQHandler                      0x0800027b   Thumb Code     0  startup_stm32f407xx.o(.text)
    CAN1_RX1_IRQHandler                      0x0800027b   Thumb Code     0  startup_stm32f407xx.o(.text)
    CAN1_SCE_IRQHandler                      0x0800027b   Thumb Code     0  startup_stm32f407xx.o(.text)
    CAN1_TX_IRQHandler                       0x0800027b   Thumb Code     0  startup_stm32f407xx.o(.text)
    CAN2_RX0_IRQHandler                      0x0800027b   Thumb Code     0  startup_stm32f407xx.o(.text)
    CAN2_RX1_IRQHandler                      0x0800027b   Thumb Code     0  startup_stm32f407xx.o(.text)
    CAN2_SCE_IRQHandler                      0x0800027b   Thumb Code     0  startup_stm32f407xx.o(.text)
    CAN2_TX_IRQHandler                       0x0800027b   Thumb Code     0  startup_stm32f407xx.o(.text)
    DCMI_IRQHandler                          0x0800027b   Thumb Code     0  startup_stm32f407xx.o(.text)
    DMA1_Stream0_IRQHandler                  0x0800027b   Thumb Code     0  startup_stm32f407xx.o(.text)
    DMA1_Stream1_IRQHandler                  0x0800027b   Thumb Code     0  startup_stm32f407xx.o(.text)
    DMA1_Stream2_IRQHandler                  0x0800027b   Thumb Code     0  startup_stm32f407xx.o(.text)
    DMA1_Stream3_IRQHandler                  0x0800027b   Thumb Code     0  startup_stm32f407xx.o(.text)
    DMA1_Stream4_IRQHandler                  0x0800027b   Thumb Code     0  startup_stm32f407xx.o(.text)
    DMA1_Stream7_IRQHandler                  0x0800027b   Thumb Code     0  startup_stm32f407xx.o(.text)
    DMA2_Stream0_IRQHandler                  0x0800027b   Thumb Code     0  startup_stm32f407xx.o(.text)
    DMA2_Stream1_IRQHandler                  0x0800027b   Thumb Code     0  startup_stm32f407xx.o(.text)
    DMA2_Stream2_IRQHandler                  0x0800027b   Thumb Code     0  startup_stm32f407xx.o(.text)
    DMA2_Stream3_IRQHandler                  0x0800027b   Thumb Code     0  startup_stm32f407xx.o(.text)
    DMA2_Stream4_IRQHandler                  0x0800027b   Thumb Code     0  startup_stm32f407xx.o(.text)
    DMA2_Stream5_IRQHandler                  0x0800027b   Thumb Code     0  startup_stm32f407xx.o(.text)
    DMA2_Stream6_IRQHandler                  0x0800027b   Thumb Code     0  startup_stm32f407xx.o(.text)
    DMA2_Stream7_IRQHandler                  0x0800027b   Thumb Code     0  startup_stm32f407xx.o(.text)
    ETH_IRQHandler                           0x0800027b   Thumb Code     0  startup_stm32f407xx.o(.text)
    ETH_WKUP_IRQHandler                      0x0800027b   Thumb Code     0  startup_stm32f407xx.o(.text)
    EXTI0_IRQHandler                         0x0800027b   Thumb Code     0  startup_stm32f407xx.o(.text)
    EXTI15_10_IRQHandler                     0x0800027b   Thumb Code     0  startup_stm32f407xx.o(.text)
    EXTI1_IRQHandler                         0x0800027b   Thumb Code     0  startup_stm32f407xx.o(.text)
    EXTI2_IRQHandler                         0x0800027b   Thumb Code     0  startup_stm32f407xx.o(.text)
    EXTI3_IRQHandler                         0x0800027b   Thumb Code     0  startup_stm32f407xx.o(.text)
    EXTI4_IRQHandler                         0x0800027b   Thumb Code     0  startup_stm32f407xx.o(.text)
    EXTI9_5_IRQHandler                       0x0800027b   Thumb Code     0  startup_stm32f407xx.o(.text)
    FLASH_IRQHandler                         0x0800027b   Thumb Code     0  startup_stm32f407xx.o(.text)
    FMC_IRQHandler                           0x0800027b   Thumb Code     0  startup_stm32f407xx.o(.text)
    FPU_IRQHandler                           0x0800027b   Thumb Code     0  startup_stm32f407xx.o(.text)
    HASH_RNG_IRQHandler                      0x0800027b   Thumb Code     0  startup_stm32f407xx.o(.text)
    I2C1_ER_IRQHandler                       0x0800027b   Thumb Code     0  startup_stm32f407xx.o(.text)
    I2C1_EV_IRQHandler                       0x0800027b   Thumb Code     0  startup_stm32f407xx.o(.text)
    I2C2_ER_IRQHandler                       0x0800027b   Thumb Code     0  startup_stm32f407xx.o(.text)
    I2C2_EV_IRQHandler                       0x0800027b   Thumb Code     0  startup_stm32f407xx.o(.text)
    I2C3_ER_IRQHandler                       0x0800027b   Thumb Code     0  startup_stm32f407xx.o(.text)
    I2C3_EV_IRQHandler                       0x0800027b   Thumb Code     0  startup_stm32f407xx.o(.text)
    OTG_FS_IRQHandler                        0x0800027b   Thumb Code     0  startup_stm32f407xx.o(.text)
    OTG_FS_WKUP_IRQHandler                   0x0800027b   Thumb Code     0  startup_stm32f407xx.o(.text)
    OTG_HS_EP1_IN_IRQHandler                 0x0800027b   Thumb Code     0  startup_stm32f407xx.o(.text)
    OTG_HS_EP1_OUT_IRQHandler                0x0800027b   Thumb Code     0  startup_stm32f407xx.o(.text)
    OTG_HS_IRQHandler                        0x0800027b   Thumb Code     0  startup_stm32f407xx.o(.text)
    OTG_HS_WKUP_IRQHandler                   0x0800027b   Thumb Code     0  startup_stm32f407xx.o(.text)
    PVD_IRQHandler                           0x0800027b   Thumb Code     0  startup_stm32f407xx.o(.text)
    RCC_IRQHandler                           0x0800027b   Thumb Code     0  startup_stm32f407xx.o(.text)
    RTC_Alarm_IRQHandler                     0x0800027b   Thumb Code     0  startup_stm32f407xx.o(.text)
    RTC_WKUP_IRQHandler                      0x0800027b   Thumb Code     0  startup_stm32f407xx.o(.text)
    SDIO_IRQHandler                          0x0800027b   Thumb Code     0  startup_stm32f407xx.o(.text)
    SPI1_IRQHandler                          0x0800027b   Thumb Code     0  startup_stm32f407xx.o(.text)
    SPI2_IRQHandler                          0x0800027b   Thumb Code     0  startup_stm32f407xx.o(.text)
    SPI3_IRQHandler                          0x0800027b   Thumb Code     0  startup_stm32f407xx.o(.text)
    TAMP_STAMP_IRQHandler                    0x0800027b   Thumb Code     0  startup_stm32f407xx.o(.text)
    TIM1_BRK_TIM9_IRQHandler                 0x0800027b   Thumb Code     0  startup_stm32f407xx.o(.text)
    TIM1_CC_IRQHandler                       0x0800027b   Thumb Code     0  startup_stm32f407xx.o(.text)
    TIM1_TRG_COM_TIM11_IRQHandler            0x0800027b   Thumb Code     0  startup_stm32f407xx.o(.text)
    TIM1_UP_TIM10_IRQHandler                 0x0800027b   Thumb Code     0  startup_stm32f407xx.o(.text)
    TIM2_IRQHandler                          0x0800027b   Thumb Code     0  startup_stm32f407xx.o(.text)
    TIM3_IRQHandler                          0x0800027b   Thumb Code     0  startup_stm32f407xx.o(.text)
    TIM4_IRQHandler                          0x0800027b   Thumb Code     0  startup_stm32f407xx.o(.text)
    TIM5_IRQHandler                          0x0800027b   Thumb Code     0  startup_stm32f407xx.o(.text)
    TIM7_IRQHandler                          0x0800027b   Thumb Code     0  startup_stm32f407xx.o(.text)
    TIM8_BRK_TIM12_IRQHandler                0x0800027b   Thumb Code     0  startup_stm32f407xx.o(.text)
    TIM8_CC_IRQHandler                       0x0800027b   Thumb Code     0  startup_stm32f407xx.o(.text)
    TIM8_TRG_COM_TIM14_IRQHandler            0x0800027b   Thumb Code     0  startup_stm32f407xx.o(.text)
    TIM8_UP_TIM13_IRQHandler                 0x0800027b   Thumb Code     0  startup_stm32f407xx.o(.text)
    UART4_IRQHandler                         0x0800027b   Thumb Code     0  startup_stm32f407xx.o(.text)
    UART5_IRQHandler                         0x0800027b   Thumb Code     0  startup_stm32f407xx.o(.text)
    USART6_IRQHandler                        0x0800027b   Thumb Code     0  startup_stm32f407xx.o(.text)
    WWDG_IRQHandler                          0x0800027b   Thumb Code     0  startup_stm32f407xx.o(.text)
    __aeabi_uldivmod                         0x08000285   Thumb Code    98  uldiv.o(.text)
    __aeabi_memcpy                           0x080002e7   Thumb Code    36  memcpya.o(.text)
    __aeabi_memcpy4                          0x080002e7   Thumb Code     0  memcpya.o(.text)
    __aeabi_memcpy8                          0x080002e7   Thumb Code     0  memcpya.o(.text)
    __aeabi_memset                           0x0800030b   Thumb Code    14  memseta.o(.text)
    __aeabi_memset4                          0x0800030b   Thumb Code     0  memseta.o(.text)
    __aeabi_memset8                          0x0800030b   Thumb Code     0  memseta.o(.text)
    __aeabi_memclr                           0x08000319   Thumb Code     4  memseta.o(.text)
    __aeabi_memclr4                          0x08000319   Thumb Code     0  memseta.o(.text)
    __aeabi_memclr8                          0x08000319   Thumb Code     0  memseta.o(.text)
    memset                                   0x0800031d   Thumb Code    18  memseta.o(.text)
    strlen                                   0x0800032f   Thumb Code    14  strlen.o(.text)
    __aeabi_uidiv                            0x0800033d   Thumb Code     0  uidiv.o(.text)
    __aeabi_uidivmod                         0x0800033d   Thumb Code    44  uidiv.o(.text)
    __aeabi_llsl                             0x08000369   Thumb Code    30  llshl.o(.text)
    _ll_shift_l                              0x08000369   Thumb Code     0  llshl.o(.text)
    __aeabi_llsr                             0x08000387   Thumb Code    32  llushr.o(.text)
    _ll_ushift_r                             0x08000387   Thumb Code     0  llushr.o(.text)
    __I$use$fp                               0x080003a7   Thumb Code     0  iusefp.o(.text)
    __aeabi_dadd                             0x080003a7   Thumb Code   322  dadd.o(.text)
    __aeabi_dsub                             0x080004e9   Thumb Code     6  dadd.o(.text)
    __aeabi_drsub                            0x080004ef   Thumb Code     6  dadd.o(.text)
    __aeabi_dmul                             0x080004f5   Thumb Code   228  dmul.o(.text)
    __aeabi_ddiv                             0x080005d9   Thumb Code   222  ddiv.o(.text)
    __aeabi_d2ulz                            0x080006b7   Thumb Code    48  dfixul.o(.text)
    __aeabi_cdrcmple                         0x080006e9   Thumb Code    48  cdrcmple.o(.text)
    __scatterload                            0x08000719   Thumb Code    28  init.o(.text)
    __scatterload_rt2                        0x08000719   Thumb Code     0  init.o(.text)
    __aeabi_lasr                             0x0800073d   Thumb Code    36  llsshr.o(.text)
    _ll_sshift_r                             0x0800073d   Thumb Code     0  llsshr.o(.text)
    _double_round                            0x08000761   Thumb Code    30  depilogue.o(.text)
    _double_epilogue                         0x0800077f   Thumb Code   156  depilogue.o(.text)
    __decompress                             0x0800081b   Thumb Code     0  __dczerorl2.o(.text)
    __decompress1                            0x0800081b   Thumb Code    86  __dczerorl2.o(.text)
    BusFault_Handler                         0x08000871   Thumb Code     2  stm32f4xx_it.o(i.BusFault_Handler)
    DMA1_Stream5_IRQHandler                  0x08000875   Thumb Code     6  stm32f4xx_it.o(i.DMA1_Stream5_IRQHandler)
    DMA1_Stream6_IRQHandler                  0x08000881   Thumb Code     6  stm32f4xx_it.o(i.DMA1_Stream6_IRQHandler)
    DebugMon_Handler                         0x08000909   Thumb Code     2  stm32f4xx_it.o(i.DebugMon_Handler)
    EnterCriticalSection                     0x0800090b   Thumb Code     4  port_1.o(i.EnterCriticalSection)
    Error_Handler                            0x0800090f   Thumb Code     4  main.o(i.Error_Handler)
    ExitCriticalSection                      0x08000913   Thumb Code     4  port_1.o(i.ExitCriticalSection)
    Get_from_fifo                            0x08000917   Thumb Code    80  port_1.o(i.Get_from_fifo)
    HAL_DMA_Abort                            0x08000967   Thumb Code   146  stm32f4xx_hal_dma.o(i.HAL_DMA_Abort)
    HAL_DMA_Abort_IT                         0x080009f9   Thumb Code    36  stm32f4xx_hal_dma.o(i.HAL_DMA_Abort_IT)
    HAL_DMA_IRQHandler                       0x08000a1d   Thumb Code   412  stm32f4xx_hal_dma.o(i.HAL_DMA_IRQHandler)
    HAL_DMA_Init                             0x08000bbd   Thumb Code   206  stm32f4xx_hal_dma.o(i.HAL_DMA_Init)
    HAL_GPIO_Init                            0x08000c91   Thumb Code   450  stm32f4xx_hal_gpio.o(i.HAL_GPIO_Init)
    HAL_GPIO_TogglePin                       0x08000e81   Thumb Code    16  stm32f4xx_hal_gpio.o(i.HAL_GPIO_TogglePin)
    HAL_GPIO_WritePin                        0x08000e91   Thumb Code    10  stm32f4xx_hal_gpio.o(i.HAL_GPIO_WritePin)
    HAL_GetTick                              0x08000e9d   Thumb Code     6  stm32f4xx_hal.o(i.HAL_GetTick)
    HAL_IncTick                              0x08000ea9   Thumb Code    12  stm32f4xx_hal.o(i.HAL_IncTick)
    HAL_Init                                 0x08000eb9   Thumb Code    48  stm32f4xx_hal.o(i.HAL_Init)
    HAL_InitTick                             0x08000eed   Thumb Code   132  stm32f4xx_hal_timebase_tim.o(i.HAL_InitTick)
    HAL_MspInit                              0x08000f85   Thumb Code    52  stm32f4xx_hal_msp.o(i.HAL_MspInit)
    HAL_NVIC_EnableIRQ                       0x08000fbd   Thumb Code    26  stm32f4xx_hal_cortex.o(i.HAL_NVIC_EnableIRQ)
    HAL_NVIC_SetPriority                     0x08000fd9   Thumb Code    60  stm32f4xx_hal_cortex.o(i.HAL_NVIC_SetPriority)
    HAL_NVIC_SetPriorityGrouping             0x08001019   Thumb Code    26  stm32f4xx_hal_cortex.o(i.HAL_NVIC_SetPriorityGrouping)
    HAL_RCC_CSSCallback                      0x0800103d   Thumb Code     2  stm32f4xx_hal_rcc.o(i.HAL_RCC_CSSCallback)
    HAL_RCC_ClockConfig                      0x08001041   Thumb Code   288  stm32f4xx_hal_rcc.o(i.HAL_RCC_ClockConfig)
    HAL_RCC_EnableCSS                        0x08001175   Thumb Code     8  stm32f4xx_hal_rcc.o(i.HAL_RCC_EnableCSS)
    HAL_RCC_GetClockConfig                   0x08001181   Thumb Code    54  stm32f4xx_hal_rcc.o(i.HAL_RCC_GetClockConfig)
    HAL_RCC_GetPCLK1Freq                     0x080011c1   Thumb Code    20  stm32f4xx_hal_rcc.o(i.HAL_RCC_GetPCLK1Freq)
    HAL_RCC_GetPCLK2Freq                     0x080011e1   Thumb Code    20  stm32f4xx_hal_rcc.o(i.HAL_RCC_GetPCLK2Freq)
    HAL_RCC_GetSysClockFreq                  0x08001201   Thumb Code    88  stm32f4xx_hal_rcc.o(i.HAL_RCC_GetSysClockFreq)
    HAL_RCC_NMI_IRQHandler                   0x08001261   Thumb Code    24  stm32f4xx_hal_rcc.o(i.HAL_RCC_NMI_IRQHandler)
    HAL_RCC_OscConfig                        0x0800127d   Thumb Code   856  stm32f4xx_hal_rcc.o(i.HAL_RCC_OscConfig)
    HAL_TIMEx_BreakCallback                  0x080015e9   Thumb Code     2  stm32f4xx_hal_tim_ex.o(i.HAL_TIMEx_BreakCallback)
    HAL_TIMEx_CommutCallback                 0x080015eb   Thumb Code     2  stm32f4xx_hal_tim_ex.o(i.HAL_TIMEx_CommutCallback)
    HAL_TIMEx_MasterConfigSynchronization    0x080015ed   Thumb Code   116  stm32f4xx_hal_tim_ex.o(i.HAL_TIMEx_MasterConfigSynchronization)
    HAL_TIM_Base_Init                        0x0800167d   Thumb Code    90  stm32f4xx_hal_tim.o(i.HAL_TIM_Base_Init)
    HAL_TIM_Base_MspInit                     0x080016d9   Thumb Code    30  tim.o(i.HAL_TIM_Base_MspInit)
    HAL_TIM_Base_Start                       0x08001701   Thumb Code    90  stm32f4xx_hal_tim.o(i.HAL_TIM_Base_Start)
    HAL_TIM_Base_Start_IT                    0x08001779   Thumb Code   100  stm32f4xx_hal_tim.o(i.HAL_TIM_Base_Start_IT)
    HAL_TIM_IC_CaptureCallback               0x080017f9   Thumb Code     2  stm32f4xx_hal_tim.o(i.HAL_TIM_IC_CaptureCallback)
    HAL_TIM_IRQHandler                       0x080017fb   Thumb Code   358  stm32f4xx_hal_tim.o(i.HAL_TIM_IRQHandler)
    HAL_TIM_OC_DelayElapsedCallback          0x08001961   Thumb Code     2  stm32f4xx_hal_tim.o(i.HAL_TIM_OC_DelayElapsedCallback)
    HAL_TIM_PWM_PulseFinishedCallback        0x08001963   Thumb Code     2  stm32f4xx_hal_tim.o(i.HAL_TIM_PWM_PulseFinishedCallback)
    HAL_TIM_PeriodElapsedCallback            0x08001965   Thumb Code    14  main.o(i.HAL_TIM_PeriodElapsedCallback)
    HAL_TIM_TriggerCallback                  0x08001979   Thumb Code     2  stm32f4xx_hal_tim.o(i.HAL_TIM_TriggerCallback)
    HAL_UARTEx_RxEventCallback               0x0800197b   Thumb Code     2  stm32f4xx_hal_uart.o(i.HAL_UARTEx_RxEventCallback)
    HAL_UART_AbortCpltCallback               0x0800197d   Thumb Code     2  stm32f4xx_hal_uart.o(i.HAL_UART_AbortCpltCallback)
    HAL_UART_AbortReceiveCpltCallback        0x0800197f   Thumb Code     2  stm32f4xx_hal_uart.o(i.HAL_UART_AbortReceiveCpltCallback)
    HAL_UART_AbortTransmitCpltCallback       0x08001981   Thumb Code     2  stm32f4xx_hal_uart.o(i.HAL_UART_AbortTransmitCpltCallback)
    HAL_UART_ErrorCallback                   0x08001983   Thumb Code     2  stm32f4xx_hal_uart.o(i.HAL_UART_ErrorCallback)
    HAL_UART_GetState                        0x08001985   Thumb Code    10  stm32f4xx_hal_uart.o(i.HAL_UART_GetState)
    HAL_UART_IRQHandler                      0x08001991   Thumb Code   612  stm32f4xx_hal_uart.o(i.HAL_UART_IRQHandler)
    HAL_UART_Init                            0x08001bf9   Thumb Code   112  stm32f4xx_hal_uart.o(i.HAL_UART_Init)
    HAL_UART_MspInit                         0x08001c6d   Thumb Code   376  usart.o(i.HAL_UART_MspInit)
    HAL_UART_Receive_IT                      0x08001e05   Thumb Code    42  stm32f4xx_hal_uart.o(i.HAL_UART_Receive_IT)
    HAL_UART_RegisterCallback                0x08001e2f   Thumb Code   142  stm32f4xx_hal_uart.o(i.HAL_UART_RegisterCallback)
    HAL_UART_RxCpltCallback                  0x08001ebd   Thumb Code    76  uart.o(i.HAL_UART_RxCpltCallback)
    HAL_UART_RxHalfCpltCallback              0x08001f15   Thumb Code     2  stm32f4xx_hal_uart.o(i.HAL_UART_RxHalfCpltCallback)
    HAL_UART_Transmit                        0x08001f19   Thumb Code   178  stm32f4xx_hal_uart.o(i.HAL_UART_Transmit)
    HAL_UART_TxCpltCallback                  0x08001fcb   Thumb Code     2  stm32f4xx_hal_uart.o(i.HAL_UART_TxCpltCallback)
    HAL_UART_TxHalfCpltCallback              0x08001fcd   Thumb Code     2  stm32f4xx_hal_uart.o(i.HAL_UART_TxHalfCpltCallback)
    HardFault_Handler                        0x08001fcf   Thumb Code     2  stm32f4xx_it.o(i.HardFault_Handler)
    IS_IRQ                                   0x08001fd1   Thumb Code    14  port_1.o(i.IS_IRQ)
    MX_DMA_Init                              0x08001fe1   Thumb Code    56  dma.o(i.MX_DMA_Init)
    MX_FREERTOS_Init                         0x0800201d   Thumb Code    58  freertos.o(i.MX_FREERTOS_Init)
    MX_GPIO_Init                             0x0800206d   Thumb Code   186  gpio.o(i.MX_GPIO_Init)
    MX_TIM7_Init                             0x08002135   Thumb Code    58  tim.o(i.MX_TIM7_Init)
    MX_USART1_UART_Init                      0x08002179   Thumb Code    48  usart.o(i.MX_USART1_UART_Init)
    MX_USART2_UART_Init                      0x080021b1   Thumb Code    48  usart.o(i.MX_USART2_UART_Init)
    MX_USART3_UART_Init                      0x080021e9   Thumb Code    48  usart.o(i.MX_USART3_UART_Init)
    MemManage_Handler                        0x08002221   Thumb Code     2  stm32f4xx_it.o(i.MemManage_Handler)
    NMI_Handler                              0x08002223   Thumb Code     6  stm32f4xx_it.o(i.NMI_Handler)
    Put_in_fifo                              0x08002229   Thumb Code    80  port_1.o(i.Put_in_fifo)
    SysTick_Handler                          0x080022b9   Thumb Code    26  cmsis_os2.o(i.SysTick_Handler)
    SystemClock_Config                       0x080022d5   Thumb Code   140  main.o(i.SystemClock_Config)
    SystemInit                               0x08002369   Thumb Code    12  system_stm32f4xx.o(i.SystemInit)
    TIM6_DAC_IRQHandler                      0x08002379   Thumb Code     6  stm32f4xx_it.o(i.TIM6_DAC_IRQHandler)
    TIM_Base_SetConfig                       0x08002385   Thumb Code   156  stm32f4xx_hal_tim.o(i.TIM_Base_SetConfig)
    UART_InitCallbacksToDefault              0x080024a9   Thumb Code    38  stm32f4xx_hal_uart.o(i.UART_InitCallbacksToDefault)
    UART_Start_Receive_IT                    0x080026c1   Thumb Code    58  stm32f4xx_hal_uart.o(i.UART_Start_Receive_IT)
    USART1_IRQHandler                        0x08002775   Thumb Code    34  uart.o(i.USART1_IRQHandler)
    USART2_IRQHandler                        0x080027a1   Thumb Code    56  stm32f4xx_it.o(i.USART2_IRQHandler)
    USART3_IRQHandler                        0x080027dd   Thumb Code    56  stm32f4xx_it.o(i.USART3_IRQHandler)
    UsageFault_Handler                       0x08002819   Thumb Code     2  stm32f4xx_it.o(i.UsageFault_Handler)
    __0vsprintf                              0x0800281d   Thumb Code    30  printfa.o(i.__0vsprintf)
    __1vsprintf                              0x0800281d   Thumb Code     0  printfa.o(i.__0vsprintf)
    __2vsprintf                              0x0800281d   Thumb Code     0  printfa.o(i.__0vsprintf)
    __c89vsprintf                            0x0800281d   Thumb Code     0  printfa.o(i.__0vsprintf)
    vsprintf                                 0x0800281d   Thumb Code     0  printfa.o(i.__0vsprintf)
    __scatterload_copy                       0x08002861   Thumb Code    14  handlers.o(i.__scatterload_copy)
    __scatterload_null                       0x0800286f   Thumb Code     2  handlers.o(i.__scatterload_null)
    __scatterload_zeroinit                   0x08002871   Thumb Code    14  handlers.o(i.__scatterload_zeroinit)
    eMBEnable                                0x08003115   Thumb Code    28  mb.o(i.eMBEnable)
    eMBFuncReadCoils                         0x08003135   Thumb Code   114  mbfunccoils.o(i.eMBFuncReadCoils)
    eMBFuncReadDiscreteInputs                0x080031a7   Thumb Code   114  mbfuncdisc.o(i.eMBFuncReadDiscreteInputs)
    eMBFuncReadHoldingRegister               0x08003219   Thumb Code   100  mbfuncholding.o(i.eMBFuncReadHoldingRegister)
    eMBFuncReadInputRegister                 0x0800327d   Thumb Code    98  mbfuncinput.o(i.eMBFuncReadInputRegister)
    eMBFuncReadWriteMultipleHoldingRegister  0x080032df   Thumb Code   156  mbfuncholding.o(i.eMBFuncReadWriteMultipleHoldingRegister)
    eMBFuncReportSlaveID                     0x0800337d   Thumb Code    26  mbfuncother.o(i.eMBFuncReportSlaveID)
    eMBFuncWriteCoil                         0x080033a1   Thumb Code    86  mbfunccoils.o(i.eMBFuncWriteCoil)
    eMBFuncWriteHoldingRegister              0x080033f7   Thumb Code    50  mbfuncholding.o(i.eMBFuncWriteHoldingRegister)
    eMBFuncWriteMultipleCoils                0x08003429   Thumb Code   100  mbfunccoils.o(i.eMBFuncWriteMultipleCoils)
    eMBFuncWriteMultipleHoldingRegister      0x0800348d   Thumb Code    78  mbfuncholding.o(i.eMBFuncWriteMultipleHoldingRegister)
    eMBInit                                  0x080034dd   Thumb Code    96  mb.o(i.eMBInit)
    eMBPoll                                  0x0800355d   Thumb Code   174  mb.o(i.eMBPoll)
    eMBRTUInit                               0x08003611   Thumb Code    68  mbrtu.o(i.eMBRTUInit)
    eMBRTUReceive                            0x08003659   Thumb Code    68  mbrtu.o(i.eMBRTUReceive)
    eMBRTUSend                               0x080036a5   Thumb Code    98  mbrtu.o(i.eMBRTUSend)
    eMBRTUStart                              0x08003711   Thumb Code    32  mbrtu.o(i.eMBRTUStart)
    eMBRTUStop                               0x08003735   Thumb Code    26  mbrtu.o(i.eMBRTUStop)
    eMBRegCoilsCB                            0x08003751   Thumb Code   154  user_mb_app.o(i.eMBRegCoilsCB)
    eMBRegDiscreteCB                         0x080037f1   Thumb Code   112  user_mb_app.o(i.eMBRegDiscreteCB)
    eMBRegHoldingCB                          0x08003865   Thumb Code   104  user_mb_app.o(i.eMBRegHoldingCB)
    eMBRegInputCB                            0x080038d5   Thumb Code    66  user_mb_app.o(i.eMBRegInputCB)
    main                                     0x0800392d   Thumb Code    46  main.o(i.main)
    osDelay                                  0x0800395b   Thumb Code    26  cmsis_os2.o(i.osDelay)
    osKernelInitialize                       0x08003975   Thumb Code    32  cmsis_os2.o(i.osKernelInitialize)
    osKernelStart                            0x08003999   Thumb Code    48  cmsis_os2.o(i.osKernelStart)
    osThreadNew                              0x080039d1   Thumb Code   138  cmsis_os2.o(i.osThreadNew)
    osThreadYield                            0x08003a5d   Thumb Code    32  cmsis_os2.o(i.osThreadYield)
    printk                                   0x08003a81   Thumb Code    94  uart.o(i.printk)
    prveMBError2Exception                    0x080042db   Thumb Code    24  mbutils.o(i.prveMBError2Exception)
    pvPortMalloc                             0x080042f5   Thumb Code   216  heap_4.o(i.pvPortMalloc)
    pxPortInitialiseStack                    0x080043d1   Thumb Code    40  port.o(i.pxPortInitialiseStack)
    start_blink                              0x08004425   Thumb Code    26  freertos.o(i.start_blink)
    start_slave_task                         0x08004445   Thumb Code     6  freertos.o(i.start_slave_task)
    usMBCRC16                                0x08004459   Thumb Code    40  mbcrc.o(i.usMBCRC16)
    uxListRemove                             0x08004485   Thumb Code    38  list.o(i.uxListRemove)
    uxTaskResetEventItemValue                0x080044ad   Thumb Code    20  tasks.o(i.uxTaskResetEventItemValue)
    vApplicationGetIdleTaskMemory            0x080044c5   Thumb Code    16  cmsis_os2.o(i.vApplicationGetIdleTaskMemory)
    vApplicationGetTimerTaskMemory           0x080044d9   Thumb Code    18  cmsis_os2.o(i.vApplicationGetTimerTaskMemory)
    vEventGroupSetBitsCallback               0x080044f1   Thumb Code     4  event_groups.o(i.vEventGroupSetBitsCallback)
    vListInitialise                          0x080044f5   Thumb Code    22  list.o(i.vListInitialise)
    vListInitialiseItem                      0x0800450b   Thumb Code     6  list.o(i.vListInitialiseItem)
    vListInsert                              0x08004511   Thumb Code    48  list.o(i.vListInsert)
    vListInsertEnd                           0x08004541   Thumb Code    24  list.o(i.vListInsertEnd)
    vMBPortSerialEnable                      0x08004559   Thumb Code   116  portserial.o(i.vMBPortSerialEnable)
    vMBPortTimersDisable                     0x0800460d   Thumb Code    32  porttimer.o(i.vMBPortTimersDisable)
    vMBPortTimersEnable                      0x08004631   Thumb Code    46  porttimer.o(i.vMBPortTimersEnable)
    vPortEnterCritical                       0x08004665   Thumb Code    54  port.o(i.vPortEnterCritical)
    vPortExitCritical                        0x080046a5   Thumb Code    34  port.o(i.vPortExitCritical)
    vPortFree                                0x080046cd   Thumb Code    94  heap_4.o(i.vPortFree)
    vPortSetupTimerInterrupt                 0x08004731   Thumb Code    32  port.o(i.vPortSetupTimerInterrupt)
    vPortValidateInterruptPriority           0x08004755   Thumb Code    74  port.o(i.vPortValidateInterruptPriority)
    vQueueAddToRegistry                      0x080047a9   Thumb Code    34  queue.o(i.vQueueAddToRegistry)
    vQueueWaitForMessageRestricted           0x080047d1   Thumb Code    68  queue.o(i.vQueueWaitForMessageRestricted)
    vTaskDelay                               0x08004815   Thumb Code    66  tasks.o(i.vTaskDelay)
    vTaskInternalSetTimeOutState             0x08004861   Thumb Code    12  tasks.o(i.vTaskInternalSetTimeOutState)
    vTaskMissedYield                         0x08004871   Thumb Code     8  tasks.o(i.vTaskMissedYield)
    vTaskPlaceOnEventList                    0x0800487d   Thumb Code    44  tasks.o(i.vTaskPlaceOnEventList)
    vTaskPlaceOnEventListRestricted          0x080048ad   Thumb Code    52  tasks.o(i.vTaskPlaceOnEventListRestricted)
    vTaskPlaceOnUnorderedEventList           0x080048e5   Thumb Code    76  tasks.o(i.vTaskPlaceOnUnorderedEventList)
    vTaskRemoveFromUnorderedEventList        0x08004935   Thumb Code   102  tasks.o(i.vTaskRemoveFromUnorderedEventList)
    vTaskStartScheduler                      0x080049a5   Thumb Code   118  tasks.o(i.vTaskStartScheduler)
    vTaskSuspendAll                          0x08004a2d   Thumb Code    10  tasks.o(i.vTaskSuspendAll)
    vTaskSwitchContext                       0x08004a3d   Thumb Code    90  tasks.o(i.vTaskSwitchContext)
    xEventGroupClearBits                     0x08004aa1   Thumb Code    64  event_groups.o(i.xEventGroupClearBits)
    xEventGroupCreate                        0x08004ae1   Thumb Code    28  event_groups.o(i.xEventGroupCreate)
    xEventGroupSetBits                       0x08004afd   Thumb Code   140  event_groups.o(i.xEventGroupSetBits)
    xEventGroupSetBitsFromISR                0x08004b89   Thumb Code    12  event_groups.o(i.xEventGroupSetBitsFromISR)
    xEventGroupWaitBits                      0x08004b99   Thumb Code   260  event_groups.o(i.xEventGroupWaitBits)
    xMBPortEventGet                          0x08004ca1   Thumb Code    46  portevent.o(i.xMBPortEventGet)
    xMBPortEventInit                         0x08004cd5   Thumb Code    32  portevent.o(i.xMBPortEventInit)
    xMBPortEventPost                         0x08004d45   Thumb Code    48  portevent.o(i.xMBPortEventPost)
    xMBPortSerialGetByte                     0x08004d95   Thumb Code    16  portserial.o(i.xMBPortSerialGetByte)
    xMBPortSerialInit                        0x08004da9   Thumb Code   194  portserial.o(i.xMBPortSerialInit)
    xMBPortSerialPutByte                     0x08004f65   Thumb Code    20  portserial.o(i.xMBPortSerialPutByte)
    xMBPortTimersInit                        0x08004f7d   Thumb Code    42  porttimer.o(i.xMBPortTimersInit)
    xMBRTUReceiveFSM                         0x08004fbd   Thumb Code    88  mbrtu.o(i.xMBRTUReceiveFSM)
    xMBRTUTimerT35Expired                    0x0800501d   Thumb Code    36  mbrtu.o(i.xMBRTUTimerT35Expired)
    xMBRTUTransmitFSM                        0x08005045   Thumb Code    76  mbrtu.o(i.xMBRTUTransmitFSM)
    xMBUtilGetBits                           0x08005095   Thumb Code    34  mbutils.o(i.xMBUtilGetBits)
    xMBUtilSetBits                           0x080050b7   Thumb Code    42  mbutils.o(i.xMBUtilSetBits)
    xPortStartScheduler                      0x080050e1   Thumb Code   222  port.o(i.xPortStartScheduler)
    xPortSysTickHandler                      0x080051d5   Thumb Code    38  port.o(i.xPortSysTickHandler)
    xQueueGenericCreateStatic                0x08005201   Thumb Code   102  queue.o(i.xQueueGenericCreateStatic)
    xQueueGenericReset                       0x08005269   Thumb Code   132  queue.o(i.xQueueGenericReset)
    xQueueGenericSend                        0x080052f1   Thumb Code   346  queue.o(i.xQueueGenericSend)
    xQueueGenericSendFromISR                 0x08005451   Thumb Code   190  queue.o(i.xQueueGenericSendFromISR)
    xQueueReceive                            0x08005511   Thumb Code   308  queue.o(i.xQueueReceive)
    xTaskCheckForTimeOut                     0x08005649   Thumb Code   112  tasks.o(i.xTaskCheckForTimeOut)
    xTaskCreate                              0x080056bd   Thumb Code    90  tasks.o(i.xTaskCreate)
    xTaskCreateStatic                        0x08005717   Thumb Code    86  tasks.o(i.xTaskCreateStatic)
    xTaskGetSchedulerState                   0x0800576d   Thumb Code    22  tasks.o(i.xTaskGetSchedulerState)
    xTaskGetTickCount                        0x08005789   Thumb Code     6  tasks.o(i.xTaskGetTickCount)
    xTaskGetTickCountFromISR                 0x08005795   Thumb Code    12  tasks.o(i.xTaskGetTickCountFromISR)
    xTaskIncrementTick                       0x080057a5   Thumb Code   192  tasks.o(i.xTaskIncrementTick)
    xTaskPriorityDisinherit                  0x0800586d   Thumb Code   118  tasks.o(i.xTaskPriorityDisinherit)
    xTaskRemoveFromEventList                 0x080058ed   Thumb Code    98  tasks.o(i.xTaskRemoveFromEventList)
    xTaskResumeAll                           0x0800595d   Thumb Code   182  tasks.o(i.xTaskResumeAll)
    xTimerCreate                             0x08005a21   Thumb Code    52  timers.o(i.xTimerCreate)
    xTimerCreateTimerTask                    0x08005a55   Thumb Code    78  timers.o(i.xTimerCreateTimerTask)
    xTimerGenericCommand                     0x08005ab5   Thumb Code    98  timers.o(i.xTimerGenericCommand)
    xTimerPendFunctionCallFromISR            0x08005b1d   Thumb Code    34  timers.o(i.xTimerPendFunctionCallFromISR)
    BlinkLed_attributes                      0x08005b44   Data          36  freertos.o(.constdata)
    SlaveTask_attributes                     0x08005b68   Data          36  freertos.o(.constdata)
    AHBPrescTable                            0x08005ba8   Data          16  system_stm32f4xx.o(.constdata)
    APBPrescTable                            0x08005bb8   Data           8  system_stm32f4xx.o(.constdata)
    Region$$Table$$Base                      0x08005dd8   Number         0  anon$$obj.o(Region$$Table)
    Region$$Table$$Limit                     0x08005df8   Number         0  anon$$obj.o(Region$$Table)
    aRxBuffer                                0x20000000   Data           1  uart.o(.data)
    USART_RX_STA                             0x20000002   Data           2  uart.o(.data)
    BlinkLedHandle                           0x20000004   Data           4  freertos.o(.data)
    SlaveTaskHandle                          0x20000008   Data           4  freertos.o(.data)
    uwTickFreq                               0x2000000c   Data           1  stm32f4xx_hal.o(.data)
    uwTickPrio                               0x20000010   Data           4  stm32f4xx_hal.o(.data)
    uwTick                                   0x20000014   Data           4  stm32f4xx_hal.o(.data)
    SystemCoreClock                          0x20000018   Data           4  system_stm32f4xx.o(.data)
    pxCurrentTCB                             0x2000001c   Data           4  tasks.o(.data)
    pxMBFrameCBByteReceived                  0x200000cc   Data           4  mb.o(.data)
    pxMBFrameCBTransmitterEmpty              0x200000d0   Data           4  mb.o(.data)
    pxMBPortCBTimerExpired                   0x200000d4   Data           4  mb.o(.data)
    usSDiscInStart                           0x20000158   Data           2  user_mb_app.o(.data)
    usSCoilStart                             0x2000015a   Data           2  user_mb_app.o(.data)
    usSRegInStart                            0x2000015c   Data           2  user_mb_app.o(.data)
    usSRegHoldStart                          0x2000015e   Data           2  user_mb_app.o(.data)
    ucSDiscInBuf                             0x20000160   Data           8  user_mb_app.o(.data)
    ucSCoilBuf                               0x20000168   Data           8  user_mb_app.o(.data)
    USART_RX_BUF                             0x2000018c   Data         200  uart.o(.bss)
    htim7                                    0x20000254   Data          72  tim.o(.bss)
    huart1                                   0x2000029c   Data         116  usart.o(.bss)
    huart2                                   0x20000310   Data         116  usart.o(.bss)
    huart3                                   0x20000384   Data         116  usart.o(.bss)
    hdma_usart2_rx                           0x200003f8   Data          96  usart.o(.bss)
    hdma_usart2_tx                           0x20000458   Data          96  usart.o(.bss)
    htim6                                    0x200004b8   Data          72  stm32f4xx_hal_timebase_tim.o(.bss)
    xQueueRegistry                           0x20000500   Data          64  queue.o(.bss)
    ucRTUBuf                                 0x20004df4   Data         256  mbrtu.o(.bss)
    usSRegInBuf                              0x20004ef4   Data         200  user_mb_app.o(.bss)
    usSRegHoldBuf                            0x20004fbc   Data         200  user_mb_app.o(.bss)
    __initial_sp                             0x20005590   Data           0  startup_stm32f407xx.o(STACK)



==============================================================================

Memory Map of the image

  Image Entry point : 0x08000189

  Load Region LR_IROM1 (Base: 0x08000000, Size: 0x00005f84, Max: 0x00100000, ABSOLUTE, COMPRESSED[0x00005e44])

    Execution Region ER_IROM1 (Exec base: 0x08000000, Load base: 0x08000000, Size: 0x00005df8, Max: 0x00100000, ABSOLUTE)

    Exec Addr    Load Addr    Size         Type   Attr      Idx    E Section Name        Object

    0x08000000   0x08000000   0x00000188   Data   RO            3    RESET               startup_stm32f407xx.o
    0x08000188   0x08000188   0x00000000   Code   RO         6288  * .ARM.Collect$$$$00000000  mc_w.l(entry.o)
    0x08000188   0x08000188   0x00000004   Code   RO         6331    .ARM.Collect$$$$00000001  mc_w.l(entry2.o)
    0x0800018c   0x0800018c   0x00000004   Code   RO         6334    .ARM.Collect$$$$00000004  mc_w.l(entry5.o)
    0x08000190   0x08000190   0x00000000   Code   RO         6336    .ARM.Collect$$$$00000008  mc_w.l(entry7b.o)
    0x08000190   0x08000190   0x00000000   Code   RO         6338    .ARM.Collect$$$$0000000A  mc_w.l(entry8b.o)
    0x08000190   0x08000190   0x00000008   Code   RO         6339    .ARM.Collect$$$$0000000B  mc_w.l(entry9a.o)
    0x08000198   0x08000198   0x00000004   Code   RO         6346    .ARM.Collect$$$$0000000E  mc_w.l(entry12b.o)
    0x0800019c   0x0800019c   0x00000000   Code   RO         6341    .ARM.Collect$$$$0000000F  mc_w.l(entry10a.o)
    0x0800019c   0x0800019c   0x00000000   Code   RO         6343    .ARM.Collect$$$$00000011  mc_w.l(entry11a.o)
    0x0800019c   0x0800019c   0x00000004   Code   RO         6332    .ARM.Collect$$$$00002712  mc_w.l(entry2.o)
    0x080001a0   0x080001a0   0x000000be   Code   RO         4916    .emb_text           port.o
    0x0800025e   0x0800025e   0x00000002   PAD
    0x08000260   0x08000260   0x00000024   Code   RO            4    .text               startup_stm32f407xx.o
    0x08000284   0x08000284   0x00000062   Code   RO         6291    .text               mc_w.l(uldiv.o)
    0x080002e6   0x080002e6   0x00000024   Code   RO         6293    .text               mc_w.l(memcpya.o)
    0x0800030a   0x0800030a   0x00000024   Code   RO         6297    .text               mc_w.l(memseta.o)
    0x0800032e   0x0800032e   0x0000000e   Code   RO         6299    .text               mc_w.l(strlen.o)
    0x0800033c   0x0800033c   0x0000002c   Code   RO         6347    .text               mc_w.l(uidiv.o)
    0x08000368   0x08000368   0x0000001e   Code   RO         6349    .text               mc_w.l(llshl.o)
    0x08000386   0x08000386   0x00000020   Code   RO         6351    .text               mc_w.l(llushr.o)
    0x080003a6   0x080003a6   0x00000000   Code   RO         6353    .text               mc_w.l(iusefp.o)
    0x080003a6   0x080003a6   0x0000014e   Code   RO         6354    .text               mf_w.l(dadd.o)
    0x080004f4   0x080004f4   0x000000e4   Code   RO         6356    .text               mf_w.l(dmul.o)
    0x080005d8   0x080005d8   0x000000de   Code   RO         6358    .text               mf_w.l(ddiv.o)
    0x080006b6   0x080006b6   0x00000030   Code   RO         6360    .text               mf_w.l(dfixul.o)
    0x080006e6   0x080006e6   0x00000002   PAD
    0x080006e8   0x080006e8   0x00000030   Code   RO         6362    .text               mf_w.l(cdrcmple.o)
    0x08000718   0x08000718   0x00000024   Code   RO         6364    .text               mc_w.l(init.o)
    0x0800073c   0x0800073c   0x00000024   Code   RO         6366    .text               mc_w.l(llsshr.o)
    0x08000760   0x08000760   0x000000ba   Code   RO         6368    .text               mf_w.l(depilogue.o)
    0x0800081a   0x0800081a   0x00000056   Code   RO         6378    .text               mc_w.l(__dczerorl2.o)
    0x08000870   0x08000870   0x00000002   Code   RO          565    i.BusFault_Handler  stm32f4xx_it.o
    0x08000872   0x08000872   0x00000002   PAD
    0x08000874   0x08000874   0x0000000c   Code   RO          566    i.DMA1_Stream5_IRQHandler  stm32f4xx_it.o
    0x08000880   0x08000880   0x0000000c   Code   RO          567    i.DMA1_Stream6_IRQHandler  stm32f4xx_it.o
    0x0800088c   0x0800088c   0x00000028   Code   RO         1179    i.DMA_CalcBaseAndBitshift  stm32f4xx_hal_dma.o
    0x080008b4   0x080008b4   0x00000054   Code   RO         1180    i.DMA_CheckFifoParam  stm32f4xx_hal_dma.o
    0x08000908   0x08000908   0x00000002   Code   RO          568    i.DebugMon_Handler  stm32f4xx_it.o
    0x0800090a   0x0800090a   0x00000004   Code   RO         5459    i.EnterCriticalSection  port_1.o
    0x0800090e   0x0800090e   0x00000004   Code   RO          213    i.Error_Handler     main.o
    0x08000912   0x08000912   0x00000004   Code   RO         5460    i.ExitCriticalSection  port_1.o
    0x08000916   0x08000916   0x00000050   Code   RO         5461    i.Get_from_fifo     port_1.o
    0x08000966   0x08000966   0x00000092   Code   RO         1182    i.HAL_DMA_Abort     stm32f4xx_hal_dma.o
    0x080009f8   0x080009f8   0x00000024   Code   RO         1183    i.HAL_DMA_Abort_IT  stm32f4xx_hal_dma.o
    0x08000a1c   0x08000a1c   0x000001a0   Code   RO         1187    i.HAL_DMA_IRQHandler  stm32f4xx_hal_dma.o
    0x08000bbc   0x08000bbc   0x000000d4   Code   RO         1188    i.HAL_DMA_Init      stm32f4xx_hal_dma.o
    0x08000c90   0x08000c90   0x000001f0   Code   RO         1075    i.HAL_GPIO_Init     stm32f4xx_hal_gpio.o
    0x08000e80   0x08000e80   0x00000010   Code   RO         1078    i.HAL_GPIO_TogglePin  stm32f4xx_hal_gpio.o
    0x08000e90   0x08000e90   0x0000000a   Code   RO         1079    i.HAL_GPIO_WritePin  stm32f4xx_hal_gpio.o
    0x08000e9a   0x08000e9a   0x00000002   PAD
    0x08000e9c   0x08000e9c   0x0000000c   Code   RO         1607    i.HAL_GetTick       stm32f4xx_hal.o
    0x08000ea8   0x08000ea8   0x00000010   Code   RO         1613    i.HAL_IncTick       stm32f4xx_hal.o
    0x08000eb8   0x08000eb8   0x00000034   Code   RO         1614    i.HAL_Init          stm32f4xx_hal.o
    0x08000eec   0x08000eec   0x00000098   Code   RO          681    i.HAL_InitTick      stm32f4xx_hal_timebase_tim.o
    0x08000f84   0x08000f84   0x00000038   Code   RO          653    i.HAL_MspInit       stm32f4xx_hal_msp.o
    0x08000fbc   0x08000fbc   0x0000001a   Code   RO         1464    i.HAL_NVIC_EnableIRQ  stm32f4xx_hal_cortex.o
    0x08000fd6   0x08000fd6   0x00000002   PAD
    0x08000fd8   0x08000fd8   0x00000040   Code   RO         1470    i.HAL_NVIC_SetPriority  stm32f4xx_hal_cortex.o
    0x08001018   0x08001018   0x00000024   Code   RO         1471    i.HAL_NVIC_SetPriorityGrouping  stm32f4xx_hal_cortex.o
    0x0800103c   0x0800103c   0x00000002   Code   RO          720    i.HAL_RCC_CSSCallback  stm32f4xx_hal_rcc.o
    0x0800103e   0x0800103e   0x00000002   PAD
    0x08001040   0x08001040   0x00000134   Code   RO          721    i.HAL_RCC_ClockConfig  stm32f4xx_hal_rcc.o
    0x08001174   0x08001174   0x0000000c   Code   RO          724    i.HAL_RCC_EnableCSS  stm32f4xx_hal_rcc.o
    0x08001180   0x08001180   0x00000040   Code   RO          725    i.HAL_RCC_GetClockConfig  stm32f4xx_hal_rcc.o
    0x080011c0   0x080011c0   0x00000020   Code   RO          728    i.HAL_RCC_GetPCLK1Freq  stm32f4xx_hal_rcc.o
    0x080011e0   0x080011e0   0x00000020   Code   RO          729    i.HAL_RCC_GetPCLK2Freq  stm32f4xx_hal_rcc.o
    0x08001200   0x08001200   0x00000060   Code   RO          730    i.HAL_RCC_GetSysClockFreq  stm32f4xx_hal_rcc.o
    0x08001260   0x08001260   0x0000001c   Code   RO          732    i.HAL_RCC_NMI_IRQHandler  stm32f4xx_hal_rcc.o
    0x0800127c   0x0800127c   0x0000036c   Code   RO          733    i.HAL_RCC_OscConfig  stm32f4xx_hal_rcc.o
    0x080015e8   0x080015e8   0x00000002   Code   RO         2558    i.HAL_TIMEx_BreakCallback  stm32f4xx_hal_tim_ex.o
    0x080015ea   0x080015ea   0x00000002   Code   RO         2559    i.HAL_TIMEx_CommutCallback  stm32f4xx_hal_tim_ex.o
    0x080015ec   0x080015ec   0x00000090   Code   RO         2577    i.HAL_TIMEx_MasterConfigSynchronization  stm32f4xx_hal_tim_ex.o
    0x0800167c   0x0800167c   0x0000005a   Code   RO         1854    i.HAL_TIM_Base_Init  stm32f4xx_hal_tim.o
    0x080016d6   0x080016d6   0x00000002   PAD
    0x080016d8   0x080016d8   0x00000028   Code   RO          467    i.HAL_TIM_Base_MspInit  tim.o
    0x08001700   0x08001700   0x00000078   Code   RO         1857    i.HAL_TIM_Base_Start  stm32f4xx_hal_tim.o
    0x08001778   0x08001778   0x00000080   Code   RO         1859    i.HAL_TIM_Base_Start_IT  stm32f4xx_hal_tim.o
    0x080017f8   0x080017f8   0x00000002   Code   RO         1888    i.HAL_TIM_IC_CaptureCallback  stm32f4xx_hal_tim.o
    0x080017fa   0x080017fa   0x00000166   Code   RO         1902    i.HAL_TIM_IRQHandler  stm32f4xx_hal_tim.o
    0x08001960   0x08001960   0x00000002   Code   RO         1905    i.HAL_TIM_OC_DelayElapsedCallback  stm32f4xx_hal_tim.o
    0x08001962   0x08001962   0x00000002   Code   RO         1932    i.HAL_TIM_PWM_PulseFinishedCallback  stm32f4xx_hal_tim.o
    0x08001964   0x08001964   0x00000014   Code   RO          214    i.HAL_TIM_PeriodElapsedCallback  main.o
    0x08001978   0x08001978   0x00000002   Code   RO         1945    i.HAL_TIM_TriggerCallback  stm32f4xx_hal_tim.o
    0x0800197a   0x0800197a   0x00000002   Code   RO         2836    i.HAL_UARTEx_RxEventCallback  stm32f4xx_hal_uart.o
    0x0800197c   0x0800197c   0x00000002   Code   RO         2838    i.HAL_UART_AbortCpltCallback  stm32f4xx_hal_uart.o
    0x0800197e   0x0800197e   0x00000002   Code   RO         2840    i.HAL_UART_AbortReceiveCpltCallback  stm32f4xx_hal_uart.o
    0x08001980   0x08001980   0x00000002   Code   RO         2843    i.HAL_UART_AbortTransmitCpltCallback  stm32f4xx_hal_uart.o
    0x08001982   0x08001982   0x00000002   Code   RO         2850    i.HAL_UART_ErrorCallback  stm32f4xx_hal_uart.o
    0x08001984   0x08001984   0x0000000a   Code   RO         2852    i.HAL_UART_GetState  stm32f4xx_hal_uart.o
    0x0800198e   0x0800198e   0x00000002   PAD
    0x08001990   0x08001990   0x00000268   Code   RO         2853    i.HAL_UART_IRQHandler  stm32f4xx_hal_uart.o
    0x08001bf8   0x08001bf8   0x00000074   Code   RO         2854    i.HAL_UART_Init     stm32f4xx_hal_uart.o
    0x08001c6c   0x08001c6c   0x00000198   Code   RO          509    i.HAL_UART_MspInit  usart.o
    0x08001e04   0x08001e04   0x0000002a   Code   RO         2859    i.HAL_UART_Receive_IT  stm32f4xx_hal_uart.o
    0x08001e2e   0x08001e2e   0x0000008e   Code   RO         2860    i.HAL_UART_RegisterCallback  stm32f4xx_hal_uart.o
    0x08001ebc   0x08001ebc   0x00000058   Code   RO           13    i.HAL_UART_RxCpltCallback  uart.o
    0x08001f14   0x08001f14   0x00000002   Code   RO         2863    i.HAL_UART_RxHalfCpltCallback  stm32f4xx_hal_uart.o
    0x08001f16   0x08001f16   0x00000002   PAD
    0x08001f18   0x08001f18   0x000000b2   Code   RO         2864    i.HAL_UART_Transmit  stm32f4xx_hal_uart.o
    0x08001fca   0x08001fca   0x00000002   Code   RO         2867    i.HAL_UART_TxCpltCallback  stm32f4xx_hal_uart.o
    0x08001fcc   0x08001fcc   0x00000002   Code   RO         2868    i.HAL_UART_TxHalfCpltCallback  stm32f4xx_hal_uart.o
    0x08001fce   0x08001fce   0x00000002   Code   RO          569    i.HardFault_Handler  stm32f4xx_it.o
    0x08001fd0   0x08001fd0   0x0000000e   Code   RO         5495    i.IS_IRQ            port_1.o
    0x08001fde   0x08001fde   0x00000002   PAD
    0x08001fe0   0x08001fe0   0x0000003c   Code   RO          442    i.MX_DMA_Init       dma.o
    0x0800201c   0x0800201c   0x00000050   Code   RO          374    i.MX_FREERTOS_Init  freertos.o
    0x0800206c   0x0800206c   0x000000c8   Code   RO          350    i.MX_GPIO_Init      gpio.o
    0x08002134   0x08002134   0x00000044   Code   RO          468    i.MX_TIM7_Init      tim.o
    0x08002178   0x08002178   0x00000038   Code   RO          510    i.MX_USART1_UART_Init  usart.o
    0x080021b0   0x080021b0   0x00000038   Code   RO          511    i.MX_USART2_UART_Init  usart.o
    0x080021e8   0x080021e8   0x00000038   Code   RO          512    i.MX_USART3_UART_Init  usart.o
    0x08002220   0x08002220   0x00000002   Code   RO          570    i.MemManage_Handler  stm32f4xx_it.o
    0x08002222   0x08002222   0x00000006   Code   RO          571    i.NMI_Handler       stm32f4xx_it.o
    0x08002228   0x08002228   0x00000050   Code   RO         5462    i.Put_in_fifo       port_1.o
    0x08002278   0x08002278   0x00000040   Code   RO         5551    i.Slave_RxCpltCallback  portserial.o
    0x080022b8   0x080022b8   0x0000001a   Code   RO         4354    i.SysTick_Handler   cmsis_os2.o
    0x080022d2   0x080022d2   0x00000002   PAD
    0x080022d4   0x080022d4   0x00000094   Code   RO          215    i.SystemClock_Config  main.o
    0x08002368   0x08002368   0x00000010   Code   RO         3213    i.SystemInit        system_stm32f4xx.o
    0x08002378   0x08002378   0x0000000c   Code   RO          572    i.TIM6_DAC_IRQHandler  stm32f4xx_it.o
    0x08002384   0x08002384   0x000000c8   Code   RO         1947    i.TIM_Base_SetConfig  stm32f4xx_hal_tim.o
    0x0800244c   0x0800244c   0x0000000c   Code   RO         2871    i.UART_DMAAbortOnError  stm32f4xx_hal_uart.o
    0x08002458   0x08002458   0x0000004e   Code   RO         2881    i.UART_EndRxTransfer  stm32f4xx_hal_uart.o
    0x080024a6   0x080024a6   0x00000002   PAD
    0x080024a8   0x080024a8   0x0000004c   Code   RO         2883    i.UART_InitCallbacksToDefault  stm32f4xx_hal_uart.o
    0x080024f4   0x080024f4   0x000000c0   Code   RO         2884    i.UART_Receive_IT   stm32f4xx_hal_uart.o
    0x080025b4   0x080025b4   0x0000010c   Code   RO         2885    i.UART_SetConfig    stm32f4xx_hal_uart.o
    0x080026c0   0x080026c0   0x0000003a   Code   RO         2887    i.UART_Start_Receive_IT  stm32f4xx_hal_uart.o
    0x080026fa   0x080026fa   0x00000078   Code   RO         2888    i.UART_WaitOnFlagUntilTimeout  stm32f4xx_hal_uart.o
    0x08002772   0x08002772   0x00000002   PAD
    0x08002774   0x08002774   0x0000002c   Code   RO           14    i.USART1_IRQHandler  uart.o
    0x080027a0   0x080027a0   0x0000003c   Code   RO          573    i.USART2_IRQHandler  stm32f4xx_it.o
    0x080027dc   0x080027dc   0x0000003c   Code   RO          574    i.USART3_IRQHandler  stm32f4xx_it.o
    0x08002818   0x08002818   0x00000002   Code   RO          575    i.UsageFault_Handler  stm32f4xx_it.o
    0x0800281a   0x0800281a   0x00000002   PAD
    0x0800281c   0x0800281c   0x00000024   Code   RO         6310    i.__0vsprintf       mc_w.l(printfa.o)
    0x08002840   0x08002840   0x00000020   Code   RO         1477    i.__NVIC_SetPriority  stm32f4xx_hal_cortex.o
    0x08002860   0x08002860   0x0000000e   Code   RO         6372    i.__scatterload_copy  mc_w.l(handlers.o)
    0x0800286e   0x0800286e   0x00000002   Code   RO         6373    i.__scatterload_null  mc_w.l(handlers.o)
    0x08002870   0x08002870   0x0000000e   Code   RO         6374    i.__scatterload_zeroinit  mc_w.l(handlers.o)
    0x0800287e   0x0800287e   0x00000002   PAD
    0x08002880   0x08002880   0x00000184   Code   RO         6311    i._fp_digits        mc_w.l(printfa.o)
    0x08002a04   0x08002a04   0x000006b4   Code   RO         6312    i._printf_core      mc_w.l(printfa.o)
    0x080030b8   0x080030b8   0x00000024   Code   RO         6313    i._printf_post_padding  mc_w.l(printfa.o)
    0x080030dc   0x080030dc   0x0000002e   Code   RO         6314    i._printf_pre_padding  mc_w.l(printfa.o)
    0x0800310a   0x0800310a   0x0000000a   Code   RO         6316    i._sputc            mc_w.l(printfa.o)
    0x08003114   0x08003114   0x00000020   Code   RO         5335    i.eMBEnable         mb.o
    0x08003134   0x08003134   0x00000072   Code   RO         5033    i.eMBFuncReadCoils  mbfunccoils.o
    0x080031a6   0x080031a6   0x00000072   Code   RO         5072    i.eMBFuncReadDiscreteInputs  mbfuncdisc.o
    0x08003218   0x08003218   0x00000064   Code   RO         5096    i.eMBFuncReadHoldingRegister  mbfuncholding.o
    0x0800327c   0x0800327c   0x00000062   Code   RO         5138    i.eMBFuncReadInputRegister  mbfuncinput.o
    0x080032de   0x080032de   0x0000009c   Code   RO         5097    i.eMBFuncReadWriteMultipleHoldingRegister  mbfuncholding.o
    0x0800337a   0x0800337a   0x00000002   PAD
    0x0800337c   0x0800337c   0x00000024   Code   RO         5162    i.eMBFuncReportSlaveID  mbfuncother.o
    0x080033a0   0x080033a0   0x00000056   Code   RO         5034    i.eMBFuncWriteCoil  mbfunccoils.o
    0x080033f6   0x080033f6   0x00000032   Code   RO         5098    i.eMBFuncWriteHoldingRegister  mbfuncholding.o
    0x08003428   0x08003428   0x00000064   Code   RO         5035    i.eMBFuncWriteMultipleCoils  mbfunccoils.o
    0x0800348c   0x0800348c   0x0000004e   Code   RO         5099    i.eMBFuncWriteMultipleHoldingRegister  mbfuncholding.o
    0x080034da   0x080034da   0x00000002   PAD
    0x080034dc   0x080034dc   0x00000080   Code   RO         5336    i.eMBInit           mb.o
    0x0800355c   0x0800355c   0x000000b4   Code   RO         5337    i.eMBPoll           mb.o
    0x08003610   0x08003610   0x00000048   Code   RO         5257    i.eMBRTUInit        mbrtu.o
    0x08003658   0x08003658   0x0000004c   Code   RO         5258    i.eMBRTUReceive     mbrtu.o
    0x080036a4   0x080036a4   0x0000006c   Code   RO         5259    i.eMBRTUSend        mbrtu.o
    0x08003710   0x08003710   0x00000024   Code   RO         5260    i.eMBRTUStart       mbrtu.o
    0x08003734   0x08003734   0x0000001a   Code   RO         5261    i.eMBRTUStop        mbrtu.o
    0x0800374e   0x0800374e   0x00000002   PAD
    0x08003750   0x08003750   0x000000a0   Code   RO         5402    i.eMBRegCoilsCB     user_mb_app.o
    0x080037f0   0x080037f0   0x00000074   Code   RO         5403    i.eMBRegDiscreteCB  user_mb_app.o
    0x08003864   0x08003864   0x00000070   Code   RO         5404    i.eMBRegHoldingCB   user_mb_app.o
    0x080038d4   0x080038d4   0x0000004c   Code   RO         5405    i.eMBRegInputCB     user_mb_app.o
    0x08003920   0x08003920   0x0000000c   Code   RO           17    i.inHandlerMode     uart.o
    0x0800392c   0x0800392c   0x0000002e   Code   RO          216    i.main              main.o
    0x0800395a   0x0800395a   0x0000001a   Code   RO         4356    i.osDelay           cmsis_os2.o
    0x08003974   0x08003974   0x00000024   Code   RO         4370    i.osKernelInitialize  cmsis_os2.o
    0x08003998   0x08003998   0x00000038   Code   RO         4373    i.osKernelStart     cmsis_os2.o
    0x080039d0   0x080039d0   0x0000008a   Code   RO         4415    i.osThreadNew       cmsis_os2.o
    0x08003a5a   0x08003a5a   0x00000002   PAD
    0x08003a5c   0x08003a5c   0x00000024   Code   RO         4420    i.osThreadYield     cmsis_os2.o
    0x08003a80   0x08003a80   0x00000064   Code   RO           18    i.printk            uart.o
    0x08003ae4   0x08003ae4   0x0000005c   Code   RO         3818    i.prvAddCurrentTaskToDelayedList  tasks.o
    0x08003b40   0x08003b40   0x000000d0   Code   RO         3819    i.prvAddNewTaskToReadyList  tasks.o
    0x08003c10   0x08003c10   0x00000058   Code   RO         4183    i.prvCheckForValidListAndQueue  timers.o
    0x08003c68   0x08003c68   0x00000026   Code   RO         3415    i.prvCopyDataFromQueue  queue.o
    0x08003c8e   0x08003c8e   0x0000006c   Code   RO         3416    i.prvCopyDataToQueue  queue.o
    0x08003cfa   0x08003cfa   0x00000034   Code   RO         3820    i.prvDeleteTCB      tasks.o
    0x08003d2e   0x08003d2e   0x00000002   PAD
    0x08003d30   0x08003d30   0x0000004c   Code   RO         4861    i.prvHeapInit       heap_4.o
    0x08003d7c   0x08003d7c   0x00000060   Code   RO         3821    i.prvIdleTask       tasks.o
    0x08003ddc   0x08003ddc   0x00000022   Code   RO         3418    i.prvInitialiseNewQueue  queue.o
    0x08003dfe   0x08003dfe   0x00000002   PAD
    0x08003e00   0x08003e00   0x000000b0   Code   RO         3822    i.prvInitialiseNewTask  tasks.o
    0x08003eb0   0x08003eb0   0x0000004e   Code   RO         4184    i.prvInitialiseNewTimer  timers.o
    0x08003efe   0x08003efe   0x00000002   PAD
    0x08003f00   0x08003f00   0x0000004c   Code   RO         4862    i.prvInsertBlockIntoFreeList  heap_4.o
    0x08003f4c   0x08003f4c   0x00000038   Code   RO         4185    i.prvInsertTimerInActiveList  timers.o
    0x08003f84   0x08003f84   0x0000001c   Code   RO         3419    i.prvIsQueueEmpty   queue.o
    0x08003fa0   0x08003fa0   0x000000fc   Code   RO         4186    i.prvProcessReceivedCommands  timers.o
    0x0800409c   0x0800409c   0x000000c0   Code   RO         4187    i.prvProcessTimerOrBlockTask  timers.o
    0x0800415c   0x0800415c   0x00000020   Code   RO         3824    i.prvResetNextTaskUnblockTime  tasks.o
    0x0800417c   0x0800417c   0x00000028   Code   RO         4188    i.prvSampleTimeNow  timers.o
    0x080041a4   0x080041a4   0x0000006c   Code   RO         4189    i.prvSwitchTimerLists  timers.o
    0x08004210   0x08004210   0x00000028   Code   RO         4917    i.prvTaskExitError  port.o
    0x08004238   0x08004238   0x00000014   Code   RO         3256    i.prvTestWaitCondition  event_groups.o
    0x0800424c   0x0800424c   0x00000024   Code   RO         4190    i.prvTimerTask      timers.o
    0x08004270   0x08004270   0x0000006a   Code   RO         3420    i.prvUnlockQueue    queue.o
    0x080042da   0x080042da   0x00000018   Code   RO         5195    i.prveMBError2Exception  mbutils.o
    0x080042f2   0x080042f2   0x00000002   PAD
    0x080042f4   0x080042f4   0x000000dc   Code   RO         4863    i.pvPortMalloc      heap_4.o
    0x080043d0   0x080043d0   0x0000002c   Code   RO         4918    i.pxPortInitialiseStack  port.o
    0x080043fc   0x080043fc   0x00000028   Code   RO         5552    i.serial_soft_trans_irq  portserial.o
    0x08004424   0x08004424   0x00000020   Code   RO          375    i.start_blink       freertos.o
    0x08004444   0x08004444   0x00000006   Code   RO          378    i.start_slave_task  freertos.o
    0x0800444a   0x0800444a   0x00000002   PAD
    0x0800444c   0x0800444c   0x0000000c   Code   RO         5613    i.timer_timeout_ind  porttimer.o
    0x08004458   0x08004458   0x0000002c   Code   RO         5231    i.usMBCRC16         mbcrc.o
    0x08004484   0x08004484   0x00000026   Code   RO         3375    i.uxListRemove      list.o
    0x080044aa   0x080044aa   0x00000002   PAD
    0x080044ac   0x080044ac   0x00000018   Code   RO         3836    i.uxTaskResetEventItemValue  tasks.o
    0x080044c4   0x080044c4   0x00000014   Code   RO         4427    i.vApplicationGetIdleTaskMemory  cmsis_os2.o
    0x080044d8   0x080044d8   0x00000018   Code   RO         4428    i.vApplicationGetTimerTaskMemory  cmsis_os2.o
    0x080044f0   0x080044f0   0x00000004   Code   RO         3260    i.vEventGroupSetBitsCallback  event_groups.o
    0x080044f4   0x080044f4   0x00000016   Code   RO         3376    i.vListInitialise   list.o
    0x0800450a   0x0800450a   0x00000006   Code   RO         3377    i.vListInitialiseItem  list.o
    0x08004510   0x08004510   0x00000030   Code   RO         3378    i.vListInsert       list.o
    0x08004540   0x08004540   0x00000018   Code   RO         3379    i.vListInsertEnd    list.o
    0x08004558   0x08004558   0x000000b4   Code   RO         5554    i.vMBPortSerialEnable  portserial.o
    0x0800460c   0x0800460c   0x00000024   Code   RO         5614    i.vMBPortTimersDisable  porttimer.o
    0x08004630   0x08004630   0x00000034   Code   RO         5615    i.vMBPortTimersEnable  porttimer.o
    0x08004664   0x08004664   0x00000040   Code   RO         4920    i.vPortEnterCritical  port.o
    0x080046a4   0x080046a4   0x00000028   Code   RO         4921    i.vPortExitCritical  port.o
    0x080046cc   0x080046cc   0x00000064   Code   RO         4864    i.vPortFree         heap_4.o
    0x08004730   0x08004730   0x00000024   Code   RO         4922    i.vPortSetupTimerInterrupt  port.o
    0x08004754   0x08004754   0x00000054   Code   RO         4923    i.vPortValidateInterruptPriority  port.o
    0x080047a8   0x080047a8   0x00000028   Code   RO         3426    i.vQueueAddToRegistry  queue.o
    0x080047d0   0x080047d0   0x00000044   Code   RO         3430    i.vQueueWaitForMessageRestricted  queue.o
    0x08004814   0x08004814   0x0000004c   Code   RO         3837    i.vTaskDelay        tasks.o
    0x08004860   0x08004860   0x00000010   Code   RO         3842    i.vTaskInternalSetTimeOutState  tasks.o
    0x08004870   0x08004870   0x0000000c   Code   RO         3843    i.vTaskMissedYield  tasks.o
    0x0800487c   0x0800487c   0x00000030   Code   RO         3845    i.vTaskPlaceOnEventList  tasks.o
    0x080048ac   0x080048ac   0x00000038   Code   RO         3846    i.vTaskPlaceOnEventListRestricted  tasks.o
    0x080048e4   0x080048e4   0x00000050   Code   RO         3847    i.vTaskPlaceOnUnorderedEventList  tasks.o
    0x08004934   0x08004934   0x00000070   Code   RO         3850    i.vTaskRemoveFromUnorderedEventList  tasks.o
    0x080049a4   0x080049a4   0x00000088   Code   RO         3854    i.vTaskStartScheduler  tasks.o
    0x08004a2c   0x08004a2c   0x00000010   Code   RO         3856    i.vTaskSuspendAll   tasks.o
    0x08004a3c   0x08004a3c   0x00000064   Code   RO         3857    i.vTaskSwitchContext  tasks.o
    0x08004aa0   0x08004aa0   0x00000040   Code   RO         3262    i.xEventGroupClearBits  event_groups.o
    0x08004ae0   0x08004ae0   0x0000001c   Code   RO         3264    i.xEventGroupCreate  event_groups.o
    0x08004afc   0x08004afc   0x0000008c   Code   RO         3267    i.xEventGroupSetBits  event_groups.o
    0x08004b88   0x08004b88   0x00000010   Code   RO         3268    i.xEventGroupSetBitsFromISR  event_groups.o
    0x08004b98   0x08004b98   0x00000108   Code   RO         3270    i.xEventGroupWaitBits  event_groups.o
    0x08004ca0   0x08004ca0   0x00000034   Code   RO         5513    i.xMBPortEventGet   portevent.o
    0x08004cd4   0x08004cd4   0x00000070   Code   RO         5514    i.xMBPortEventInit  portevent.o
    0x08004d44   0x08004d44   0x00000050   Code   RO         5515    i.xMBPortEventPost  portevent.o
    0x08004d94   0x08004d94   0x00000014   Code   RO         5555    i.xMBPortSerialGetByte  portserial.o
    0x08004da8   0x08004da8   0x000001bc   Code   RO         5556    i.xMBPortSerialInit  portserial.o
    0x08004f64   0x08004f64   0x00000018   Code   RO         5557    i.xMBPortSerialPutByte  portserial.o
    0x08004f7c   0x08004f7c   0x00000040   Code   RO         5616    i.xMBPortTimersInit  porttimer.o
    0x08004fbc   0x08004fbc   0x00000060   Code   RO         5262    i.xMBRTUReceiveFSM  mbrtu.o
    0x0800501c   0x0800501c   0x00000028   Code   RO         5263    i.xMBRTUTimerT35Expired  mbrtu.o
    0x08005044   0x08005044   0x00000050   Code   RO         5264    i.xMBRTUTransmitFSM  mbrtu.o
    0x08005094   0x08005094   0x00000022   Code   RO         5196    i.xMBUtilGetBits    mbutils.o
    0x080050b6   0x080050b6   0x0000002a   Code   RO         5197    i.xMBUtilSetBits    mbutils.o
    0x080050e0   0x080050e0   0x000000f4   Code   RO         4924    i.xPortStartScheduler  port.o
    0x080051d4   0x080051d4   0x0000002c   Code   RO         4925    i.xPortSysTickHandler  port.o
    0x08005200   0x08005200   0x00000066   Code   RO         3436    i.xQueueGenericCreateStatic  queue.o
    0x08005266   0x08005266   0x00000002   PAD
    0x08005268   0x08005268   0x00000088   Code   RO         3437    i.xQueueGenericReset  queue.o
    0x080052f0   0x080052f0   0x00000160   Code   RO         3438    i.xQueueGenericSend  queue.o
    0x08005450   0x08005450   0x000000be   Code   RO         3439    i.xQueueGenericSendFromISR  queue.o
    0x0800550e   0x0800550e   0x00000002   PAD
    0x08005510   0x08005510   0x00000138   Code   RO         3448    i.xQueueReceive     queue.o
    0x08005648   0x08005648   0x00000074   Code   RO         3859    i.xTaskCheckForTimeOut  tasks.o
    0x080056bc   0x080056bc   0x0000005a   Code   RO         3860    i.xTaskCreate       tasks.o
    0x08005716   0x08005716   0x00000056   Code   RO         3861    i.xTaskCreateStatic  tasks.o
    0x0800576c   0x0800576c   0x0000001c   Code   RO         3865    i.xTaskGetSchedulerState  tasks.o
    0x08005788   0x08005788   0x0000000c   Code   RO         3866    i.xTaskGetTickCount  tasks.o
    0x08005794   0x08005794   0x00000010   Code   RO         3867    i.xTaskGetTickCountFromISR  tasks.o
    0x080057a4   0x080057a4   0x000000c8   Code   RO         3868    i.xTaskIncrementTick  tasks.o
    0x0800586c   0x0800586c   0x00000080   Code   RO         3871    i.xTaskPriorityDisinherit  tasks.o
    0x080058ec   0x080058ec   0x00000070   Code   RO         3873    i.xTaskRemoveFromEventList  tasks.o
    0x0800595c   0x0800595c   0x000000c4   Code   RO         3874    i.xTaskResumeAll    tasks.o
    0x08005a20   0x08005a20   0x00000034   Code   RO         4197    i.xTimerCreate      timers.o
    0x08005a54   0x08005a54   0x00000060   Code   RO         4199    i.xTimerCreateTimerTask  timers.o
    0x08005ab4   0x08005ab4   0x00000068   Code   RO         4200    i.xTimerGenericCommand  timers.o
    0x08005b1c   0x08005b1c   0x00000028   Code   RO         4206    i.xTimerPendFunctionCallFromISR  timers.o
    0x08005b44   0x08005b44   0x0000005c   Data   RO          381    .constdata          freertos.o
    0x08005ba0   0x08005ba0   0x00000008   Data   RO         1194    .constdata          stm32f4xx_hal_dma.o
    0x08005ba8   0x08005ba8   0x00000010   Data   RO         3214    .constdata          system_stm32f4xx.o
    0x08005bb8   0x08005bb8   0x00000008   Data   RO         3215    .constdata          system_stm32f4xx.o
    0x08005bc0   0x08005bc0   0x00000200   Data   RO         5232    .constdata          mbcrc.o
    0x08005dc0   0x08005dc0   0x00000016   Data   RO          385    .conststring        freertos.o
    0x08005dd6   0x08005dd6   0x00000002   PAD
    0x08005dd8   0x08005dd8   0x00000020   Data   RO         6370    Region$$Table       anon$$obj.o


    Execution Region RW_IRAM1 (Exec base: 0x20000000, Load base: 0x08005df8, Size: 0x00005590, Max: 0x0001c000, ABSOLUTE, COMPRESSED[0x0000004c])

    Exec Addr    Load Addr    Size         Type   Attr      Idx    E Section Name        Object

    0x20000000   COMPRESSED   0x00000004   Data   RW           20    .data               uart.o
    0x20000004   COMPRESSED   0x00000008   Data   RW          389    .data               freertos.o
    0x2000000c   COMPRESSED   0x0000000c   Data   RW         1621    .data               stm32f4xx_hal.o
    0x20000018   COMPRESSED   0x00000004   Data   RW         3216    .data               system_stm32f4xx.o
    0x2000001c   COMPRESSED   0x0000003c   Data   RW         3877    .data               tasks.o
    0x20000058   COMPRESSED   0x00000014   Data   RW         4208    .data               timers.o
    0x2000006c   COMPRESSED   0x00000004   Data   RW         4430    .data               cmsis_os2.o
    0x20000070   COMPRESSED   0x00000020   Data   RW         4870    .data               heap_4.o
    0x20000090   COMPRESSED   0x0000000c   Data   RW         4926    .data               port.o
    0x2000009c   COMPRESSED   0x00000002   Data   RW         5165    .data               mbfuncother.o
    0x2000009e   COMPRESSED   0x00000002   PAD
    0x200000a0   COMPRESSED   0x0000000c   Data   RW         5266    .data               mbrtu.o
    0x200000ac   COMPRESSED   0x000000ac   Data   RW         5339    .data               mb.o
    0x20000158   COMPRESSED   0x00000018   Data   RW         5407    .data               user_mb_app.o
    0x20000170   COMPRESSED   0x00000004   Data   RW         5516    .data               portevent.o
    0x20000174   COMPRESSED   0x00000014   Data   RW         5559    .data               portserial.o
    0x20000188   COMPRESSED   0x00000004   Data   RW         5617    .data               porttimer.o
    0x2000018c        -       0x000000c8   Zero   RW           19    .bss                uart.o
    0x20000254        -       0x00000048   Zero   RW          469    .bss                tim.o
    0x2000029c        -       0x0000021c   Zero   RW          513    .bss                usart.o
    0x200004b8        -       0x00000048   Zero   RW          684    .bss                stm32f4xx_hal_timebase_tim.o
    0x20000500        -       0x00000040   Zero   RW         3452    .bss                queue.o
    0x20000540        -       0x000004c4   Zero   RW         3876    .bss                tasks.o
    0x20000a04        -       0x00000118   Zero   RW         4207    .bss                timers.o
    0x20000b1c        -       0x000006b8   Zero   RW         4429    .bss                cmsis_os2.o
    0x200011d4        -       0x00003c00   Zero   RW         4869    .bss                heap_4.o
    0x20004dd4        -       0x00000020   Zero   RW         5164    .bss                mbfuncother.o
    0x20004df4        -       0x00000100   Zero   RW         5265    .bss                mbrtu.o
    0x20004ef4        -       0x00000190   Zero   RW         5406    .bss                user_mb_app.o
    0x20005084        -       0x00000109   Zero   RW         5558    .bss                portserial.o
    0x2000518d   COMPRESSED   0x00000003   PAD
    0x20005190        -       0x00000400   Zero   RW            1    STACK               startup_stm32f407xx.o


    Execution Region RW_IRAM2 (Exec base: 0x2001c000, Load base: 0x08005e44, Size: 0x00000000, Max: 0x00004000, ABSOLUTE)

    **** No section assigned to this execution region ****


==============================================================================

Image component sizes


      Code (inc. data)   RO Data    RW Data    ZI Data      Debug   Object Name

       362         26          0          4       1720      59023   cmsis_os2.o
        60          4          0          0          0        754   dma.o
       536          8          0          0          0      27447   event_groups.o
       118         28        114          8          0       2611   freertos.o
       200         14          0          0          0       1015   gpio.o
       472         24          0         32      15360       4779   heap_4.o
       138          0          0          0          0       3462   list.o
       218         14          0          0          0      27266   main.o
       340         42          0        172          0       4803   mb.o
         0          0          0          0          0        560   mbascii.o
        44          4        512          0          0       1208   mbcrc.o
       300          0          0          0          0       3762   mbfunccoils.o
       114          0          0          0          0       1564   mbfuncdisc.o
       384          0          0          0          0       5179   mbfuncholding.o
        98          0          0          0          0       1559   mbfuncinput.o
        36         10          0          2         32       1363   mbfuncother.o
       534         42          0         12        256       6371   mbrtu.o
       100          0          0          0          0       2614   mbutils.o
       786         82          0         12          0      11337   port.o
       182          0          0          0          0       3580   port_1.o
       244        118          0          4          0       2352   portevent.o
       772        342          0         20        265       4908   portserial.o
       164         38          0          4          0       2689   porttimer.o
      1514         20          0          0         64      17204   queue.o
        36          8        392          0       1024        820   startup_stm32f407xx.o
        80         14          0         12          0       7994   stm32f4xx_hal.o
       158         14          0          0          0      33086   stm32f4xx_hal_cortex.o
       934         16          8          0          0       5519   stm32f4xx_hal_dma.o
       522         46          0          0          0       2781   stm32f4xx_hal_gpio.o
        56          4          0          0          0        890   stm32f4xx_hal_msp.o
      1450         90          0          0          0       7404   stm32f4xx_hal_rcc.o
       904        102          0          0          0       7370   stm32f4xx_hal_tim.o
       148         28          0          0          0       2401   stm32f4xx_hal_tim_ex.o
       152         20          0          0         72       1439   stm32f4xx_hal_timebase_tim.o
      1924         70          0          0          0      16020   stm32f4xx_hal_uart.o
       172         26          0          0          0       5739   stm32f4xx_it.o
         0          0          0          0          0        392   stream_buffer.o
        16          4         24          4          0       1087   system_stm32f4xx.o
      2316        190          0         60       1220      29664   tasks.o
       108         20          0          0         72       1506   tim.o
      1142         86          0         20        280      32110   timers.o
       244         28          0          4        200     709149   uart.o
       576         56          0          0        540       3254   usart.o
       464         28          0         24        400       6010   user_mb_app.o

    ----------------------------------------------------------------------
     19168       1666       1084        396      21508    1072045   Object Totals
         0          0         32          0          0          0   (incl. Generated)
        50          0          2          2          3          0   (incl. Padding)

    ----------------------------------------------------------------------

      Code (inc. data)   RO Data    RW Data    ZI Data      Debug   Library Member Name

        86          0          0          0          0          0   __dczerorl2.o
         0          0          0          0          0          0   entry.o
         0          0          0          0          0          0   entry10a.o
         0          0          0          0          0          0   entry11a.o
         4          0          0          0          0          0   entry12b.o
         8          4          0          0          0          0   entry2.o
         4          0          0          0          0          0   entry5.o
         0          0          0          0          0          0   entry7b.o
         0          0          0          0          0          0   entry8b.o
         8          4          0          0          0          0   entry9a.o
        30          0          0          0          0          0   handlers.o
        36          8          0          0          0         68   init.o
         0          0          0          0          0          0   iusefp.o
        30          0          0          0          0         68   llshl.o
        36          0          0          0          0         68   llsshr.o
        32          0          0          0          0         68   llushr.o
        36          0          0          0          0         68   memcpya.o
        36          0          0          0          0        108   memseta.o
      2232         86          0          0          0        528   printfa.o
        14          0          0          0          0         68   strlen.o
        44          0          0          0          0         80   uidiv.o
        98          0          0          0          0         92   uldiv.o
        48          0          0          0          0         68   cdrcmple.o
       334          0          0          0          0        148   dadd.o
       222          0          0          0          0        100   ddiv.o
       186          0          0          0          0        176   depilogue.o
        48          0          0          0          0         68   dfixul.o
       228          0          0          0          0         96   dmul.o

    ----------------------------------------------------------------------
      3804        102          0          0          0       1872   Library Totals
         4          0          0          0          0          0   (incl. Padding)

    ----------------------------------------------------------------------

      Code (inc. data)   RO Data    RW Data    ZI Data      Debug   Library Name

      2734        102          0          0          0       1216   mc_w.l
      1066          0          0          0          0        656   mf_w.l

    ----------------------------------------------------------------------
      3804        102          0          0          0       1872   Library Totals

    ----------------------------------------------------------------------

==============================================================================


      Code (inc. data)   RO Data    RW Data    ZI Data      Debug   

     22972       1768       1084        396      21508    1051865   Grand Totals
     22972       1768       1084         76      21508    1051865   ELF Image Totals (compressed)
     22972       1768       1084         76          0          0   ROM Totals

==============================================================================

    Total RO  Size (Code + RO Data)                24056 (  23.49kB)
    Total RW  Size (RW Data + ZI Data)             21904 (  21.39kB)
    Total ROM Size (Code + RO Data + RW Data)      24132 (  23.57kB)

==============================================================================

